Archive member included to satisfy reference by file (symbol)

../../../../../../../Middlewares/ST/STM32_MotionFX_Library/Lib\MotionFX_CM4F_wc32_ot_hard.a(motion_fx.o)
                              ./Application/User/motion_fx_manager.o (MotionFX_GetStateSize)
C:/ST/STM32CubeIDE_2.1.1/STM32CubeIDE/plugins/com.st.stm32cube.ide.mcu.externaltools.gnu-tools-for-stm32.14.3.rel1.win32_1.0.100.202602081740/tools/bin/../lib/gcc/arm-none-eabi/14.3.1/../../../../arm-none-eabi/lib/thumb/v7e-m+fp/hard\libc_nano.a(libc_a-exit.o)
                              C:/ST/STM32CubeIDE_2.1.1/STM32CubeIDE/plugins/com.st.stm32cube.ide.mcu.externaltools.gnu-tools-for-stm32.14.3.rel1.win32_1.0.100.202602081740/tools/bin/../lib/gcc/arm-none-eabi/14.3.1/../../../../arm-none-eabi/lib/thumb/v7e-m+fp/hard/crt0.o (exit)
C:/ST/STM32CubeIDE_2.1.1/STM32CubeIDE/plugins/com.st.stm32cube.ide.mcu.externaltools.gnu-tools-for-stm32.14.3.rel1.win32_1.0.100.202602081740/tools/bin/../lib/gcc/arm-none-eabi/14.3.1/../../../../arm-none-eabi/lib/thumb/v7e-m+fp/hard\libc_nano.a(libc_a-findfp.o)
                              C:/ST/STM32CubeIDE_2.1.1/STM32CubeIDE/plugins/com.st.stm32cube.ide.mcu.externaltools.gnu-tools-for-stm32.14.3.rel1.win32_1.0.100.202602081740/tools/bin/../lib/gcc/arm-none-eabi/14.3.1/../../../../arm-none-eabi/lib/thumb/v7e-m+fp/hard\libc_nano.a(libc_a-exit.o) (__stdio_exit_handler)
C:/ST/STM32CubeIDE_2.1.1/STM32CubeIDE/plugins/com.st.stm32cube.ide.mcu.externaltools.gnu-tools-for-stm32.14.3.rel1.win32_1.0.100.202602081740/tools/bin/../lib/gcc/arm-none-eabi/14.3.1/../../../../arm-none-eabi/lib/thumb/v7e-m+fp/hard\libc_nano.a(libc_a-fwalk.o)
                              C:/ST/STM32CubeIDE_2.1.1/STM32CubeIDE/plugins/com.st.stm32cube.ide.mcu.externaltools.gnu-tools-for-stm32.14.3.rel1.win32_1.0.100.202602081740/tools/bin/../lib/gcc/arm-none-eabi/14.3.1/../../../../arm-none-eabi/lib/thumb/v7e-m+fp/hard\libc_nano.a(libc_a-findfp.o) (_fwalk_sglue)
C:/ST/STM32CubeIDE_2.1.1/STM32CubeIDE/plugins/com.st.stm32cube.ide.mcu.externaltools.gnu-tools-for-stm32.14.3.rel1.win32_1.0.100.202602081740/tools/bin/../lib/gcc/arm-none-eabi/14.3.1/../../../../arm-none-eabi/lib/thumb/v7e-m+fp/hard\libc_nano.a(libc_a-printf.o)
                              ./Application/User/app_mems.o (printf)
C:/ST/STM32CubeIDE_2.1.1/STM32CubeIDE/plugins/com.st.stm32cube.ide.mcu.externaltools.gnu-tools-for-stm32.14.3.rel1.win32_1.0.100.202602081740/tools/bin/../lib/gcc/arm-none-eabi/14.3.1/../../../../arm-none-eabi/lib/thumb/v7e-m+fp/hard\libc_nano.a(libc_a-putchar.o)
                              ./Application/User/app_mems.o (putchar)
C:/ST/STM32CubeIDE_2.1.1/STM32CubeIDE/plugins/com.st.stm32cube.ide.mcu.externaltools.gnu-tools-for-stm32.14.3.rel1.win32_1.0.100.202602081740/tools/bin/../lib/gcc/arm-none-eabi/14.3.1/../../../../arm-none-eabi/lib/thumb/v7e-m+fp/hard\libc_nano.a(libc_a-puts.o)
                              ./Application/User/app_mems.o (puts)
C:/ST/STM32CubeIDE_2.1.1/STM32CubeIDE/plugins/com.st.stm32cube.ide.mcu.externaltools.gnu-tools-for-stm32.14.3.rel1.win32_1.0.100.202602081740/tools/bin/../lib/gcc/arm-none-eabi/14.3.1/../../../../arm-none-eabi/lib/thumb/v7e-m+fp/hard\libc_nano.a(libc_a-snprintf.o)
                              ./Application/User/demo_serial.o (snprintf)
C:/ST/STM32CubeIDE_2.1.1/STM32CubeIDE/plugins/com.st.stm32cube.ide.mcu.externaltools.gnu-tools-for-stm32.14.3.rel1.win32_1.0.100.202602081740/tools/bin/../lib/gcc/arm-none-eabi/14.3.1/../../../../arm-none-eabi/lib/thumb/v7e-m+fp/hard\libc_nano.a(libc_a-stdio.o)
                              C:/ST/STM32CubeIDE_2.1.1/STM32CubeIDE/plugins/com.st.stm32cube.ide.mcu.externaltools.gnu-tools-for-stm32.14.3.rel1.win32_1.0.100.202602081740/tools/bin/../lib/gcc/arm-none-eabi/14.3.1/../../../../arm-none-eabi/lib/thumb/v7e-m+fp/hard\libc_nano.a(libc_a-findfp.o) (__sread)
C:/ST/STM32CubeIDE_2.1.1/STM32CubeIDE/plugins/com.st.stm32cube.ide.mcu.externaltools.gnu-tools-for-stm32.14.3.rel1.win32_1.0.100.202602081740/tools/bin/../lib/gcc/arm-none-eabi/14.3.1/../../../../arm-none-eabi/lib/thumb/v7e-m+fp/hard\libc_nano.a(libc_a-wbuf.o)
                              C:/ST/STM32CubeIDE_2.1.1/STM32CubeIDE/plugins/com.st.stm32cube.ide.mcu.externaltools.gnu-tools-for-stm32.14.3.rel1.win32_1.0.100.202602081740/tools/bin/../lib/gcc/arm-none-eabi/14.3.1/../../../../arm-none-eabi/lib/thumb/v7e-m+fp/hard\libc_nano.a(libc_a-puts.o) (__swbuf_r)
C:/ST/STM32CubeIDE_2.1.1/STM32CubeIDE/plugins/com.st.stm32cube.ide.mcu.externaltools.gnu-tools-for-stm32.14.3.rel1.win32_1.0.100.202602081740/tools/bin/../lib/gcc/arm-none-eabi/14.3.1/../../../../arm-none-eabi/lib/thumb/v7e-m+fp/hard\libc_nano.a(libc_a-wsetup.o)
                              C:/ST/STM32CubeIDE_2.1.1/STM32CubeIDE/plugins/com.st.stm32cube.ide.mcu.externaltools.gnu-tools-for-stm32.14.3.rel1.win32_1.0.100.202602081740/tools/bin/../lib/gcc/arm-none-eabi/14.3.1/../../../../arm-none-eabi/lib/thumb/v7e-m+fp/hard\libc_nano.a(libc_a-puts.o) (__swsetup_r)
[...]
Memory Configuration

Name             Origin             Length             Attributes
RAM              0x20000000         0x00018000         xrw
FLASH            0x08000000         0x00080000         xr
*default*        0x00000000         0xffffffff

Linker script and memory map

LOAD C:/ST/STM32CubeIDE_2.1.1/STM32CubeIDE/plugins/com.st.stm32cube.ide.mcu.externaltools.gnu-tools-for-stm32.14.3.rel1.win32_1.0.100.202602081740/tools/bin/../lib/gcc/arm-none-eabi/14.3.1/thumb/v7e-m+fp/hard/crti.o
LOAD C:/ST/STM32CubeIDE_2.1.1/STM32CubeIDE/plugins/com.st.stm32cube.ide.mcu.externaltools.gnu-tools-for-stm32.14.3.rel1.win32_1.0.100.202602081740/tools/bin/../lib/gcc/arm-none-eabi/14.3.1/thumb/v7e-m+fp/hard/crtbegin.o
LOAD C:/ST/STM32CubeIDE_2.1.1/STM32CubeIDE/plugins/com.st.stm32cube.ide.mcu.externaltools.gnu-tools-for-stm32.14.3.rel1.win32_1.0.100.202602081740/tools/bin/../lib/gcc/arm-none-eabi/14.3.1/../../../../arm-none-eabi/lib/thumb/v7e-m+fp/hard/crt0.o
LOAD ./Application/Startup/startup_stm32f401retx.o
LOAD ./Application/User/app_mems.o
LOAD ./Application/User/com.o
LOAD ./Application/User/demo_serial.o
LOAD ./Application/User/iks5a1_mems_control.o
LOAD ./Application/User/iks5a1_mems_control_ex.o
LOAD ./Application/User/main.o
LOAD ./Application/User/motion_fx_manager.o
LOAD ./Application/User/serial_protocol.o
LOAD ./Application/User/stm32f4xx_hal_msp.o
LOAD ./Application/User/stm32f4xx_it.o
LOAD ./Application/User/stm32f4xx_nucleo.o
LOAD ./Application/User/stm32f4xx_nucleo_bus.o
LOAD ./Application/User/syscalls.o
LOAD ./Application/User/sysmem.o
LOAD ./Drivers/BSP/Components/iis2dulpx.o
LOAD ./Drivers/BSP/Components/iis2dulpx_reg.o
LOAD ./Drivers/BSP/Components/iis2mdc.o
LOAD ./Drivers/BSP/Components/iis2mdc_reg.o
LOAD ./Drivers/BSP/Components/ilps22qs.o
LOAD ./Drivers/BSP/Components/ilps22qs_reg.o
LOAD ./Drivers/BSP/Components/ism330is.o
LOAD ./Drivers/BSP/Components/ism330is_reg.o
LOAD ./Drivers/BSP/Components/ism6hg256x.o
LOAD ./Drivers/BSP/Components/ism6hg256x_reg.o
LOAD ./Drivers/BSP/IKS5A1/iks5a1_env_sensors.o
LOAD ./Drivers/BSP/IKS5A1/iks5a1_env_sensors_ex.o
LOAD ./Drivers/BSP/IKS5A1/iks5a1_motion_sensors.o
LOAD ./Drivers/BSP/IKS5A1/iks5a1_motion_sensors_ex.o
LOAD ./Drivers/CMSIS/system_stm32f4xx.o
LOAD ./Drivers/STM32F4xx_HAL_Driver/stm32f4xx_hal.o
LOAD ./Drivers/STM32F4xx_HAL_Driver/stm32f4xx_hal_cortex.o
LOAD ./Drivers/STM32F4xx_HAL_Driver/stm32f4xx_hal_crc.o
LOAD ./Drivers/STM32F4xx_HAL_Driver/stm32f4xx_hal_dma.o
LOAD ./Drivers/STM32F4xx_HAL_Driver/stm32f4xx_hal_dma_ex.o
LOAD ./Drivers/STM32F4xx_HAL_Driver/stm32f4xx_hal_exti.o
LOAD ./Drivers/STM32F4xx_HAL_Driver/stm32f4xx_hal_flash.o
LOAD ./Drivers/STM32F4xx_HAL_Driver/stm32f4xx_hal_flash_ex.o
LOAD ./Drivers/STM32F4xx_HAL_Driver/stm32f4xx_hal_flash_ramfunc.o
LOAD ./Drivers/STM32F4xx_HAL_Driver/stm32f4xx_hal_gpio.o
LOAD ./Drivers/STM32F4xx_HAL_Driver/stm32f4xx_hal_i2c.o
LOAD ./Drivers/STM32F4xx_HAL_Driver/stm32f4xx_hal_i2c_ex.o
LOAD ./Drivers/STM32F4xx_HAL_Driver/stm32f4xx_hal_pwr.o
LOAD ./Drivers/STM32F4xx_HAL_Driver/stm32f4xx_hal_pwr_ex.o
LOAD ./Drivers/STM32F4xx_HAL_Driver/stm32f4xx_hal_rcc.o
LOAD ./Drivers/STM32F4xx_HAL_Driver/stm32f4xx_hal_rcc_ex.o
LOAD ./Drivers/STM32F4xx_HAL_Driver/stm32f4xx_hal_rtc.o
LOAD ./Drivers/STM32F4xx_HAL_Driver/stm32f4xx_hal_rtc_ex.o
LOAD ./Drivers/STM32F4xx_HAL_Driver/stm32f4xx_hal_tim.o
LOAD ./Drivers/STM32F4xx_HAL_Driver/stm32f4xx_hal_tim_ex.o
LOAD ./Drivers/STM32F4xx_HAL_Driver/stm32f4xx_hal_uart.o
LOAD ../../../../../../../Middlewares/ST/STM32_MotionFX_Library/Lib\MotionFX_CM4F_wc32_ot_hard.a
START GROUP
LOAD C:/ST/STM32CubeIDE_2.1.1/STM32CubeIDE/plugins/com.st.stm32cube.ide.mcu.externaltools.gnu-tools-for-stm32.14.3.rel1.win32_1.0.100.202602081740/tools/bin/../lib/gcc/arm-none-eabi/14.3.1/../../../../arm-none-eabi/lib/thumb/v7e-m+fp/hard\libc_nano.a
LOAD C:/ST/STM32CubeIDE_2.1.1/STM32CubeIDE/plugins/com.st.stm32cube.ide.mcu.externaltools.gnu-tools-for-stm32.14.3.rel1.win32_1.0.100.202602081740/tools/bin/../lib/gcc/arm-none-eabi/14.3.1/../../../../arm-none-eabi/lib/thumb/v7e-m+fp/hard\libm.a
END GROUP
START GROUP
LOAD C:/ST/STM32CubeIDE_2.1.1/STM32CubeIDE/plugins/com.st.stm32cube.ide.mcu.externaltools.gnu-tools-for-stm32.14.3.rel1.win32_1.0.100.202602081740/tools/bin/../lib/gcc/arm-none-eabi/14.3.1/thumb/v7e-m+fp/hard\libgcc.a
LOAD C:/ST/STM32CubeIDE_2.1.1/STM32CubeIDE/plugins/com.st.stm32cube.ide.mcu.externaltools.gnu-tools-for-stm32.14.3.rel1.win32_1.0.100.202602081740/tools/bin/../lib/gcc/arm-none-eabi/14.3.1/../../../../arm-none-eabi/lib/thumb/v7e-m+fp/hard\libc_nano.a
END GROUP
START GROUP
LOAD C:/ST/STM32CubeIDE_2.1.1/STM32CubeIDE/plugins/com.st.stm32cube.ide.mcu.externaltools.gnu-tools-for-stm32.14.3.rel1.win32_1.0.100.202602081740/tools/bin/../lib/gcc/arm-none-eabi/14.3.1/thumb/v7e-m+fp/hard\libgcc.a
LOAD C:/ST/STM32CubeIDE_2.1.1/STM32CubeIDE/plugins/com.st.stm32cube.ide.mcu.externaltools.gnu-tools-for-stm32.14.3.rel1.win32_1.0.100.202602081740/tools/bin/../lib/gcc/arm-none-eabi/14.3.1/../../../../arm-none-eabi/lib/thumb/v7e-m+fp/hard\libc_nano.a
LOAD C:/ST/STM32CubeIDE_2.1.1/STM32CubeIDE/plugins/com.st.stm32cube.ide.mcu.externaltools.gnu-tools-for-stm32.14.3.rel1.win32_1.0.100.202602081740/tools/bin/../lib/gcc/arm-none-eabi/14.3.1/../../../../arm-none-eabi/lib/thumb/v7e-m+fp/hard\libnosys.a
END GROUP
START GROUP
LOAD C:/ST/STM32CubeIDE_2.1.1/STM32CubeIDE/plugins/com.st.stm32cube.ide.mcu.externaltools.gnu-tools-for-stm32.14.3.rel1.win32_1.0.100.202602081740/tools/bin/../lib/gcc/arm-none-eabi/14.3.1/thumb/v7e-m+fp/hard\libgcc.a
LOAD C:/ST/STM32CubeIDE_2.1.1/STM32CubeIDE/plugins/com.st.stm32cube.ide.mcu.externaltools.gnu-tools-for-stm32.14.3.rel1.win32_1.0.100.202602081740/tools/bin/../lib/gcc/arm-none-eabi/14.3.1/../../../../arm-none-eabi/lib/thumb/v7e-m+fp/hard\libc_nano.a
LOAD C:/ST/STM32CubeIDE_2.1.1/STM32CubeIDE/plugins/com.st.stm32cube.ide.mcu.externaltools.gnu-tools-for-stm32.14.3.rel1.win32_1.0.100.202602081740/tools/bin/../lib/gcc/arm-none-eabi/14.3.1/../../../../arm-none-eabi/lib/thumb/v7e-m+fp/hard\libnosys.a
END GROUP
LOAD C:/ST/STM32CubeIDE_2.1.1/STM32CubeIDE/plugins/com.st.stm32cube.ide.mcu.externaltools.gnu-tools-for-stm32.14.3.rel1.win32_1.0.100.202602081740/tools/bin/../lib/gcc/arm-none-eabi/14.3.1/thumb/v7e-m+fp/hard/crtend.o
LOAD C:/ST/STM32CubeIDE_2.1.1/STM32CubeIDE/plugins/com.st.stm32cube.ide.mcu.externaltools.gnu-tools-for-stm32.14.3.rel1.win32_1.0.100.202602081740/tools/bin/../lib/gcc/arm-none-eabi/14.3.1/thumb/v7e-m+fp/hard/crtn.o
                0x20018000                        _estack = (ORIGIN (RAM) + LENGTH (RAM))
                0x00000200                        _Min_Heap_Size = 0x200
                0x00008000                        _Min_Stack_Size = 0x8000

.isr_vector     0x08000000      0x194
                0x08000000                        . = ALIGN (0x4)
 *(.isr_vector)
 .isr_vector    0x08000000      0x194 ./Application/Startup/startup_stm32f401retx.o
                0x08000000                g_pfnVectors
                0x08000194                        . = ALIGN (0x4)

.text           0x080001a0    0x1cf64
                0x080001a0                        . = ALIGN (0x4)
 *(.text)
 .text          0x080001a0       0x40 C:/ST/STM32CubeIDE_2.1.1/STM32CubeIDE/plugins/com.st.stm32cube.ide.mcu.externaltools.gnu-tools-for-stm32.14.3.rel1.win32_1.0.100.202602081740/tools/bin/../lib/gcc/arm-none-eabi/14.3.1/thumb/v7e-m+fp/hard/crtbegin.o
 .text          0x080001e0       0xa0 C:/ST/STM32CubeIDE_2.1.1/STM32CubeIDE/plugins/com.st.stm32cube.ide.mcu.externaltools.gnu-tools-for-stm32.14.3.rel1.win32_1.0.100.202602081740/tools/bin/../lib/gcc/arm-none-eabi/14.3.1/../../../../arm-none-eabi/lib/thumb/v7e-m+fp/hard\libc_nano.a(libc_a-memchr.o)
                0x080001e0                memchr
 .text          0x08000280      0x378 C:/ST/STM32CubeIDE_2.1.1/STM32CubeIDE/plugins/com.st.stm32cube.ide.mcu.externaltools.gnu-tools-for-stm32.14.3.rel1.win32_1.0.100.202602081740/tools/bin/../lib/gcc/arm-none-eabi/14.3.1/thumb/v7e-m+fp/hard\libgcc.a(_arm_addsubdf3.o)
                0x08000280                __aeabi_drsub
                0x08000288                __aeabi_dsub
                0x08000288                __subdf3
                0x0800028c                __aeabi_dadd
                0x0800028c                __adddf3
                0x08000504                __floatunsidf
                0x08000504                __aeabi_ui2d
                0x08000524                __floatsidf
                0x08000524                __aeabi_i2d
                0x08000548                __aeabi_f2d
                0x08000548                __extendsfdf2
                0x0800058c                __floatundidf
                0x0800058c                __aeabi_ul2d
                0x0800059c                __floatdidf
                0x0800059c                __aeabi_l2d
 .text          0x080005f8      0x424 C:/ST/STM32CubeIDE_2.1.1/STM32CubeIDE/plugins/com.st.stm32cube.ide.mcu.externaltools.gnu-tools-for-stm32.14.3.rel1.win32_1.0.100.202602081740/tools/bin/../lib/gcc/arm-none-eabi/14.3.1/thumb/v7e-m+fp/hard\libgcc.a(_arm_muldivdf3.o)
                0x080005f8                __aeabi_dmul
                0x080005f8                __muldf3
                0x0800084c                __divdf3
                0x0800084c                __aeabi_ddiv
 .text          0x08000a1c      0x110 C:/ST/STM32CubeIDE_2.1.1/STM32CubeIDE/plugins/com.st.stm32cube.ide.mcu.externaltools.gnu-tools-for-stm32.14.3.rel1.win32_1.0.100.202602081740/tools/bin/../lib/gcc/arm-none-eabi/14.3.1/thumb/v7e-m+fp/hard\libgcc.a(_arm_cmpdf2.o)
                0x08000a1c                __gtdf2
                0x08000a1c                __gedf2
                0x08000a24                __ltdf2
                0x08000a24                __ledf2
                0x08000a2c                __nedf2
                0x08000a2c                __eqdf2
                0x08000a2c                __cmpdf2
                0x08000aa8                __aeabi_cdrcmple
                0x08000ab8                __aeabi_cdcmpeq
                0x08000ab8                __aeabi_cdcmple
                0x08000ac8                __aeabi_dcmpeq
                0x08000adc                __aeabi_dcmplt
                0x08000af0                __aeabi_dcmple
                0x08000b04                __aeabi_dcmpge
                0x08000b18                __aeabi_dcmpgt
 .text          0x08000b2c       0x2c C:/ST/STM32CubeIDE_2.1.1/STM32CubeIDE/plugins/com.st.stm32cube.ide.mcu.externaltools.gnu-tools-for-stm32.14.3.rel1.win32_1.0.100.202602081740/tools/bin/../lib/gcc/arm-none-eabi/14.3.1/thumb/v7e-m+fp/hard\libgcc.a(_arm_unorddf2.o)
                0x08000b2c                __unorddf2
                0x08000b2c                __aeabi_dcmpun
 .text          0x08000b58       0xa0 C:/ST/STM32CubeIDE_2.1.1/STM32CubeIDE/plugins/com.st.stm32cube.ide.mcu.externaltools.gnu-tools-for-stm32.14.3.rel1.win32_1.0.100.202602081740/tools/bin/../lib/gcc/arm-none-eabi/14.3.1/thumb/v7e-m+fp/hard\libgcc.a(_arm_truncdfsf2.o)
                0x08000b58                __truncdfsf2
                0x08000b58                __aeabi_d2f
 .text          0x08000bf8       0x30 C:/ST/STM32CubeIDE_2.1.1/STM32CubeIDE/plugins/com.st.stm32cube.ide.mcu.externaltools.gnu-tools-for-stm32.14.3.rel1.win32_1.0.100.202602081740/tools/bin/../lib/gcc/arm-none-eabi/14.3.1/thumb/v7e-m+fp/hard\libgcc.a(_aeabi_uldivmod.o)
                0x08000bf8                __aeabi_uldivmod
 .text          0x08000c28      0x2f8 C:/ST/STM32CubeIDE_2.1.1/STM32CubeIDE/plugins/com.st.stm32cube.ide.mcu.externaltools.gnu-tools-for-stm32.14.3.rel1.win32_1.0.100.202602081740/tools/bin/../lib/gcc/arm-none-eabi/14.3.1/thumb/v7e-m+fp/hard\libgcc.a(_udivmoddi4.o)
                0x08000c28                __udivmoddi4
 .text          0x08000f20        0x4 C:/ST/STM32CubeIDE_2.1.1/STM32CubeIDE/plugins/com.st.stm32cube.ide.mcu.externaltools.gnu-tools-for-stm32.14.3.rel1.win32_1.0.100.202602081740/tools/bin/../lib/gcc/arm-none-eabi/14.3.1/thumb/v7e-m+fp/hard\libgcc.a(_dvmd_tls.o)
                0x08000f20                __aeabi_idiv0
                0x08000f20                __aeabi_ldiv0
 *(.text*)
 .text.Reset_Handler
                0x08000f24       0x50 ./Application/Startup/startup_stm32f401retx.o
                0x08000f24                Reset_Handler
 .text.Default_Handler
                0x08000f74        0x2 ./Application/Startup/startup_stm32f401retx.o
                0x08000f74                RTC_Alarm_IRQHandler
                0x08000f74                EXTI2_IRQHandler
                0x08000f74                SPI4_IRQHandler
                0x08000f74                TIM1_CC_IRQHandler
                0x08000f74                DMA2_Stream5_IRQHandler
                0x08000f74                PVD_IRQHandler
                0x08000f74                SDIO_IRQHandler
                0x08000f74                TAMP_STAMP_IRQHandler
                0x08000f74                EXTI3_IRQHandler
                0x08000f74                TIM1_UP_TIM10_IRQHandler
                0x08000f74                I2C3_ER_IRQHandler
                0x08000f74                EXTI0_IRQHandler
                0x08000f74                I2C2_EV_IRQHandler
                0x08000f74                DMA1_Stream2_IRQHandler
                0x08000f74                FPU_IRQHandler
                0x08000f74                DMA2_Stream2_IRQHandler
                0x08000f74                SPI1_IRQHandler
                0x08000f74                TIM1_BRK_TIM9_IRQHandler
                0x08000f74                DMA2_Stream3_IRQHandler
                0x08000f74                USART6_IRQHandler
                0x08000f74                DMA2_Stream0_IRQHandler
                0x08000f74                TIM4_IRQHandler
                0x08000f74                I2C1_EV_IRQHandler
                0x08000f74                DMA1_Stream6_IRQHandler
                0x08000f74                DMA1_Stream1_IRQHandler
                0x08000f74                RCC_IRQHandler
                0x08000f74                Default_Handler
                0x08000f74                ADC_IRQHandler
                0x08000f74                DMA1_Stream7_IRQHandler
                0x08000f74                TIM5_IRQHandler
                0x08000f74                DMA2_Stream7_IRQHandler
                0x08000f74                I2C3_EV_IRQHandler
                0x08000f74                EXTI9_5_IRQHandler
                0x08000f74                RTC_WKUP_IRQHandler
                0x08000f74                SPI2_IRQHandler
                0x08000f74                DMA1_Stream0_IRQHandler
                0x08000f74                EXTI4_IRQHandler
                0x08000f74                WWDG_IRQHandler
                0x08000f74                TIM2_IRQHandler
                0x08000f74                OTG_FS_WKUP_IRQHandler
                0x08000f74                TIM1_TRG_COM_TIM11_IRQHandler
                0x08000f74                EXTI1_IRQHandler
                0x08000f74                USART2_IRQHandler
                0x08000f74                I2C2_ER_IRQHandler
                0x08000f74                DMA2_Stream1_IRQHandler
                0x08000f74                FLASH_IRQHandler
                0x08000f74                DMA2_Stream4_IRQHandler
                0x08000f74                USART1_IRQHandler
                0x08000f74                OTG_FS_IRQHandler
                0x08000f74                SPI3_IRQHandler
                0x08000f74                DMA1_Stream4_IRQHandler
                0x08000f74                I2C1_ER_IRQHandler
                0x08000f74                DMA2_Stream6_IRQHandler
                0x08000f74                DMA1_Stream3_IRQHandler
 .text.MX_MEMS_Init
                0x08000f76        0xc ./Application/User/app_mems.o
                0x08000f76                MX_MEMS_Init
 .text.MX_MEMS_Process
                0x08000f82        0xc ./Application/User/app_mems.o
                0x08000f82                MX_MEMS_Process
 *fill*         0x08000f8e        0x2 
 .text.HAL_TIM_PeriodElapsedCallback
                0x08000f90       0x30 ./Application/User/app_mems.o
                0x08000f90                HAL_TIM_PeriodElapsedCallback
 .text.MX_DataLogFusion_Init
                0x08000fc0      0x144 ./Application/User/app_mems.o
 .text.MX_DataLogFusion_Process
                0x08001104      0x258 ./Application/User/app_mems.o
 .text.Init_Sensors
                0x0800135c       0x34 ./Application/User/app_mems.o
 .text.RTC_Handler
                0x08001390       0xe8 ./Application/User/app_mems.o
 .text.FX_Data_Handler
                0x08001478      0x1cc ./Application/User/app_mems.o
 .text.BSP_PB_Callback
                0x08001644       0x20 ./Application/User/app_mems.o
                0x08001644                BSP_PB_Callback
 .text.Accelero_Sensor_Handler
                0x08001664       0xb4 ./Application/User/app_mems.o
 .text.Gyro_Sensor_Handler
                0x08001718       0xb4 ./Application/User/app_mems.o
 .text.Magneto_Sensor_Handler
                0x080017cc      0x1d4 ./Application/User/app_mems.o
 .text.Pressure_Sensor_Handler
                0x080019a0       0x60 ./Application/User/app_mems.o
 .text.Temperature_Sensor_Handler
                0x08001a00       0x60 ./Application/User/app_mems.o
 .text.Humidity_Sensor_Handler
                0x08001a60       0x60 ./Application/User/app_mems.o
 .text.TIM_Config
                0x08001ac0       0x7c ./Application/User/app_mems.o
 .text.DWT_Init
                0x08001b3c       0x30 ./Application/User/app_mems.o
 .text.DWT_Start
                0x08001b6c       0x24 ./Application/User/app_mems.o
 .text.DWT_Stop
                0x08001b90       0x50 ./Application/User/app_mems.o
 .text.print_float
                0x08001be0       0xb4 ./Application/User/app_mems.o
 .text.UART_ReceivedMSG
                0x08001c94      0x16c ./Application/User/com.o
                0x08001c94                UART_ReceivedMSG
 .text.UART_SendMsg
                0x08001e00       0x38 ./Application/User/com.o
                0x08001e00                UART_SendMsg
 .text.UART_StartReceiveMsg
                0x08001e38       0x30 ./Application/User/com.o
                0x08001e38                UART_StartReceiveMsg
 .text.Get_DMA_Flag_Status
                0x08001e68      0x3c4 ./Application/User/com.o
 .text.Get_DMA_Counter
                0x0800222c       0x1a ./Application/User/com.o
 .text.BUILD_REPLY_HEADER
                0x08002246       0x2e ./Application/User/demo_serial.o
                0x08002246                BUILD_REPLY_HEADER
 .text.HandleMSG
                0x08002274      0x70c ./Application/User/demo_serial.o
                0x08002274                HandleMSG
 .text.RTC_DateRegulate
                0x08002980       0x54 ./Application/User/demo_serial.o
                0x08002980                RTC_DateRegulate
 .text.RTC_TimeRegulate
                0x080029d4       0x54 ./Application/User/demo_serial.o
                0x080029d4                RTC_TimeRegulate
 .text.Get_PresentationString
                0x08002a28       0x78 ./Application/User/demo_serial.o
                0x08002a28                Get_PresentationString
 .text.BSP_SENSOR_ACC_Init
                0x08002aa0       0x10 ./Application/User/iks5a1_mems_control.o
                0x08002aa0                BSP_SENSOR_ACC_Init
 .text.BSP_SENSOR_GYR_Init
                0x08002ab0       0x10 ./Application/User/iks5a1_mems_control.o
                0x08002ab0                BSP_SENSOR_GYR_Init
 .text.BSP_SENSOR_MAG_Init
                0x08002ac0       0x10 ./Application/User/iks5a1_mems_control.o
                0x08002ac0                BSP_SENSOR_MAG_Init
 .text.BSP_SENSOR_PRESS_Init
                0x08002ad0       0x10 ./Application/User/iks5a1_mems_control.o
                0x08002ad0                BSP_SENSOR_PRESS_Init
 .text.BSP_SENSOR_TEMP_Init
                0x08002ae0       0x10 ./Application/User/iks5a1_mems_control.o
                0x08002ae0                BSP_SENSOR_TEMP_Init
 .text.BSP_SENSOR_HUM_Init
                0x08002af0        0xe ./Application/User/iks5a1_mems_control.o
                0x08002af0                BSP_SENSOR_HUM_Init
 .text.BSP_SENSOR_ACC_Enable
                0x08002afe       0x10 ./Application/User/iks5a1_mems_control.o
                0x08002afe                BSP_SENSOR_ACC_Enable
 .text.BSP_SENSOR_GYR_Enable
                0x08002b0e       0x10 ./Application/User/iks5a1_mems_control.o
                0x08002b0e                BSP_SENSOR_GYR_Enable
 .text.BSP_SENSOR_MAG_Enable
                0x08002b1e       0x10 ./Application/User/iks5a1_mems_control.o
                0x08002b1e                BSP_SENSOR_MAG_Enable
 .text.BSP_SENSOR_PRESS_Enable
                0x08002b2e       0x10 ./Application/User/iks5a1_mems_control.o
                0x08002b2e                BSP_SENSOR_PRESS_Enable
 .text.BSP_SENSOR_TEMP_Enable
                0x08002b3e       0x10 ./Application/User/iks5a1_mems_control.o
                0x08002b3e                BSP_SENSOR_TEMP_Enable
 .text.BSP_SENSOR_HUM_Enable
                0x08002b4e        0xe ./Application/User/iks5a1_mems_control.o
                0x08002b4e                BSP_SENSOR_HUM_Enable
 .text.BSP_SENSOR_ACC_Disable
                0x08002b5c       0x10 ./Application/User/iks5a1_mems_control.o
                0x08002b5c                BSP_SENSOR_ACC_Disable
 .text.BSP_SENSOR_GYR_Disable
                0x08002b6c       0x10 ./Application/User/iks5a1_mems_control.o
                0x08002b6c                BSP_SENSOR_GYR_Disable
 .text.BSP_SENSOR_MAG_Disable
                0x08002b7c       0x10 ./Application/User/iks5a1_mems_control.o
                0x08002b7c                BSP_SENSOR_MAG_Disable
 .text.BSP_SENSOR_PRESS_Disable
                0x08002b8c       0x10 ./Application/User/iks5a1_mems_control.o
                0x08002b8c                BSP_SENSOR_PRESS_Disable
 .text.BSP_SENSOR_TEMP_Disable
                0x08002b9c       0x10 ./Application/User/iks5a1_mems_control.o
                0x08002b9c                BSP_SENSOR_TEMP_Disable
 .text.BSP_SENSOR_HUM_Disable
                0x08002bac        0xe ./Application/User/iks5a1_mems_control.o
                0x08002bac                BSP_SENSOR_HUM_Disable
 .text.BSP_SENSOR_ACC_GetAxes
                0x08002bba       0x1a ./Application/User/iks5a1_mems_control.o
                0x08002bba                BSP_SENSOR_ACC_GetAxes
 .text.BSP_SENSOR_GYR_GetAxes
                0x08002bd4       0x1a ./Application/User/iks5a1_mems_control.o
                0x08002bd4                BSP_SENSOR_GYR_GetAxes
 .text.BSP_SENSOR_MAG_GetAxes
                0x08002bee       0x1a ./Application/User/iks5a1_mems_control.o
                0x08002bee                BSP_SENSOR_MAG_GetAxes
 .text.BSP_SENSOR_PRESS_GetValue
                0x08002c08       0x1a ./Application/User/iks5a1_mems_control.o
                0x08002c08                BSP_SENSOR_PRESS_GetValue
 .text.BSP_SENSOR_TEMP_GetValue
                0x08002c22       0x1a ./Application/User/iks5a1_mems_control.o
                0x08002c22                BSP_SENSOR_TEMP_GetValue
 .text.BSP_SENSOR_HUM_GetValue
                0x08002c3c       0x14 ./Application/User/iks5a1_mems_control.o
                0x08002c3c                BSP_SENSOR_HUM_GetValue
 .text.BSP_SENSOR_ACC_SetOutputDataRate
                0x08002c50       0x1e ./Application/User/iks5a1_mems_control.o
                0x08002c50                BSP_SENSOR_ACC_SetOutputDataRate
 .text.BSP_SENSOR_ACC_SetFullScale
                0x08002c6e       0x1a ./Application/User/iks5a1_mems_control.o
                0x08002c6e                BSP_SENSOR_ACC_SetFullScale
 .text.BSP_SENSOR_ACC_GetOrientation
                0x08002c88       0x2a ./Application/User/iks5a1_mems_control_ex.o
                0x08002c88                BSP_SENSOR_ACC_GetOrientation
 .text.BSP_SENSOR_GYR_GetOrientation
                0x08002cb2       0x2a ./Application/User/iks5a1_mems_control_ex.o
                0x08002cb2                BSP_SENSOR_GYR_GetOrientation
 .text.BSP_SENSOR_MAG_GetOrientation
                0x08002cdc       0x2a ./Application/User/iks5a1_mems_control_ex.o
                0x08002cdc                BSP_SENSOR_MAG_GetOrientation
 .text.main     0x08002d06       0x26 ./Application/User/main.o
                0x08002d06                main
 .text.SystemClock_Config
                0x08002d2c       0xdc ./Application/User/main.o
                0x08002d2c                SystemClock_Config
 .text.MX_CRC_Init
                0x08002e08       0x28 ./Application/User/main.o
 .text.MX_RTC_Init
                0x08002e30       0xb4 ./Application/User/main.o
 .text.MX_TIM3_Init
                0x08002ee4       0x9c ./Application/User/main.o
                0x08002ee4                MX_TIM3_Init
 .text.MX_DMA_Init
                0x08002f80       0x40 ./Application/User/main.o
 .text.MX_GPIO_Init
                0x08002fc0       0x94 ./Application/User/main.o
 .text.Error_Handler
                0x08003054        0xc ./Application/User/main.o
                0x08003054                Error_Handler
 .text.MotionFX_manager_init
                0x08003060       0xb0 ./Application/User/motion_fx_manager.o
                0x08003060                MotionFX_manager_init
 .text.MotionFX_manager_run
                0x08003110       0x38 ./Application/User/motion_fx_manager.o
                0x08003110                MotionFX_manager_run
 .text.MotionFX_manager_start_6X
                0x08003148       0x14 ./Application/User/motion_fx_manager.o
                0x08003148                MotionFX_manager_start_6X
 .text.MotionFX_manager_stop_6X
                0x0800315c       0x14 ./Application/User/motion_fx_manager.o
                0x0800315c                MotionFX_manager_stop_6X
 .text.MotionFX_manager_start_9X
                0x08003170       0x14 ./Application/User/motion_fx_manager.o
                0x08003170                MotionFX_manager_start_9X
 .text.MotionFX_manager_stop_9X
                0x08003184       0x14 ./Application/User/motion_fx_manager.o
                0x08003184                MotionFX_manager_stop_9X
 .text.MotionFX_manager_get_version
                0x08003198       0x20 ./Application/User/motion_fx_manager.o
                0x08003198                MotionFX_manager_get_version
 .text.MotionFX_manager_MagCal_run
                0x080031b8       0x1e ./Application/User/motion_fx_manager.o
                0x080031b8                MotionFX_manager_MagCal_run
 .text.MotionFX_manager_MagCal_start
                0x080031d6       0x18 ./Application/User/motion_fx_manager.o
                0x080031d6                MotionFX_manager_MagCal_start
 .text.MotionFX_manager_MagCal_stop
                0x080031ee       0x18 ./Application/User/motion_fx_manager.o
                0x080031ee                MotionFX_manager_MagCal_stop
 .text.ByteStuffCopyByte
                0x08003206       0x56 ./Application/User/serial_protocol.o
                0x08003206                ByteStuffCopyByte
 .text.ByteStuffCopy
                0x0800325c       0x5c ./Application/User/serial_protocol.o
                0x0800325c                ByteStuffCopy
 .text.ReverseByteStuffCopyByte2
                0x080032b8       0x4e ./Application/User/serial_protocol.o
                0x080032b8                ReverseByteStuffCopyByte2
 .text.CHK_ComputeAndAdd
                0x08003306       0x54 ./Application/User/serial_protocol.o
                0x08003306                CHK_ComputeAndAdd
 .text.CHK_CheckAndRemove
                0x0800335a       0x54 ./Application/User/serial_protocol.o
                0x0800335a                CHK_CheckAndRemove
 .text.Deserialize
                0x080033ae       0x4c ./Application/User/serial_protocol.o
                0x080033ae                Deserialize
 .text.Serialize_s32
                0x080033fa       0x48 ./Application/User/serial_protocol.o
                0x080033fa                Serialize_s32
 *fill*         0x08003442        0x2 
 .text.HAL_MspInit
                0x08003444       0x50 ./Application/User/stm32f4xx_hal_msp.o
                0x08003444                HAL_MspInit
 .text.HAL_CRC_MspInit
                0x08003494       0x44 ./Application/User/stm32f4xx_hal_msp.o
                0x08003494                HAL_CRC_MspInit
 .text.HAL_RTC_MspInit
                0x080034d8       0x58 ./Application/User/stm32f4xx_hal_msp.o
                0x080034d8                HAL_RTC_MspInit
 .text.HAL_TIM_Base_MspInit
                0x08003530       0x50 ./Application/User/stm32f4xx_hal_msp.o
                0x08003530                HAL_TIM_Base_MspInit
 .text.NMI_Handler
                0x08003580        0x8 ./Application/User/stm32f4xx_it.o
                0x08003580                NMI_Handler
 .text.HardFault_Handler
                0x08003588        0x8 ./Application/User/stm32f4xx_it.o
                0x08003588                HardFault_Handler
 .text.MemManage_Handler
                0x08003590        0x8 ./Application/User/stm32f4xx_it.o
                0x08003590                MemManage_Handler
 .text.BusFault_Handler
                0x08003598        0x8 ./Application/User/stm32f4xx_it.o
                0x08003598                BusFault_Handler
 .text.UsageFault_Handler
                0x080035a0        0x8 ./Application/User/stm32f4xx_it.o
                0x080035a0                UsageFault_Handler
 .text.SVC_Handler
                0x080035a8        0xe ./Application/User/stm32f4xx_it.o
                0x080035a8                SVC_Handler
 .text.DebugMon_Handler
                0x080035b6        0xe ./Application/User/stm32f4xx_it.o
                0x080035b6                DebugMon_Handler
 .text.PendSV_Handler
                0x080035c4        0xe ./Application/User/stm32f4xx_it.o
                0x080035c4                PendSV_Handler
 .text.SysTick_Handler
                0x080035d2        0xc ./Application/User/stm32f4xx_it.o
                0x080035d2                SysTick_Handler
 *fill*         0x080035de        0x2 
 .text.DMA1_Stream5_IRQHandler
                0x080035e0       0x14 ./Application/User/stm32f4xx_it.o
                0x080035e0                DMA1_Stream5_IRQHandler
 .text.TIM3_IRQHandler
                0x080035f4       0x14 ./Application/User/stm32f4xx_it.o
                0x080035f4                TIM3_IRQHandler
 .text.EXTI15_10_IRQHandler
                0x08003608       0x14 ./Application/User/stm32f4xx_it.o
                0x08003608                EXTI15_10_IRQHandler
 .text.BSP_LED_Init
                0x0800361c       0x24 ./Application/User/stm32f4xx_nucleo.o
                0x0800361c                BSP_LED_Init
 .text.BSP_LED_On
                0x08003640       0x2c ./Application/User/stm32f4xx_nucleo.o
                0x08003640                BSP_LED_On
 .text.BSP_LED_Off
                0x0800366c       0x2c ./Application/User/stm32f4xx_nucleo.o
                0x0800366c                BSP_LED_Off
 .text.LED_USER_GPIO_Init
                0x08003698       0x84 ./Application/User/stm32f4xx_nucleo.o
 .text.BSP_PB_Init
                0x0800371c       0xa8 ./Application/User/stm32f4xx_nucleo.o
                0x0800371c                BSP_PB_Init
 .text.BSP_PB_GetState
                0x080037c4       0x38 ./Application/User/stm32f4xx_nucleo.o
                0x080037c4                BSP_PB_GetState
 .text.BUTTON_USER_EXTI_Callback
                0x080037fc        0xe ./Application/User/stm32f4xx_nucleo.o
 *fill*         0x0800380a        0x2 
 .text.BUTTON_USER_GPIO_Init
                0x0800380c       0x7c ./Application/User/stm32f4xx_nucleo.o
 .text.BSP_COM_Init
                0x08003888       0x7c ./Application/User/stm32f4xx_nucleo.o
                0x08003888                BSP_COM_Init
 .text.MX_USART2_UART_Init
                0x08003904       0x5c ./Application/User/stm32f4xx_nucleo.o
                0x08003904                MX_USART2_UART_Init
 .text.__io_putchar
                0x08003960       0x38 ./Application/User/stm32f4xx_nucleo.o
                0x08003960                __io_putchar
 .text.USART2_MspInit
                0x08003998       0xec ./Application/User/stm32f4xx_nucleo.o
 .text.BSP_I2C1_Init
                0x08003a84       0x64 ./Application/User/stm32f4xx_nucleo_bus.o
                0x08003a84                BSP_I2C1_Init
 .text.BSP_I2C1_DeInit
                0x08003ae8       0x50 ./Application/User/stm32f4xx_nucleo_bus.o
                0x08003ae8                BSP_I2C1_DeInit
 .text.BSP_I2C1_WriteReg
                0x08003b38       0x64 ./Application/User/stm32f4xx_nucleo_bus.o
                0x08003b38                BSP_I2C1_WriteReg
 .text.BSP_I2C1_ReadReg
                0x08003b9c       0x64 ./Application/User/stm32f4xx_nucleo_bus.o
                0x08003b9c                BSP_I2C1_ReadReg
 .text.BSP_GetTick
                0x08003c00        0xe ./Application/User/stm32f4xx_nucleo_bus.o
                0x08003c00                BSP_GetTick
 *fill*         0x08003c0e        0x2 
 .text.MX_I2C1_Init
                0x08003c10       0x68 ./Application/User/stm32f4xx_nucleo_bus.o
                0x08003c10                MX_I2C1_Init
 .text.I2C1_MspInit
                0x08003c78       0x94 ./Application/User/stm32f4xx_nucleo_bus.o
 .text.I2C1_MspDeInit
                0x08003d0c       0x38 ./Application/User/stm32f4xx_nucleo_bus.o
 .text._read    0x08003d44       0x3a ./Application/User/syscalls.o
                0x08003d44                _read
 .text._write   0x08003d7e       0x38 ./Application/User/syscalls.o
                0x08003d7e                _write
 .text._close   0x08003db6       0x18 ./Application/User/syscalls.o
                0x08003db6                _close
 .text._fstat   0x08003dce       0x20 ./Application/User/syscalls.o
                0x08003dce                _fstat
 .text._isatty  0x08003dee       0x16 ./Application/User/syscalls.o
                0x08003dee                _isatty
 .text._lseek   0x08003e04       0x1a ./Application/User/syscalls.o
                0x08003e04                _lseek
 *fill*         0x08003e1e        0x2 
 .text._sbrk    0x08003e20       0x6c ./Application/User/sysmem.o
                0x08003e20                _sbrk
 .text.IIS2DULPX_RegisterBusIO
                0x08003e8c      0x14c ./Drivers/BSP/Components/iis2dulpx.o
                0x08003e8c                IIS2DULPX_RegisterBusIO
 .text.IIS2DULPX_Init
                0x08003fd8       0xfc ./Drivers/BSP/Components/iis2dulpx.o
                0x08003fd8                IIS2DULPX_Init
 .text.IIS2DULPX_DeInit
                0x080040d4       0x3c ./Drivers/BSP/Components/iis2dulpx.o
                0x080040d4                IIS2DULPX_DeInit
 .text.IIS2DULPX_ExitDeepPowerDownI2C
                0x08004110       0x2a ./Drivers/BSP/Components/iis2dulpx.o
                0x08004110                IIS2DULPX_ExitDeepPowerDownI2C
 .text.IIS2DULPX_ExitDeepPowerDownSPI
                0x0800413a       0x30 ./Drivers/BSP/Components/iis2dulpx.o
                0x0800413a                IIS2DULPX_ExitDeepPowerDownSPI
 .text.IIS2DULPX_ReadID
                0x0800416a       0x36 ./Drivers/BSP/Components/iis2dulpx.o
                0x0800416a                IIS2DULPX_ReadID
 .text.IIS2DULPX_GetCapabilities
                0x080041a0       0x5c ./Drivers/BSP/Components/iis2dulpx.o
                0x080041a0                IIS2DULPX_GetCapabilities
 .text.IIS2DULPX_ACC_Enable
                0x080041fc       0x4c ./Drivers/BSP/Components/iis2dulpx.o
                0x080041fc                IIS2DULPX_ACC_Enable
 .text.IIS2DULPX_ACC_Disable
                0x08004248       0xb0 ./Drivers/BSP/Components/iis2dulpx.o
                0x08004248                IIS2DULPX_ACC_Disable
 .text.IIS2DULPX_ACC_GetSensitivity
                0x080042f8       0x94 ./Drivers/BSP/Components/iis2dulpx.o
                0x080042f8                IIS2DULPX_ACC_GetSensitivity
 .text.IIS2DULPX_ACC_GetOutputDataRate
                0x0800438c      0x198 ./Drivers/BSP/Components/iis2dulpx.o
                0x0800438c                IIS2DULPX_ACC_GetOutputDataRate
 .text.IIS2DULPX_ACC_SetOutputDataRate
                0x08004524       0x22 ./Drivers/BSP/Components/iis2dulpx.o
                0x08004524                IIS2DULPX_ACC_SetOutputDataRate
 .text.IIS2DULPX_ACC_SetOutputDataRate_With_Mode
                0x08004546       0x44 ./Drivers/BSP/Components/iis2dulpx.o
                0x08004546                IIS2DULPX_ACC_SetOutputDataRate_With_Mode
 *fill*         0x0800458a        0x2 
 .text.IIS2DULPX_ACC_GetFullScale
                0x0800458c       0x84 ./Drivers/BSP/Components/iis2dulpx.o
                0x0800458c                IIS2DULPX_ACC_GetFullScale
 .text.IIS2DULPX_ACC_SetFullScale
                0x08004610       0x6e ./Drivers/BSP/Components/iis2dulpx.o
                0x08004610                IIS2DULPX_ACC_SetFullScale
 .text.IIS2DULPX_ACC_GetAxesRaw
                0x0800467e       0x66 ./Drivers/BSP/Components/iis2dulpx.o
                0x0800467e                IIS2DULPX_ACC_GetAxesRaw
 .text.IIS2DULPX_ACC_GetAxes
                0x080046e4       0x7e ./Drivers/BSP/Components/iis2dulpx.o
                0x080046e4                IIS2DULPX_ACC_GetAxes
 .text.IIS2DULPX_Write_Reg
                0x08004762       0x36 ./Drivers/BSP/Components/iis2dulpx.o
                0x08004762                IIS2DULPX_Write_Reg
 .text.IIS2DULPX_Set_Mem_Bank
                0x08004798       0x42 ./Drivers/BSP/Components/iis2dulpx.o
                0x08004798                IIS2DULPX_Set_Mem_Bank
 *fill*         0x080047da        0x2 
 .text.IIS2DULPX_ACC_SetOutputDataRate_When_Enabled
                0x080047dc      0x2f8 ./Drivers/BSP/Components/iis2dulpx.o
 .text.IIS2DULPX_ACC_SetOutputDataRate_When_Disabled
                0x08004ad4      0x144 ./Drivers/BSP/Components/iis2dulpx.o
 .text.ReadRegWrap
                0x08004c18       0x36 ./Drivers/BSP/Components/iis2dulpx.o
 .text.WriteRegWrap
                0x08004c4e       0x36 ./Drivers/BSP/Components/iis2dulpx.o
 .text.iis2dulpx_read_reg
                0x08004c84       0x3a ./Drivers/BSP/Components/iis2dulpx_reg.o
                0x08004c84                iis2dulpx_read_reg
 .text.iis2dulpx_write_reg
                0x08004cbe       0x3a ./Drivers/BSP/Components/iis2dulpx_reg.o
                0x08004cbe                iis2dulpx_write_reg
 .text.iis2dulpx_from_fs2g_to_mg
                0x08004cf8       0x30 ./Drivers/BSP/Components/iis2dulpx_reg.o
                0x08004cf8                iis2dulpx_from_fs2g_to_mg
 .text.iis2dulpx_from_fs4g_to_mg
                0x08004d28       0x30 ./Drivers/BSP/Components/iis2dulpx_reg.o
                0x08004d28                iis2dulpx_from_fs4g_to_mg
 .text.iis2dulpx_from_fs8g_to_mg
                0x08004d58       0x30 ./Drivers/BSP/Components/iis2dulpx_reg.o
                0x08004d58                iis2dulpx_from_fs8g_to_mg
 .text.iis2dulpx_from_fs16g_to_mg
                0x08004d88       0x30 ./Drivers/BSP/Components/iis2dulpx_reg.o
                0x08004d88                iis2dulpx_from_fs16g_to_mg
 .text.iis2dulpx_device_id_get
                0x08004db8       0x22 ./Drivers/BSP/Components/iis2dulpx_reg.o
                0x08004db8                iis2dulpx_device_id_get
 .text.iis2dulpx_init_set
                0x08004dda       0x9e ./Drivers/BSP/Components/iis2dulpx_reg.o
                0x08004dda                iis2dulpx_init_set
 .text.iis2dulpx_mode_set
                0x08004e78      0x17c ./Drivers/BSP/Components/iis2dulpx_reg.o
                0x08004e78                iis2dulpx_mode_set
 .text.iis2dulpx_mode_get
                0x08004ff4      0x22c ./Drivers/BSP/Components/iis2dulpx_reg.o
                0x08004ff4                iis2dulpx_mode_get
 .text.iis2dulpx_exit_deep_power_down
                0x08005220       0x3e ./Drivers/BSP/Components/iis2dulpx_reg.o
                0x08005220                iis2dulpx_exit_deep_power_down
 *fill*         0x0800525e        0x2 
 .text.iis2dulpx_xl_data_get
                0x08005260      0x164 ./Drivers/BSP/Components/iis2dulpx_reg.o
                0x08005260                iis2dulpx_xl_data_get
 .text.iis2dulpx_i3c_configure_set
                0x080053c4       0x70 ./Drivers/BSP/Components/iis2dulpx_reg.o
                0x080053c4                iis2dulpx_i3c_configure_set
 .text.iis2dulpx_i3c_configure_get
                0x08005434       0x8c ./Drivers/BSP/Components/iis2dulpx_reg.o
                0x08005434                iis2dulpx_i3c_configure_get
 .text.iis2dulpx_mem_bank_set
                0x080054c0       0x86 ./Drivers/BSP/Components/iis2dulpx_reg.o
                0x080054c0                iis2dulpx_mem_bank_set
 .text.iis2dulpx_fifo_mode_set
                0x08005546       0xf0 ./Drivers/BSP/Components/iis2dulpx_reg.o
                0x08005546                iis2dulpx_fifo_mode_set
 *fill*         0x08005636        0x2 
 .text.IIS2MDC_RegisterBusIO
                0x08005638       0xd0 ./Drivers/BSP/Components/iis2mdc.o
                0x08005638                IIS2MDC_RegisterBusIO
 .text.IIS2MDC_Init
                0x08005708       0x7a ./Drivers/BSP/Components/iis2mdc.o
                0x08005708                IIS2MDC_Init
 .text.IIS2MDC_DeInit
                0x08005782       0x2c ./Drivers/BSP/Components/iis2mdc.o
                0x08005782                IIS2MDC_DeInit
 .text.IIS2MDC_ReadID
                0x080057ae       0x2c ./Drivers/BSP/Components/iis2mdc.o
                0x080057ae                IIS2MDC_ReadID
 *fill*         0x080057da        0x2 
 .text.IIS2MDC_GetCapabilities
                0x080057dc       0x5c ./Drivers/BSP/Components/iis2mdc.o
                0x080057dc                IIS2MDC_GetCapabilities
 .text.IIS2MDC_MAG_Enable
                0x08005838       0x40 ./Drivers/BSP/Components/iis2mdc.o
                0x08005838                IIS2MDC_MAG_Enable
 .text.IIS2MDC_MAG_Disable
                0x08005878       0x40 ./Drivers/BSP/Components/iis2mdc.o
                0x08005878                IIS2MDC_MAG_Disable
 .text.IIS2MDC_MAG_GetSensitivity
                0x080058b8       0x20 ./Drivers/BSP/Components/iis2mdc.o
                0x080058b8                IIS2MDC_MAG_GetSensitivity
 .text.IIS2MDC_MAG_GetOutputDataRate
                0x080058d8       0x8c ./Drivers/BSP/Components/iis2mdc.o
                0x080058d8                IIS2MDC_MAG_GetOutputDataRate
 .text.IIS2MDC_MAG_SetOutputDataRate
                0x08005964       0x7c ./Drivers/BSP/Components/iis2mdc.o
                0x08005964                IIS2MDC_MAG_SetOutputDataRate
 .text.IIS2MDC_MAG_GetFullScale
                0x080059e0       0x1e ./Drivers/BSP/Components/iis2mdc.o
                0x080059e0                IIS2MDC_MAG_GetFullScale
 .text.IIS2MDC_MAG_SetFullScale
                0x080059fe       0x18 ./Drivers/BSP/Components/iis2mdc.o
                0x080059fe                IIS2MDC_MAG_SetFullScale
 .text.IIS2MDC_MAG_GetAxesRaw
                0x08005a16       0x48 ./Drivers/BSP/Components/iis2mdc.o
                0x08005a16                IIS2MDC_MAG_GetAxesRaw
 .text.IIS2MDC_MAG_GetAxes
                0x08005a5e       0xa2 ./Drivers/BSP/Components/iis2mdc.o
                0x08005a5e                IIS2MDC_MAG_GetAxes
 .text.ReadMagRegWrap
                0x08005b00       0x62 ./Drivers/BSP/Components/iis2mdc.o
 .text.WriteMagRegWrap
                0x08005b62       0x62 ./Drivers/BSP/Components/iis2mdc.o
 .text.iis2mdc_read_reg
                0x08005bc4       0x3c ./Drivers/BSP/Components/iis2mdc_reg.o
                0x08005bc4                iis2mdc_read_reg
 .text.iis2mdc_write_reg
                0x08005c00       0x3c ./Drivers/BSP/Components/iis2mdc_reg.o
                0x08005c00                iis2mdc_write_reg
 .text.iis2mdc_operating_mode_set
                0x08005c3c       0x4c ./Drivers/BSP/Components/iis2mdc_reg.o
                0x08005c3c                iis2mdc_operating_mode_set
 .text.iis2mdc_data_rate_set
                0x08005c88       0x4c ./Drivers/BSP/Components/iis2mdc_reg.o
                0x08005c88                iis2mdc_data_rate_set
 .text.iis2mdc_data_rate_get
                0x08005cd4       0x7c ./Drivers/BSP/Components/iis2mdc_reg.o
                0x08005cd4                iis2mdc_data_rate_get
 .text.iis2mdc_block_data_update_set
                0x08005d50       0x4c ./Drivers/BSP/Components/iis2mdc_reg.o
                0x08005d50                iis2mdc_block_data_update_set
 .text.iis2mdc_magnetic_raw_get
                0x08005d9c       0x9a ./Drivers/BSP/Components/iis2mdc_reg.o
                0x08005d9c                iis2mdc_magnetic_raw_get
 .text.iis2mdc_device_id_get
                0x08005e36       0x22 ./Drivers/BSP/Components/iis2mdc_reg.o
                0x08005e36                iis2mdc_device_id_get
 .text.iis2mdc_self_test_set
                0x08005e58       0x4c ./Drivers/BSP/Components/iis2mdc_reg.o
                0x08005e58                iis2mdc_self_test_set
 .text.iis2mdc_i2c_interface_set
                0x08005ea4       0x4c ./Drivers/BSP/Components/iis2mdc_reg.o
                0x08005ea4                iis2mdc_i2c_interface_set
 .text.ILPS22QS_RegisterBusIO
                0x08005ef0       0xd4 ./Drivers/BSP/Components/ilps22qs.o
                0x08005ef0                ILPS22QS_RegisterBusIO
 .text.ILPS22QS_Init
                0x08005fc4       0x36 ./Drivers/BSP/Components/ilps22qs.o
                0x08005fc4                ILPS22QS_Init
 .text.ILPS22QS_DeInit
                0x08005ffa       0x48 ./Drivers/BSP/Components/ilps22qs.o
                0x08005ffa                ILPS22QS_DeInit
 .text.ILPS22QS_ReadID
                0x08006042       0x36 ./Drivers/BSP/Components/ilps22qs.o
                0x08006042                ILPS22QS_ReadID
 .text.ILPS22QS_GetCapabilities
                0x08006078       0x58 ./Drivers/BSP/Components/ilps22qs.o
                0x08006078                ILPS22QS_GetCapabilities
 .text.ILPS22QS_PRESS_Enable
                0x080060d0       0x46 ./Drivers/BSP/Components/ilps22qs.o
                0x080060d0                ILPS22QS_PRESS_Enable
 .text.ILPS22QS_PRESS_Disable
                0x08006116       0x80 ./Drivers/BSP/Components/ilps22qs.o
                0x08006116                ILPS22QS_PRESS_Disable
 .text.ILPS22QS_PRESS_GetOutputDataRate
                0x08006196       0x1c ./Drivers/BSP/Components/ilps22qs.o
                0x08006196                ILPS22QS_PRESS_GetOutputDataRate
 .text.ILPS22QS_PRESS_SetOutputDataRate
                0x080061b2       0x38 ./Drivers/BSP/Components/ilps22qs.o
                0x080061b2                ILPS22QS_PRESS_SetOutputDataRate
 .text.ILPS22QS_PRESS_GetPressure
                0x080061ea       0x7a ./Drivers/BSP/Components/ilps22qs.o
                0x080061ea                ILPS22QS_PRESS_GetPressure
 .text.ILPS22QS_TEMP_Enable
                0x08006264       0x46 ./Drivers/BSP/Components/ilps22qs.o
                0x08006264                ILPS22QS_TEMP_Enable
 .text.ILPS22QS_TEMP_Disable
                0x080062aa       0x80 ./Drivers/BSP/Components/ilps22qs.o
                0x080062aa                ILPS22QS_TEMP_Disable
 .text.ILPS22QS_TEMP_GetOutputDataRate
                0x0800632a       0x1c ./Drivers/BSP/Components/ilps22qs.o
                0x0800632a                ILPS22QS_TEMP_GetOutputDataRate
 .text.ILPS22QS_TEMP_SetOutputDataRate
                0x08006346       0x38 ./Drivers/BSP/Components/ilps22qs.o
                0x08006346                ILPS22QS_TEMP_SetOutputDataRate
 .text.ILPS22QS_TEMP_GetTemperature
                0x0800637e       0x7a ./Drivers/BSP/Components/ilps22qs.o
                0x0800637e                ILPS22QS_TEMP_GetTemperature
 .text.ILPS22QS_Write_Reg
                0x080063f8       0x36 ./Drivers/BSP/Components/ilps22qs.o
                0x080063f8                ILPS22QS_Write_Reg
 *fill*         0x0800642e        0x2 
 .text.ILPS22QS_GetOutputDataRate
                0x08006430       0xd4 ./Drivers/BSP/Components/ilps22qs.o
 .text.ILPS22QS_SetOutputDataRate_When_Enabled
                0x08006504      0x118 ./Drivers/BSP/Components/ilps22qs.o
 .text.ILPS22QS_SetOutputDataRate_When_Disabled
                0x0800661c       0xc8 ./Drivers/BSP/Components/ilps22qs.o
 .text.ILPS22QS_Initialize
                0x080066e4       0xb2 ./Drivers/BSP/Components/ilps22qs.o
 .text.ReadRegWrap
                0x08006796       0x36 ./Drivers/BSP/Components/ilps22qs.o
 .text.WriteRegWrap
                0x080067cc       0x36 ./Drivers/BSP/Components/ilps22qs.o
 .text.ilps22qs_read_reg
                0x08006802       0x3c ./Drivers/BSP/Components/ilps22qs_reg.o
                0x08006802                ilps22qs_read_reg
 .text.ilps22qs_write_reg
                0x0800683e       0x3c ./Drivers/BSP/Components/ilps22qs_reg.o
                0x0800683e                ilps22qs_write_reg
 .text.bytecpy  0x0800687a       0x2a ./Drivers/BSP/Components/ilps22qs_reg.o
 .text.ilps22qs_from_fs1260_to_hPa
                0x080068a4       0x30 ./Drivers/BSP/Components/ilps22qs_reg.o
                0x080068a4                ilps22qs_from_fs1260_to_hPa
 .text.ilps22qs_from_fs4000_to_hPa
                0x080068d4       0x30 ./Drivers/BSP/Components/ilps22qs_reg.o
                0x080068d4                ilps22qs_from_fs4000_to_hPa
 .text.ilps22qs_from_lsb_to_celsius
                0x08006904       0x34 ./Drivers/BSP/Components/ilps22qs_reg.o
                0x08006904                ilps22qs_from_lsb_to_celsius
 .text.ilps22qs_id_get
                0x08006938       0x2a ./Drivers/BSP/Components/ilps22qs_reg.o
                0x08006938                ilps22qs_id_get
 .text.ilps22qs_bus_mode_set
                0x08006962       0x9e ./Drivers/BSP/Components/ilps22qs_reg.o
                0x08006962                ilps22qs_bus_mode_set
 .text.ilps22qs_init_set
                0x08006a00      0x1c4 ./Drivers/BSP/Components/ilps22qs_reg.o
                0x08006a00                ilps22qs_init_set
 .text.ilps22qs_status_get
                0x08006bc4      0x114 ./Drivers/BSP/Components/ilps22qs_reg.o
                0x08006bc4                ilps22qs_status_get
 .text.ilps22qs_mode_set
                0x08006cd8      0x20c ./Drivers/BSP/Components/ilps22qs_reg.o
                0x08006cd8                ilps22qs_mode_set
 .text.ilps22qs_mode_get
                0x08006ee4      0x1e4 ./Drivers/BSP/Components/ilps22qs_reg.o
                0x08006ee4                ilps22qs_mode_get
 .text.ilps22qs_data_get
                0x080070c8      0x158 ./Drivers/BSP/Components/ilps22qs_reg.o
                0x080070c8                ilps22qs_data_get
 .text.ISM330IS_RegisterBusIO
                0x08007220       0xcc ./Drivers/BSP/Components/ism330is.o
                0x08007220                ISM330IS_RegisterBusIO
 .text.ISM330IS_Init
                0x080072ec       0xd8 ./Drivers/BSP/Components/ism330is.o
                0x080072ec                ISM330IS_Init
 .text.ISM330IS_DeInit
                0x080073c4       0x58 ./Drivers/BSP/Components/ism330is.o
                0x080073c4                ISM330IS_DeInit
 .text.ISM330IS_ReadID
                0x0800741c       0x30 ./Drivers/BSP/Components/ism330is.o
                0x0800741c                ISM330IS_ReadID
 .text.ISM330IS_GetCapabilities
                0x0800744c       0x5c ./Drivers/BSP/Components/ism330is.o
                0x0800744c                ISM330IS_GetCapabilities
 .text.ISM330IS_ACC_Enable
                0x080074a8       0x4e ./Drivers/BSP/Components/ism330is.o
                0x080074a8                ISM330IS_ACC_Enable
 .text.ISM330IS_ACC_Disable
                0x080074f6       0x64 ./Drivers/BSP/Components/ism330is.o
                0x080074f6                ISM330IS_ACC_Disable
 *fill*         0x0800755a        0x2 
 .text.ISM330IS_ACC_GetSensitivity
                0x0800755c       0x8c ./Drivers/BSP/Components/ism330is.o
                0x0800755c                ISM330IS_ACC_GetSensitivity
 .text.ISM330IS_ACC_GetOutputDataRate
                0x080075e8      0x148 ./Drivers/BSP/Components/ism330is.o
                0x080075e8                ISM330IS_ACC_GetOutputDataRate
 .text.ISM330IS_ACC_SetOutputDataRate
                0x08007730       0x3a ./Drivers/BSP/Components/ism330is.o
                0x08007730                ISM330IS_ACC_SetOutputDataRate
 *fill*         0x0800776a        0x2 
 .text.ISM330IS_ACC_GetFullScale
                0x0800776c       0x7c ./Drivers/BSP/Components/ism330is.o
                0x0800776c                ISM330IS_ACC_GetFullScale
 .text.ISM330IS_ACC_SetFullScale
                0x080077e8       0x54 ./Drivers/BSP/Components/ism330is.o
                0x080077e8                ISM330IS_ACC_SetFullScale
 .text.ISM330IS_ACC_GetAxesRaw
                0x0800783c       0x4c ./Drivers/BSP/Components/ism330is.o
                0x0800783c                ISM330IS_ACC_GetAxesRaw
 .text.ISM330IS_ACC_GetAxes
                0x08007888       0xb2 ./Drivers/BSP/Components/ism330is.o
                0x08007888                ISM330IS_ACC_GetAxes
 .text.ISM330IS_GYRO_Enable
                0x0800793a       0x4e ./Drivers/BSP/Components/ism330is.o
                0x0800793a                ISM330IS_GYRO_Enable
 .text.ISM330IS_GYRO_Disable
                0x08007988       0x64 ./Drivers/BSP/Components/ism330is.o
                0x08007988                ISM330IS_GYRO_Disable
 .text.ISM330IS_GYRO_GetSensitivity
                0x080079ec       0xcc ./Drivers/BSP/Components/ism330is.o
                0x080079ec                ISM330IS_GYRO_GetSensitivity
 .text.ISM330IS_GYRO_GetOutputDataRate
                0x08007ab8      0x124 ./Drivers/BSP/Components/ism330is.o
                0x08007ab8                ISM330IS_GYRO_GetOutputDataRate
 .text.ISM330IS_GYRO_SetOutputDataRate
                0x08007bdc       0x3a ./Drivers/BSP/Components/ism330is.o
                0x08007bdc                ISM330IS_GYRO_SetOutputDataRate
 *fill*         0x08007c16        0x2 
 .text.ISM330IS_GYRO_GetFullScale
                0x08007c18       0xbc ./Drivers/BSP/Components/ism330is.o
                0x08007c18                ISM330IS_GYRO_GetFullScale
 .text.ISM330IS_GYRO_SetFullScale
                0x08007cd4       0x62 ./Drivers/BSP/Components/ism330is.o
                0x08007cd4                ISM330IS_GYRO_SetFullScale
 .text.ISM330IS_GYRO_GetAxesRaw
                0x08007d36       0x4c ./Drivers/BSP/Components/ism330is.o
                0x08007d36                ISM330IS_GYRO_GetAxesRaw
 .text.ISM330IS_GYRO_GetAxes
                0x08007d82       0xb2 ./Drivers/BSP/Components/ism330is.o
                0x08007d82                ISM330IS_GYRO_GetAxes
 .text.ISM330IS_Write_Reg
                0x08007e34       0x3a ./Drivers/BSP/Components/ism330is.o
                0x08007e34                ISM330IS_Write_Reg
 .text.ISM330IS_Set_Mem_Bank
                0x08007e6e       0x4c ./Drivers/BSP/Components/ism330is.o
                0x08007e6e                ISM330IS_Set_Mem_Bank
 *fill*         0x08007eba        0x2 
 .text.ISM330IS_ACC_SetOutputDataRate_When_Enabled
                0x08007ebc      0x11c ./Drivers/BSP/Components/ism330is.o
 .text.ISM330IS_ACC_SetOutputDataRate_When_Disabled
                0x08007fd8      0x104 ./Drivers/BSP/Components/ism330is.o
 .text.ISM330IS_GYRO_SetOutputDataRate_When_Enabled
                0x080080dc      0x11c ./Drivers/BSP/Components/ism330is.o
 .text.ISM330IS_GYRO_SetOutputDataRate_When_Disabled
                0x080081f8      0x104 ./Drivers/BSP/Components/ism330is.o
 .text.ReadRegWrap
                0x080082fc       0x36 ./Drivers/BSP/Components/ism330is.o
 .text.WriteRegWrap
                0x08008332       0x36 ./Drivers/BSP/Components/ism330is.o
 .text.ism330is_read_reg
                0x08008368       0x3c ./Drivers/BSP/Components/ism330is_reg.o
                0x08008368                ism330is_read_reg
 .text.ism330is_write_reg
                0x080083a4       0x3c ./Drivers/BSP/Components/ism330is_reg.o
                0x080083a4                ism330is_write_reg
 .text.ism330is_mem_bank_set
                0x080083e0       0x52 ./Drivers/BSP/Components/ism330is_reg.o
                0x080083e0                ism330is_mem_bank_set
 .text.ism330is_device_id_get
                0x08008432       0x22 ./Drivers/BSP/Components/ism330is_reg.o
                0x08008432                ism330is_device_id_get
 .text.ism330is_xl_hm_mode_set
                0x08008454       0x4c ./Drivers/BSP/Components/ism330is_reg.o
                0x08008454                ism330is_xl_hm_mode_set
 .text.ism330is_xl_full_scale_set
                0x080084a0       0x4c ./Drivers/BSP/Components/ism330is_reg.o
                0x080084a0                ism330is_xl_full_scale_set
 .text.ism330is_xl_full_scale_get
                0x080084ec       0x7c ./Drivers/BSP/Components/ism330is_reg.o
                0x080084ec                ism330is_xl_full_scale_get
 .text.ism330is_xl_data_rate_set
                0x08008568       0x7e ./Drivers/BSP/Components/ism330is_reg.o
                0x08008568                ism330is_xl_data_rate_set
 *fill*         0x080085e6        0x2 
 .text.ism330is_xl_data_rate_get
                0x080085e8      0x164 ./Drivers/BSP/Components/ism330is_reg.o
                0x080085e8                ism330is_xl_data_rate_get
 .text.ism330is_gy_hm_mode_set
                0x0800874c       0x4c ./Drivers/BSP/Components/ism330is_reg.o
                0x0800874c                ism330is_gy_hm_mode_set
 .text.ism330is_gy_full_scale_set
                0x08008798       0x60 ./Drivers/BSP/Components/ism330is_reg.o
                0x08008798                ism330is_gy_full_scale_set
 .text.ism330is_gy_full_scale_get
                0x080087f8       0xc4 ./Drivers/BSP/Components/ism330is_reg.o
                0x080087f8                ism330is_gy_full_scale_get
 .text.ism330is_gy_data_rate_set
                0x080088bc       0x7e ./Drivers/BSP/Components/ism330is_reg.o
                0x080088bc                ism330is_gy_data_rate_set
 *fill*         0x0800893a        0x2 
 .text.ism330is_gy_data_rate_get
                0x0800893c      0x158 ./Drivers/BSP/Components/ism330is_reg.o
                0x0800893c                ism330is_gy_data_rate_get
 .text.ism330is_auto_increment_set
                0x08008a94       0x4c ./Drivers/BSP/Components/ism330is_reg.o
                0x08008a94                ism330is_auto_increment_set
 .text.ism330is_block_data_update_set
                0x08008ae0       0x4c ./Drivers/BSP/Components/ism330is_reg.o
                0x08008ae0                ism330is_block_data_update_set
 .text.ism330is_angular_rate_raw_get
                0x08008b2c       0x9a ./Drivers/BSP/Components/ism330is_reg.o
                0x08008b2c                ism330is_angular_rate_raw_get
 .text.ism330is_acceleration_raw_get
                0x08008bc6       0x9a ./Drivers/BSP/Components/ism330is_reg.o
                0x08008bc6                ism330is_acceleration_raw_get
 .text.ISM6HG256X_RegisterBusIO
                0x08008c60       0xec ./Drivers/BSP/Components/ism6hg256x.o
                0x08008c60                ISM6HG256X_RegisterBusIO
 .text.ISM6HG256X_Init
                0x08008d4c      0x120 ./Drivers/BSP/Components/ism6hg256x.o
                0x08008d4c                ISM6HG256X_Init
 .text.ISM6HG256X_DeInit
                0x08008e6c       0x68 ./Drivers/BSP/Components/ism6hg256x.o
                0x08008e6c                ISM6HG256X_DeInit
 .text.ISM6HG256X_ReadID
                0x08008ed4       0x2c ./Drivers/BSP/Components/ism6hg256x.o
                0x08008ed4                ISM6HG256X_ReadID
 .text.ISM6HG256X_GetCapabilities
                0x08008f00       0x5c ./Drivers/BSP/Components/ism6hg256x.o
                0x08008f00                ISM6HG256X_GetCapabilities
 .text.ISM6HG256X_ACC_Enable
                0x08008f5c       0x48 ./Drivers/BSP/Components/ism6hg256x.o
                0x08008f5c                ISM6HG256X_ACC_Enable
 .text.ISM6HG256X_ACC_Disable
                0x08008fa4       0x5e ./Drivers/BSP/Components/ism6hg256x.o
                0x08008fa4                ISM6HG256X_ACC_Disable
 *fill*         0x08009002        0x2 
 .text.ISM6HG256X_ACC_GetSensitivity
                0x08009004       0x8c ./Drivers/BSP/Components/ism6hg256x.o
                0x08009004                ISM6HG256X_ACC_GetSensitivity
 .text.ISM6HG256X_ACC_GetOutputDataRate
                0x08009090      0x118 ./Drivers/BSP/Components/ism6hg256x.o
                0x08009090                ISM6HG256X_ACC_GetOutputDataRate
 .text.ISM6HG256X_ACC_SetOutputDataRate
                0x080091a8       0x38 ./Drivers/BSP/Components/ism6hg256x.o
                0x080091a8                ISM6HG256X_ACC_SetOutputDataRate
 .text.ISM6HG256X_ACC_GetFullScale
                0x080091e0       0x7c ./Drivers/BSP/Components/ism6hg256x.o
                0x080091e0                ISM6HG256X_ACC_GetFullScale
 .text.ISM6HG256X_ACC_SetFullScale
                0x0800925c       0x50 ./Drivers/BSP/Components/ism6hg256x.o
                0x0800925c                ISM6HG256X_ACC_SetFullScale
 .text.ISM6HG256X_ACC_GetAxesRaw
                0x080092ac       0x48 ./Drivers/BSP/Components/ism6hg256x.o
                0x080092ac                ISM6HG256X_ACC_GetAxesRaw
 .text.ISM6HG256X_ACC_GetAxes
                0x080092f4       0xae ./Drivers/BSP/Components/ism6hg256x.o
                0x080092f4                ISM6HG256X_ACC_GetAxes
 .text.ISM6HG256X_ACC_HG_Disable
                0x080093a2       0x62 ./Drivers/BSP/Components/ism6hg256x.o
                0x080093a2                ISM6HG256X_ACC_HG_Disable
 .text.ISM6HG256X_GYRO_Enable
                0x08009404       0x48 ./Drivers/BSP/Components/ism6hg256x.o
                0x08009404                ISM6HG256X_GYRO_Enable
 .text.ISM6HG256X_GYRO_Disable
                0x0800944c       0x5e ./Drivers/BSP/Components/ism6hg256x.o
                0x0800944c                ISM6HG256X_GYRO_Disable
 *fill*         0x080094aa        0x2 
 .text.ISM6HG256X_GYRO_GetSensitivity
                0x080094ac       0x9c ./Drivers/BSP/Components/ism6hg256x.o
                0x080094ac                ISM6HG256X_GYRO_GetSensitivity
 .text.ISM6HG256X_GYRO_GetOutputDataRate
                0x08009548      0x10c ./Drivers/BSP/Components/ism6hg256x.o
                0x08009548                ISM6HG256X_GYRO_GetOutputDataRate
 .text.ISM6HG256X_GYRO_SetOutputDataRate
                0x08009654       0x38 ./Drivers/BSP/Components/ism6hg256x.o
                0x08009654                ISM6HG256X_GYRO_SetOutputDataRate
 .text.ISM6HG256X_GYRO_GetFullScale
                0x0800968c       0x90 ./Drivers/BSP/Components/ism6hg256x.o
                0x0800968c                ISM6HG256X_GYRO_GetFullScale
 .text.ISM6HG256X_GYRO_SetFullScale
                0x0800971c       0x60 ./Drivers/BSP/Components/ism6hg256x.o
                0x0800971c                ISM6HG256X_GYRO_SetFullScale
 .text.ISM6HG256X_GYRO_GetAxesRaw
                0x0800977c       0x48 ./Drivers/BSP/Components/ism6hg256x.o
                0x0800977c                ISM6HG256X_GYRO_GetAxesRaw
 .text.ISM6HG256X_GYRO_GetAxes
                0x080097c4       0xae ./Drivers/BSP/Components/ism6hg256x.o
                0x080097c4                ISM6HG256X_GYRO_GetAxes
 .text.ISM6HG256X_Write_Reg
                0x08009872       0x36 ./Drivers/BSP/Components/ism6hg256x.o
                0x08009872                ISM6HG256X_Write_Reg
 .text.ISM6HG256X_Set_Mem_Bank
                0x080098a8       0x4c ./Drivers/BSP/Components/ism6hg256x.o
                0x080098a8                ISM6HG256X_Set_Mem_Bank
 .text.ISM6HG256X_ACC_SetOutputDataRate_When_Enabled
                0x080098f4      0x144 ./Drivers/BSP/Components/ism6hg256x.o
 .text.ISM6HG256X_ACC_SetOutputDataRate_When_Disabled
                0x08009a38      0x130 ./Drivers/BSP/Components/ism6hg256x.o
 .text.ISM6HG256X_GYRO_SetOutputDataRate_When_Enabled
                0x08009b68      0x12c ./Drivers/BSP/Components/ism6hg256x.o
 .text.ISM6HG256X_GYRO_SetOutputDataRate_When_Disabled
                0x08009c94      0x11c ./Drivers/BSP/Components/ism6hg256x.o
 .text.ReadRegWrap
                0x08009db0       0x36 ./Drivers/BSP/Components/ism6hg256x.o
 .text.WriteRegWrap
                0x08009de6       0x36 ./Drivers/BSP/Components/ism6hg256x.o
 .text.ism6hg256x_read_reg
                0x08009e1c       0x3c ./Drivers/BSP/Components/ism6hg256x_reg.o
                0x08009e1c                ism6hg256x_read_reg
 .text.ism6hg256x_write_reg
                0x08009e58       0x3c ./Drivers/BSP/Components/ism6hg256x_reg.o
                0x08009e58                ism6hg256x_write_reg
 .text.ism6hg256x_mem_bank_set
                0x08009e94       0x62 ./Drivers/BSP/Components/ism6hg256x_reg.o
                0x08009e94                ism6hg256x_mem_bank_set
 .text.ism6hg256x_device_id_get
                0x08009ef6       0x22 ./Drivers/BSP/Components/ism6hg256x_reg.o
                0x08009ef6                ism6hg256x_device_id_get
 .text.ism6hg256x_xl_data_rate_set
                0x08009f18       0xac ./Drivers/BSP/Components/ism6hg256x_reg.o
                0x08009f18                ism6hg256x_xl_data_rate_set
 .text.ism6hg256x_xl_data_rate_get
                0x08009fc4      0x2c0 ./Drivers/BSP/Components/ism6hg256x_reg.o
                0x08009fc4                ism6hg256x_xl_data_rate_get
 .text.ism6hg256x_hg_xl_data_rate_set
                0x0800a284      0x100 ./Drivers/BSP/Components/ism6hg256x_reg.o
                0x0800a284                ism6hg256x_hg_xl_data_rate_set
 .text.ism6hg256x_hg_xl_data_rate_get
                0x0800a384       0xac ./Drivers/BSP/Components/ism6hg256x_reg.o
                0x0800a384                ism6hg256x_hg_xl_data_rate_get
 .text.ism6hg256x_gy_data_rate_set
                0x0800a430       0xb2 ./Drivers/BSP/Components/ism6hg256x_reg.o
                0x0800a430                ism6hg256x_gy_data_rate_set
 *fill*         0x0800a4e2        0x2 
 .text.ism6hg256x_gy_data_rate_get
                0x0800a4e4      0x2c0 ./Drivers/BSP/Components/ism6hg256x_reg.o
                0x0800a4e4                ism6hg256x_gy_data_rate_get
 .text.ism6hg256x_auto_increment_set
                0x0800a7a4       0x4c ./Drivers/BSP/Components/ism6hg256x_reg.o
                0x0800a7a4                ism6hg256x_auto_increment_set
 .text.ism6hg256x_block_data_update_set
                0x0800a7f0       0x4c ./Drivers/BSP/Components/ism6hg256x_reg.o
                0x0800a7f0                ism6hg256x_block_data_update_set
 .text.ism6hg256x_gy_full_scale_set
                0x0800a83c       0xc0 ./Drivers/BSP/Components/ism6hg256x_reg.o
                0x0800a83c                ism6hg256x_gy_full_scale_set
 .text.ism6hg256x_gy_full_scale_get
                0x0800a8fc       0x88 ./Drivers/BSP/Components/ism6hg256x_reg.o
                0x0800a8fc                ism6hg256x_gy_full_scale_get
 .text.ism6hg256x_xl_full_scale_set
                0x0800a984       0x4c ./Drivers/BSP/Components/ism6hg256x_reg.o
                0x0800a984                ism6hg256x_xl_full_scale_set
 .text.ism6hg256x_xl_full_scale_get
                0x0800a9d0       0x7c ./Drivers/BSP/Components/ism6hg256x_reg.o
                0x0800a9d0                ism6hg256x_xl_full_scale_get
 .text.ism6hg256x_hg_xl_full_scale_set
                0x0800aa4c       0x4c ./Drivers/BSP/Components/ism6hg256x_reg.o
                0x0800aa4c                ism6hg256x_hg_xl_full_scale_set
 .text.ism6hg256x_angular_rate_raw_get
                0x0800aa98       0x9a ./Drivers/BSP/Components/ism6hg256x_reg.o
                0x0800aa98                ism6hg256x_angular_rate_raw_get
 .text.ism6hg256x_acceleration_raw_get
                0x0800ab32       0x9a ./Drivers/BSP/Components/ism6hg256x_reg.o
                0x0800ab32                ism6hg256x_acceleration_raw_get
 .text.ism6hg256x_fifo_mode_set
                0x0800abcc       0x4c ./Drivers/BSP/Components/ism6hg256x_reg.o
                0x0800abcc                ism6hg256x_fifo_mode_set
 .text.IKS5A1_ENV_SENSOR_Init
                0x0800ac18      0x11c ./Drivers/BSP/IKS5A1/iks5a1_env_sensors.o
                0x0800ac18                IKS5A1_ENV_SENSOR_Init
 .text.IKS5A1_ENV_SENSOR_Enable
                0x0800ad34       0x80 ./Drivers/BSP/IKS5A1/iks5a1_env_sensors.o
                0x0800ad34                IKS5A1_ENV_SENSOR_Enable
 .text.IKS5A1_ENV_SENSOR_Disable
                0x0800adb4       0x80 ./Drivers/BSP/IKS5A1/iks5a1_env_sensors.o
                0x0800adb4                IKS5A1_ENV_SENSOR_Disable
 .text.IKS5A1_ENV_SENSOR_GetValue
                0x0800ae34       0x84 ./Drivers/BSP/IKS5A1/iks5a1_env_sensors.o
                0x0800ae34                IKS5A1_ENV_SENSOR_GetValue
 .text.ILPS22QS_0_Probe
                0x0800aeb8      0x19c ./Drivers/BSP/IKS5A1/iks5a1_env_sensors.o
 .text.IKS5A1_MOTION_SENSOR_Init
                0x0800b054      0x264 ./Drivers/BSP/IKS5A1/iks5a1_motion_sensors.o
                0x0800b054                IKS5A1_MOTION_SENSOR_Init
 .text.IKS5A1_MOTION_SENSOR_Enable
                0x0800b2b8       0x84 ./Drivers/BSP/IKS5A1/iks5a1_motion_sensors.o
                0x0800b2b8                IKS5A1_MOTION_SENSOR_Enable
 .text.IKS5A1_MOTION_SENSOR_Disable
                0x0800b33c       0x84 ./Drivers/BSP/IKS5A1/iks5a1_motion_sensors.o
                0x0800b33c                IKS5A1_MOTION_SENSOR_Disable
 .text.IKS5A1_MOTION_SENSOR_GetAxes
                0x0800b3c0       0x88 ./Drivers/BSP/IKS5A1/iks5a1_motion_sensors.o
                0x0800b3c0                IKS5A1_MOTION_SENSOR_GetAxes
 .text.IKS5A1_MOTION_SENSOR_SetOutputDataRate
                0x0800b448       0x8c ./Drivers/BSP/IKS5A1/iks5a1_motion_sensors.o
                0x0800b448                IKS5A1_MOTION_SENSOR_SetOutputDataRate
 .text.IKS5A1_MOTION_SENSOR_SetFullScale
                0x0800b4d4       0x88 ./Drivers/BSP/IKS5A1/iks5a1_motion_sensors.o
                0x0800b4d4                IKS5A1_MOTION_SENSOR_SetFullScale
 .text.ISM6HG256X_0_Probe
                0x0800b55c      0x194 ./Drivers/BSP/IKS5A1/iks5a1_motion_sensors.o
 .text.ISM330IS_0_Probe
                0x0800b6f0      0x198 ./Drivers/BSP/IKS5A1/iks5a1_motion_sensors.o
 .text.IIS2DULPX_0_Probe
                0x0800b888      0x158 ./Drivers/BSP/IKS5A1/iks5a1_motion_sensors.o
 .text.IIS2MDC_0_Probe
                0x0800b9e0      0x158 ./Drivers/BSP/IKS5A1/iks5a1_motion_sensors.o
 .text.SystemInit
                0x0800bb38       0x24 ./Drivers/CMSIS/system_stm32f4xx.o
                0x0800bb38                SystemInit
 .text.HAL_Init
                0x0800bb5c       0x44 ./Drivers/STM32F4xx_HAL_Driver/stm32f4xx_hal.o
                0x0800bb5c                HAL_Init
 .text.HAL_InitTick
                0x0800bba0       0x60 ./Drivers/STM32F4xx_HAL_Driver/stm32f4xx_hal.o
                0x0800bba0                HAL_InitTick
 .text.HAL_IncTick
                0x0800bc00       0x28 ./Drivers/STM32F4xx_HAL_Driver/stm32f4xx_hal.o
                0x0800bc00                HAL_IncTick
 .text.HAL_GetTick
                0x0800bc28       0x18 ./Drivers/STM32F4xx_HAL_Driver/stm32f4xx_hal.o
                0x0800bc28                HAL_GetTick
 .text.HAL_Delay
                0x0800bc40       0x48 ./Drivers/STM32F4xx_HAL_Driver/stm32f4xx_hal.o
                0x0800bc40                HAL_Delay
 .text.__NVIC_SetPriorityGrouping
                0x0800bc88       0x48 ./Drivers/STM32F4xx_HAL_Driver/stm32f4xx_hal_cortex.o
 .text.__NVIC_GetPriorityGrouping
                0x0800bcd0       0x1c ./Drivers/STM32F4xx_HAL_Driver/stm32f4xx_hal_cortex.o
 .text.__NVIC_EnableIRQ
                0x0800bcec       0x3c ./Drivers/STM32F4xx_HAL_Driver/stm32f4xx_hal_cortex.o
 .text.__NVIC_SetPriority
                0x0800bd28       0x54 ./Drivers/STM32F4xx_HAL_Driver/stm32f4xx_hal_cortex.o
 .text.NVIC_EncodePriority
                0x0800bd7c       0x66 ./Drivers/STM32F4xx_HAL_Driver/stm32f4xx_hal_cortex.o
 *fill*         0x0800bde2        0x2 
 .text.SysTick_Config
                0x0800bde4       0x44 ./Drivers/STM32F4xx_HAL_Driver/stm32f4xx_hal_cortex.o
 .text.HAL_NVIC_SetPriorityGrouping
                0x0800be28       0x16 ./Drivers/STM32F4xx_HAL_Driver/stm32f4xx_hal_cortex.o
                0x0800be28                HAL_NVIC_SetPriorityGrouping
 .text.HAL_NVIC_SetPriority
                0x0800be3e       0x38 ./Drivers/STM32F4xx_HAL_Driver/stm32f4xx_hal_cortex.o
                0x0800be3e                HAL_NVIC_SetPriority
 .text.HAL_NVIC_EnableIRQ
                0x0800be76       0x1c ./Drivers/STM32F4xx_HAL_Driver/stm32f4xx_hal_cortex.o
                0x0800be76                HAL_NVIC_EnableIRQ
 .text.HAL_SYSTICK_Config
                0x0800be92       0x18 ./Drivers/STM32F4xx_HAL_Driver/stm32f4xx_hal_cortex.o
                0x0800be92                HAL_SYSTICK_Config
 .text.HAL_CRC_Init
                0x0800beaa       0x38 ./Drivers/STM32F4xx_HAL_Driver/stm32f4xx_hal_crc.o
                0x0800beaa                HAL_CRC_Init
 *fill*         0x0800bee2        0x2 
 .text.HAL_DMA_Init
                0x0800bee4      0x15c ./Drivers/STM32F4xx_HAL_Driver/stm32f4xx_hal_dma.o
                0x0800bee4                HAL_DMA_Init
 .text.HAL_DMA_Start_IT
                0x0800c040       0xb0 ./Drivers/STM32F4xx_HAL_Driver/stm32f4xx_hal_dma.o
                0x0800c040                HAL_DMA_Start_IT
 .text.HAL_DMA_IRQHandler
                0x0800c0f0      0x314 ./Drivers/STM32F4xx_HAL_Driver/stm32f4xx_hal_dma.o
                0x0800c0f0                HAL_DMA_IRQHandler
 .text.DMA_SetConfig
                0x0800c404       0x5c ./Drivers/STM32F4xx_HAL_Driver/stm32f4xx_hal_dma.o
 .text.DMA_CalcBaseAndBitshift
                0x0800c460       0x6c ./Drivers/STM32F4xx_HAL_Driver/stm32f4xx_hal_dma.o
 .text.DMA_CheckFifoParam
                0x0800c4cc       0xf8 ./Drivers/STM32F4xx_HAL_Driver/stm32f4xx_hal_dma.o
 .text.HAL_EXTI_RegisterCallback
                0x0800c5c4       0x34 ./Drivers/STM32F4xx_HAL_Driver/stm32f4xx_hal_exti.o
                0x0800c5c4                HAL_EXTI_RegisterCallback
 .text.HAL_EXTI_GetHandle
                0x0800c5f8       0x28 ./Drivers/STM32F4xx_HAL_Driver/stm32f4xx_hal_exti.o
                0x0800c5f8                HAL_EXTI_GetHandle
 .text.HAL_EXTI_IRQHandler
                0x0800c620       0x48 ./Drivers/STM32F4xx_HAL_Driver/stm32f4xx_hal_exti.o
                0x0800c620                HAL_EXTI_IRQHandler
 .text.HAL_GPIO_Init
                0x0800c668      0x308 ./Drivers/STM32F4xx_HAL_Driver/stm32f4xx_hal_gpio.o
                0x0800c668                HAL_GPIO_Init
 .text.HAL_GPIO_DeInit
                0x0800c970      0x1c8 ./Drivers/STM32F4xx_HAL_Driver/stm32f4xx_hal_gpio.o
                0x0800c970                HAL_GPIO_DeInit
 .text.HAL_GPIO_ReadPin
                0x0800cb38       0x30 ./Drivers/STM32F4xx_HAL_Driver/stm32f4xx_hal_gpio.o
                0x0800cb38                HAL_GPIO_ReadPin
 .text.HAL_GPIO_WritePin
                0x0800cb68       0x32 ./Drivers/STM32F4xx_HAL_Driver/stm32f4xx_hal_gpio.o
                0x0800cb68                HAL_GPIO_WritePin
 *fill*         0x0800cb9a        0x2 
 .text.HAL_I2C_Init
                0x0800cb9c      0x288 ./Drivers/STM32F4xx_HAL_Driver/stm32f4xx_hal_i2c.o
                0x0800cb9c                HAL_I2C_Init
 .text.HAL_I2C_DeInit
                0x0800ce24       0x5e ./Drivers/STM32F4xx_HAL_Driver/stm32f4xx_hal_i2c.o
                0x0800ce24                HAL_I2C_DeInit
 .text.HAL_I2C_MspInit
                0x0800ce82       0x14 ./Drivers/STM32F4xx_HAL_Driver/stm32f4xx_hal_i2c.o
                0x0800ce82                HAL_I2C_MspInit
 .text.HAL_I2C_MspDeInit
                0x0800ce96       0x14 ./Drivers/STM32F4xx_HAL_Driver/stm32f4xx_hal_i2c.o
                0x0800ce96                HAL_I2C_MspDeInit
 *fill*         0x0800ceaa        0x2 
 .text.HAL_I2C_Mem_Write
                0x0800ceac      0x1f4 ./Drivers/STM32F4xx_HAL_Driver/stm32f4xx_hal_i2c.o
                0x0800ceac                HAL_I2C_Mem_Write
 .text.HAL_I2C_Mem_Read
                0x0800d0a0      0x464 ./Drivers/STM32F4xx_HAL_Driver/stm32f4xx_hal_i2c.o
                0x0800d0a0                HAL_I2C_Mem_Read
 .text.HAL_I2C_GetState
                0x0800d504       0x1c ./Drivers/STM32F4xx_HAL_Driver/stm32f4xx_hal_i2c.o
                0x0800d504                HAL_I2C_GetState
 .text.HAL_I2C_GetError
                0x0800d520       0x18 ./Drivers/STM32F4xx_HAL_Driver/stm32f4xx_hal_i2c.o
                0x0800d520                HAL_I2C_GetError
 .text.I2C_RequestMemoryWrite
                0x0800d538      0x12c ./Drivers/STM32F4xx_HAL_Driver/stm32f4xx_hal_i2c.o
 .text.I2C_RequestMemoryRead
                0x0800d664      0x1d0 ./Drivers/STM32F4xx_HAL_Driver/stm32f4xx_hal_i2c.o
 .text.I2C_WaitOnFlagUntilTimeout
                0x0800d834       0xf4 ./Drivers/STM32F4xx_HAL_Driver/stm32f4xx_hal_i2c.o
 .text.I2C_WaitOnMasterAddressFlagUntilTimeout
                0x0800d928      0x140 ./Drivers/STM32F4xx_HAL_Driver/stm32f4xx_hal_i2c.o
 .text.I2C_WaitOnTXEFlagUntilTimeout
                0x0800da68       0x90 ./Drivers/STM32F4xx_HAL_Driver/stm32f4xx_hal_i2c.o
 .text.I2C_WaitOnBTFFlagUntilTimeout
                0x0800daf8       0x90 ./Drivers/STM32F4xx_HAL_Driver/stm32f4xx_hal_i2c.o
 .text.I2C_WaitOnRXNEFlagUntilTimeout
                0x0800db88       0xba ./Drivers/STM32F4xx_HAL_Driver/stm32f4xx_hal_i2c.o
 .text.I2C_IsAcknowledgeFailed
                0x0800dc42       0x5e ./Drivers/STM32F4xx_HAL_Driver/stm32f4xx_hal_i2c.o
 .text.HAL_RCC_OscConfig
                0x0800dca0      0x4f0 ./Drivers/STM32F4xx_HAL_Driver/stm32f4xx_hal_rcc.o
                0x0800dca0                HAL_RCC_OscConfig
 .text.HAL_RCC_ClockConfig
                0x0800e190      0x1cc ./Drivers/STM32F4xx_HAL_Driver/stm32f4xx_hal_rcc.o
                0x0800e190                HAL_RCC_ClockConfig
 .text.HAL_RCC_GetSysClockFreq
                0x0800e35c      0x20c ./Drivers/STM32F4xx_HAL_Driver/stm32f4xx_hal_rcc.o
                0x0800e35c                HAL_RCC_GetSysClockFreq
 .text.HAL_RCC_GetHCLKFreq
                0x0800e568       0x18 ./Drivers/STM32F4xx_HAL_Driver/stm32f4xx_hal_rcc.o
                0x0800e568                HAL_RCC_GetHCLKFreq
 .text.HAL_RCC_GetPCLK1Freq
                0x0800e580       0x28 ./Drivers/STM32F4xx_HAL_Driver/stm32f4xx_hal_rcc.o
                0x0800e580                HAL_RCC_GetPCLK1Freq
 .text.HAL_RCC_GetPCLK2Freq
                0x0800e5a8       0x28 ./Drivers/STM32F4xx_HAL_Driver/stm32f4xx_hal_rcc.o
                0x0800e5a8                HAL_RCC_GetPCLK2Freq
 .text.HAL_RCCEx_PeriphCLKConfig
                0x0800e5d0      0x1dc ./Drivers/STM32F4xx_HAL_Driver/stm32f4xx_hal_rcc_ex.o
                0x0800e5d0                HAL_RCCEx_PeriphCLKConfig
 .text.HAL_RTC_Init
                0x0800e7ac      0x102 ./Drivers/STM32F4xx_HAL_Driver/stm32f4xx_hal_rtc.o
                0x0800e7ac                HAL_RTC_Init
 .text.HAL_RTC_SetTime
                0x0800e8ae      0x134 ./Drivers/STM32F4xx_HAL_Driver/stm32f4xx_hal_rtc.o
                0x0800e8ae                HAL_RTC_SetTime
 .text.HAL_RTC_GetTime
                0x0800e9e2       0xbc ./Drivers/STM32F4xx_HAL_Driver/stm32f4xx_hal_rtc.o
                0x0800e9e2                HAL_RTC_GetTime
 .text.HAL_RTC_SetDate
                0x0800ea9e      0x108 ./Drivers/STM32F4xx_HAL_Driver/stm32f4xx_hal_rtc.o
                0x0800ea9e                HAL_RTC_SetDate
 .text.HAL_RTC_GetDate
                0x0800eba6       0x9e ./Drivers/STM32F4xx_HAL_Driver/stm32f4xx_hal_rtc.o
                0x0800eba6                HAL_RTC_GetDate
 .text.HAL_RTC_WaitForSynchro
                0x0800ec44       0x4c ./Drivers/STM32F4xx_HAL_Driver/stm32f4xx_hal_rtc.o
                0x0800ec44                HAL_RTC_WaitForSynchro
 .text.RTC_EnterInitMode
                0x0800ec90       0x6e ./Drivers/STM32F4xx_HAL_Driver/stm32f4xx_hal_rtc.o
                0x0800ec90                RTC_EnterInitMode
 .text.RTC_ExitInitMode
                0x0800ecfe       0x4a ./Drivers/STM32F4xx_HAL_Driver/stm32f4xx_hal_rtc.o
                0x0800ecfe                RTC_ExitInitMode
 .text.RTC_ByteToBcd2
                0x0800ed48       0x3c ./Drivers/STM32F4xx_HAL_Driver/stm32f4xx_hal_rtc.o
                0x0800ed48                RTC_ByteToBcd2
 .text.RTC_Bcd2ToByte
                0x0800ed84       0x3c ./Drivers/STM32F4xx_HAL_Driver/stm32f4xx_hal_rtc.o
                0x0800ed84                RTC_Bcd2ToByte
 .text.HAL_TIM_Base_Init
                0x0800edc0       0x9e ./Drivers/STM32F4xx_HAL_Driver/stm32f4xx_hal_tim.o
                0x0800edc0                HAL_TIM_Base_Init
 *fill*         0x0800ee5e        0x2 
 .text.HAL_TIM_Base_Start_IT
                0x0800ee60       0xc4 ./Drivers/STM32F4xx_HAL_Driver/stm32f4xx_hal_tim.o
                0x0800ee60                HAL_TIM_Base_Start_IT
 .text.HAL_TIM_Base_Stop_IT
                0x0800ef24       0x5e ./Drivers/STM32F4xx_HAL_Driver/stm32f4xx_hal_tim.o
                0x0800ef24                HAL_TIM_Base_Stop_IT
 .text.HAL_TIM_IRQHandler
                0x0800ef82      0x1e0 ./Drivers/STM32F4xx_HAL_Driver/stm32f4xx_hal_tim.o
                0x0800ef82                HAL_TIM_IRQHandler
 .text.HAL_TIM_ConfigClockSource
                0x0800f162      0x18e ./Drivers/STM32F4xx_HAL_Driver/stm32f4xx_hal_tim.o
                0x0800f162                HAL_TIM_ConfigClockSource
 .text.HAL_TIM_OC_DelayElapsedCallback
                0x0800f2f0       0x14 ./Drivers/STM32F4xx_HAL_Driver/stm32f4xx_hal_tim.o
                0x0800f2f0                HAL_TIM_OC_DelayElapsedCallback
 .text.HAL_TIM_IC_CaptureCallback
                0x0800f304       0x14 ./Drivers/STM32F4xx_HAL_Driver/stm32f4xx_hal_tim.o
                0x0800f304                HAL_TIM_IC_CaptureCallback
 .text.HAL_TIM_PWM_PulseFinishedCallback
                0x0800f318       0x14 ./Drivers/STM32F4xx_HAL_Driver/stm32f4xx_hal_tim.o
                0x0800f318                HAL_TIM_PWM_PulseFinishedCallback
 .text.HAL_TIM_TriggerCallback
                0x0800f32c       0x14 ./Drivers/STM32F4xx_HAL_Driver/stm32f4xx_hal_tim.o
                0x0800f32c                HAL_TIM_TriggerCallback
 .text.TIM_Base_SetConfig
                0x0800f340      0x10c ./Drivers/STM32F4xx_HAL_Driver/stm32f4xx_hal_tim.o
                0x0800f340                TIM_Base_SetConfig
 .text.TIM_TI1_ConfigInputStage
                0x0800f44c       0x5e ./Drivers/STM32F4xx_HAL_Driver/stm32f4xx_hal_tim.o
 .text.TIM_TI2_ConfigInputStage
                0x0800f4aa       0x60 ./Drivers/STM32F4xx_HAL_Driver/stm32f4xx_hal_tim.o
 .text.TIM_ITRx_SetConfig
                0x0800f50a       0x36 ./Drivers/STM32F4xx_HAL_Driver/stm32f4xx_hal_tim.o
 .text.TIM_ETR_SetConfig
                0x0800f540       0x40 ./Drivers/STM32F4xx_HAL_Driver/stm32f4xx_hal_tim.o
                0x0800f540                TIM_ETR_SetConfig
 .text.HAL_TIMEx_MasterConfigSynchronization
                0x0800f580       0xdc ./Drivers/STM32F4xx_HAL_Driver/stm32f4xx_hal_tim_ex.o
                0x0800f580                HAL_TIMEx_MasterConfigSynchronization
 .text.HAL_TIMEx_CommutCallback
                0x0800f65c       0x14 ./Drivers/STM32F4xx_HAL_Driver/stm32f4xx_hal_tim_ex.o
                0x0800f65c                HAL_TIMEx_CommutCallback
 .text.HAL_TIMEx_BreakCallback
                0x0800f670       0x14 ./Drivers/STM32F4xx_HAL_Driver/stm32f4xx_hal_tim_ex.o
                0x0800f670                HAL_TIMEx_BreakCallback
 .text.HAL_UART_Init
                0x0800f684       0xa0 ./Drivers/STM32F4xx_HAL_Driver/stm32f4xx_hal_uart.o
                0x0800f684                HAL_UART_Init
 .text.HAL_UART_MspInit
                0x0800f724       0x14 ./Drivers/STM32F4xx_HAL_Driver/stm32f4xx_hal_uart.o
                0x0800f724                HAL_UART_MspInit
 .text.HAL_UART_Transmit
                0x0800f738      0x116 ./Drivers/STM32F4xx_HAL_Driver/stm32f4xx_hal_uart.o
                0x0800f738                HAL_UART_Transmit
 .text.HAL_UART_Receive_DMA
                0x0800f84e       0x4a ./Drivers/STM32F4xx_HAL_Driver/stm32f4xx_hal_uart.o
                0x0800f84e                HAL_UART_Receive_DMA
 .text.HAL_UART_RxCpltCallback
                0x0800f898       0x14 ./Drivers/STM32F4xx_HAL_Driver/stm32f4xx_hal_uart.o
                0x0800f898                HAL_UART_RxCpltCallback
 .text.HAL_UART_RxHalfCpltCallback
                0x0800f8ac       0x14 ./Drivers/STM32F4xx_HAL_Driver/stm32f4xx_hal_uart.o
                0x0800f8ac                HAL_UART_RxHalfCpltCallback
 .text.HAL_UART_ErrorCallback
                0x0800f8c0       0x14 ./Drivers/STM32F4xx_HAL_Driver/stm32f4xx_hal_uart.o
                0x0800f8c0                HAL_UART_ErrorCallback
 .text.HAL_UARTEx_RxEventCallback
                0x0800f8d4       0x18 ./Drivers/STM32F4xx_HAL_Driver/stm32f4xx_hal_uart.o
                0x0800f8d4                HAL_UARTEx_RxEventCallback
 .text.UART_DMAReceiveCplt
                0x0800f8ec      0x12c ./Drivers/STM32F4xx_HAL_Driver/stm32f4xx_hal_uart.o
 .text.UART_DMARxHalfCplt
                0x0800fa18       0x3c ./Drivers/STM32F4xx_HAL_Driver/stm32f4xx_hal_uart.o
 .text.UART_DMAError
                0x0800fa54       0x94 ./Drivers/STM32F4xx_HAL_Driver/stm32f4xx_hal_uart.o
 .text.UART_WaitOnFlagUntilTimeout
                0x0800fae8       0xb2 ./Drivers/STM32F4xx_HAL_Driver/stm32f4xx_hal_uart.o
 *fill*         0x0800fb9a        0x2 
 .text.UART_Start_Receive_DMA
                0x0800fb9c      0x14c ./Drivers/STM32F4xx_HAL_Driver/stm32f4xx_hal_uart.o
                0x0800fb9c                UART_Start_Receive_DMA
 .text.UART_EndTxTransfer
                0x0800fce8       0x50 ./Drivers/STM32F4xx_HAL_Driver/stm32f4xx_hal_uart.o
 .text.UART_EndRxTransfer
                0x0800fd38       0xc6 ./Drivers/STM32F4xx_HAL_Driver/stm32f4xx_hal_uart.o
 *fill*         0x0800fdfe        0x2 
 .text.UART_SetConfig
                0x0800fe00      0x4e8 ./Drivers/STM32F4xx_HAL_Driver/stm32f4xx_hal_uart.o
 .text.DataHist_parameters
                0x080102e8      0x158 ../../../../../../../Middlewares/ST/STM32_MotionFX_Library/Lib\MotionFX_CM4F_wc32_ot_hard.a(motion_fx.o)
 .text.rotVect  0x08010440       0xc4 ../../../../../../../Middlewares/ST/STM32_MotionFX_Library/Lib\MotionFX_CM4F_wc32_ot_hard.a(motion_fx.o)
 .text.findAxis
                0x08010504       0xdc ../../../../../../../Middlewares/ST/STM32_MotionFX_Library/Lib\MotionFX_CM4F_wc32_ot_hard.a(motion_fx.o)
 .text.findDirection
                0x080105e0      0x1f8 ../../../../../../../Middlewares/ST/STM32_MotionFX_Library/Lib\MotionFX_CM4F_wc32_ot_hard.a(motion_fx.o)
 .text.updateOrientation
                0x080107d8      0x108 ../../../../../../../Middlewares/ST/STM32_MotionFX_Library/Lib\MotionFX_CM4F_wc32_ot_hard.a(motion_fx.o)
 .text.qmult    0x080108e0       0x74 ../../../../../../../Middlewares/ST/STM32_MotionFX_Library/Lib\MotionFX_CM4F_wc32_ot_hard.a(motion_fx.o)
 .text.dataDerivative5
                0x08010954       0x8c ../../../../../../../Middlewares/ST/STM32_MotionFX_Library/Lib\MotionFX_CM4F_wc32_ot_hard.a(motion_fx.o)
 .text.b_dcm2q  0x080109e0      0x140 ../../../../../../../Middlewares/ST/STM32_MotionFX_Library/Lib\MotionFX_CM4F_wc32_ot_hard.a(motion_fx.o)
 .text.getRotationMatrix
                0x08010b20      0x140 ../../../../../../../Middlewares/ST/STM32_MotionFX_Library/Lib\MotionFX_CM4F_wc32_ot_hard.a(motion_fx.o)
 .text.kf_update
                0x08010c60      0xe14 ../../../../../../../Middlewares/ST/STM32_MotionFX_Library/Lib\MotionFX_CM4F_wc32_ot_hard.a(motion_fx.o)
 .text.q2hpr    0x08011a74      0x104 ../../../../../../../Middlewares/ST/STM32_MotionFX_Library/Lib\MotionFX_CM4F_wc32_ot_hard.a(motion_fx.o)
 .text.llEvaluate.constprop.0
                0x08011b78       0xf0 ../../../../../../../Middlewares/ST/STM32_MotionFX_Library/Lib\MotionFX_CM4F_wc32_ot_hard.a(motion_fx.o)
 .text.getMagStats.constprop.0
                0x08011c68      0x1e0 ../../../../../../../Middlewares/ST/STM32_MotionFX_Library/Lib\MotionFX_CM4F_wc32_ot_hard.a(motion_fx.o)
 .text.MEMS_updateMagBufferIndex.constprop.0
                0x08011e48      0x1c0 ../../../../../../../Middlewares/ST/STM32_MotionFX_Library/Lib\MotionFX_CM4F_wc32_ot_hard.a(motion_fx.o)
 .text.output_update
                0x08012008      0x19c ../../../../../../../Middlewares/ST/STM32_MotionFX_Library/Lib\MotionFX_CM4F_wc32_ot_hard.a(motion_fx.o)
 .text.MFX_emptyAttitude
                0x080121a4      0x5d0 ../../../../../../../Middlewares/ST/STM32_MotionFX_Library/Lib\MotionFX_CM4F_wc32_ot_hard.a(motion_fx.o)
 *fill*         0x08012774        0x4 
 .text.iNemoEngine_API_Update
                0x08012778     0x4598 ../../../../../../../Middlewares/ST/STM32_MotionFX_Library/Lib\MotionFX_CM4F_wc32_ot_hard.a(motion_fx.o)
 .text.MEMS_runMagCal.constprop.0
                0x08016d10     0x2434 ../../../../../../../Middlewares/ST/STM32_MotionFX_Library/Lib\MotionFX_CM4F_wc32_ot_hard.a(motion_fx.o)
 .text.MotionFX_GetStateSize
                0x08019144        0x8 ../../../../../../../Middlewares/ST/STM32_MotionFX_Library/Lib\MotionFX_CM4F_wc32_ot_hard.a(motion_fx.o)
                0x08019144                MotionFX_GetStateSize
 .text.MotionFX_initialize
                0x0801914c      0x170 ../../../../../../../Middlewares/ST/STM32_MotionFX_Library/Lib\MotionFX_CM4F_wc32_ot_hard.a(motion_fx.o)
                0x0801914c                MotionFX_initialize
 .text.MotionFX_setKnobs
                0x080192bc       0x98 ../../../../../../../Middlewares/ST/STM32_MotionFX_Library/Lib\MotionFX_CM4F_wc32_ot_hard.a(motion_fx.o)
                0x080192bc                MotionFX_setKnobs
 .text.MotionFX_getKnobs
                0x08019354       0x7c ../../../../../../../Middlewares/ST/STM32_MotionFX_Library/Lib\MotionFX_CM4F_wc32_ot_hard.a(motion_fx.o)
                0x08019354                MotionFX_getKnobs
 .text.MotionFX_enable_6X
                0x080193d0       0x40 ../../../../../../../Middlewares/ST/STM32_MotionFX_Library/Lib\MotionFX_CM4F_wc32_ot_hard.a(motion_fx.o)
                0x080193d0                MotionFX_enable_6X
 .text.MotionFX_enable_9X
                0x08019410       0x40 ../../../../../../../Middlewares/ST/STM32_MotionFX_Library/Lib\MotionFX_CM4F_wc32_ot_hard.a(motion_fx.o)
                0x08019410                MotionFX_enable_9X
 .text.MotionFX_update
                0x08019450       0x20 ../../../../../../../Middlewares/ST/STM32_MotionFX_Library/Lib\MotionFX_CM4F_wc32_ot_hard.a(motion_fx.o)
                0x08019450                MotionFX_update
 .text.MotionFX_propagate
                0x08019470      0x1f8 ../../../../../../../Middlewares/ST/STM32_MotionFX_Library/Lib\MotionFX_CM4F_wc32_ot_hard.a(motion_fx.o)
                0x08019470                MotionFX_propagate
 .text.MotionFX_MagCal_init
                0x08019668      0x120 ../../../../../../../Middlewares/ST/STM32_MotionFX_Library/Lib\MotionFX_CM4F_wc32_ot_hard.a(motion_fx.o)
                0x08019668                MotionFX_MagCal_init
 .text.MotionFX_MagCal_run
                0x08019788      0x464 ../../../../../../../Middlewares/ST/STM32_MotionFX_Library/Lib\MotionFX_CM4F_wc32_ot_hard.a(motion_fx.o)
                0x08019788                MotionFX_MagCal_run
 .text.MotionFX_MagCal_getParams
                0x08019bec       0x8c ../../../../../../../Middlewares/ST/STM32_MotionFX_Library/Lib\MotionFX_CM4F_wc32_ot_hard.a(motion_fx.o)
                0x08019bec                MotionFX_MagCal_getParams
 .text.MotionFX_GetLibVersion
                0x08019c78       0x58 ../../../../../../../Middlewares/ST/STM32_MotionFX_Library/Lib\MotionFX_CM4F_wc32_ot_hard.a(motion_fx.o)
                0x08019c78                MotionFX_GetLibVersion
 .text.std      0x08019cd0       0x6c C:/ST/STM32CubeIDE_2.1.1/STM32CubeIDE/plugins/com.st.stm32cube.ide.mcu.externaltools.gnu-tools-for-stm32.14.3.rel1.win32_1.0.100.202602081740/tools/bin/../lib/gcc/arm-none-eabi/14.3.1/../../../../arm-none-eabi/lib/thumb/v7e-m+fp/hard\libc_nano.a(libc_a-findfp.o)
 .text.stdio_exit_handler
                0x08019d3c       0x18 C:/ST/STM32CubeIDE_2.1.1/STM32CubeIDE/plugins/com.st.stm32cube.ide.mcu.externaltools.gnu-tools-for-stm32.14.3.rel1.win32_1.0.100.202602081740/tools/bin/../lib/gcc/arm-none-eabi/14.3.1/../../../../arm-none-eabi/lib/thumb/v7e-m+fp/hard\libc_nano.a(libc_a-findfp.o)
 .text.cleanup_stdio
                0x08019d54       0x40 C:/ST/STM32CubeIDE_2.1.1/STM32CubeIDE/plugins/com.st.stm32cube.ide.mcu.externaltools.gnu-tools-for-stm32.14.3.rel1.win32_1.0.100.202602081740/tools/bin/../lib/gcc/arm-none-eabi/14.3.1/../../../../arm-none-eabi/lib/thumb/v7e-m+fp/hard\libc_nano.a(libc_a-findfp.o)
 .text.global_stdio_init.part.0
                0x08019d94       0x40 C:/ST/STM32CubeIDE_2.1.1/STM32CubeIDE/plugins/com.st.stm32cube.ide.mcu.externaltools.gnu-tools-for-stm32.14.3.rel1.win32_1.0.100.202602081740/tools/bin/../lib/gcc/arm-none-eabi/14.3.1/../../../../arm-none-eabi/lib/thumb/v7e-m+fp/hard\libc_nano.a(libc_a-findfp.o)
 .text.__sfp_lock_acquire
                0x08019dd4        0xc C:/ST/STM32CubeIDE_2.1.1/STM32CubeIDE/plugins/com.st.stm32cube.ide.mcu.externaltools.gnu-tools-for-stm32.14.3.rel1.win32_1.0.100.202602081740/tools/bin/../lib/gcc/arm-none-eabi/14.3.1/../../../../arm-none-eabi/lib/thumb/v7e-m+fp/hard\libc_nano.a(libc_a-findfp.o)
                0x08019dd4                __sfp_lock_acquire
 .text.__sfp_lock_release
                0x08019de0        0xc C:/ST/STM32CubeIDE_2.1.1/STM32CubeIDE/plugins/com.st.stm32cube.ide.mcu.externaltools.gnu-tools-for-stm32.14.3.rel1.win32_1.0.100.202602081740/tools/bin/../lib/gcc/arm-none-eabi/14.3.1/../../../../arm-none-eabi/lib/thumb/v7e-m+fp/hard\libc_nano.a(libc_a-findfp.o)
                0x08019de0                __sfp_lock_release
 .text.__sinit  0x08019dec       0x30 C:/ST/STM32CubeIDE_2.1.1/STM32CubeIDE/plugins/com.st.stm32cube.ide.mcu.externaltools.gnu-tools-for-stm32.14.3.rel1.win32_1.0.100.202602081740/tools/bin/../lib/gcc/arm-none-eabi/14.3.1/../../../../arm-none-eabi/lib/thumb/v7e-m+fp/hard\libc_nano.a(libc_a-findfp.o)
                0x08019dec                __sinit
 .text._fwalk_sglue