C:/Users/bence/Downloads/x-cube-mems1/Drivers/BSP/Components/iis2mdc/iis2mdc_reg.c:47:16:iis2mdc_read_reg	40	static
C:/Users/bence/Downloads/x-cube-mems1/Drivers/BSP/Components/iis2mdc/iis2mdc_reg.c:73:16:iis2mdc_write_reg	40	static
C:/Users/bence/Downloads/x-cube-mems1/Drivers/BSP/Components/iis2mdc/iis2mdc_reg.c:101:9:iis2mdc_from_lsb_to_mgauss	16	static
C:/Users/bence/Downloads/x-cube-mems1/Drivers/BSP/Components/iis2mdc/iis2mdc_reg.c:106:9:iis2mdc_from_lsb_to_celsius	16	static
C:/Users/bence/Downloads/x-cube-mems1/Drivers/BSP/Components/iis2mdc/iis2mdc_reg.c:137:9:iis2mdc_mag_user_offset_set	32	static
C:/Users/bence/Downloads/x-cube-mems1/Drivers/BSP/Components/iis2mdc/iis2mdc_reg.c:166:9:iis2mdc_mag_user_offset_get	32	static
C:/Users/bence/Downloads/x-cube-mems1/Drivers/BSP/Components/iis2mdc/iis2mdc_reg.c:192:9:iis2mdc_operating_mode_set	24	static
C:/Users/bence/Downloads/x-cube-mems1/Drivers/BSP/Components/iis2mdc/iis2mdc_reg.c:217:9:iis2mdc_operating_mode_get	24	static
C:/Users/bence/Downloads/x-cube-mems1/Drivers/BSP/Components/iis2mdc/iis2mdc_reg.c:256:9:iis2mdc_data_rate_set	24	static
C:/Users/bence/Downloads/x-cube-mems1/Drivers/BSP/Components/iis2mdc/iis2mdc_reg.c:280:9:iis2mdc_data_rate_get	24	static
C:/Users/bence/Downloads/x-cube-mems1/Drivers/BSP/Components/iis2mdc/iis2mdc_reg.c:322:9:iis2mdc_power_mode_set	24	static
C:/Users/bence/Downloads/x-cube-mems1/Drivers/BSP/Components/iis2mdc/iis2mdc_reg.c:346:9:iis2mdc_power_mode_get	24	static
C:/Users/bence/Downloads/x-cube-mems1/Drivers/BSP/Components/iis2mdc/iis2mdc_reg.c:380:9:iis2mdc_offset_temp_comp_set	24	static
C:/Users/bence/Downloads/x-cube-mems1/Drivers/BSP/Components/iis2mdc/iis2mdc_reg.c:404:9:iis2mdc_offset_temp_comp_get	24	static
C:/Users/bence/Downloads/x-cube-mems1/Drivers/BSP/Components/iis2mdc/iis2mdc_reg.c:425:9:iis2mdc_low_pass_bandwidth_set	24	static
C:/Users/bence/Downloads/x-cube-mems1/Drivers/BSP/Components/iis2mdc/iis2mdc_reg.c:450:9:iis2mdc_low_pass_bandwidth_get	24	static
C:/Users/bence/Downloads/x-cube-mems1/Drivers/BSP/Components/iis2mdc/iis2mdc_reg.c:486:9:iis2mdc_set_rst_mode_set	24	static
C:/Users/bence/Downloads/x-cube-mems1/Drivers/BSP/Components/iis2mdc/iis2mdc_reg.c:511:9:iis2mdc_set_rst_mode_get	24	static
C:/Users/bence/Downloads/x-cube-mems1/Drivers/BSP/Components/iis2mdc/iis2mdc_reg.c:555:9:iis2mdc_off_canc_en_set	24	static
C:/Users/bence/Downloads/x-cube-mems1/Drivers/BSP/Components/iis2mdc/iis2mdc_reg.c:583:9:iis2mdc_off_canc_en_get	24	static
C:/Users/bence/Downloads/x-cube-mems1/Drivers/BSP/Components/iis2mdc/iis2mdc_reg.c:604:9:iis2mdc_block_data_update_set	24	static
C:/Users/bence/Downloads/x-cube-mems1/Drivers/BSP/Components/iis2mdc/iis2mdc_reg.c:628:9:iis2mdc_block_data_update_get	24	static
C:/Users/bence/Downloads/x-cube-mems1/Drivers/BSP/Components/iis2mdc/iis2mdc_reg.c:649:9:iis2mdc_mag_data_ready_get	24	static
C:/Users/bence/Downloads/x-cube-mems1/Drivers/BSP/Components/iis2mdc/iis2mdc_reg.c:670:9:iis2mdc_mag_data_ovr_get	24	static
C:/Users/bence/Downloads/x-cube-mems1/Drivers/BSP/Components/iis2mdc/iis2mdc_reg.c:691:9:iis2mdc_magnetic_raw_get	32	static
C:/Users/bence/Downloads/x-cube-mems1/Drivers/BSP/Components/iis2mdc/iis2mdc_reg.c:717:9:iis2mdc_temperature_raw_get	24	static
C:/Users/bence/Downloads/x-cube-mems1/Drivers/BSP/Components/iis2mdc/iis2mdc_reg.c:751:9:iis2mdc_device_id_get	24	static
C:/Users/bence/Downloads/x-cube-mems1/Drivers/BSP/Components/iis2mdc/iis2mdc_reg.c:769:9:iis2mdc_reset_set	24	static
C:/Users/bence/Downloads/x-cube-mems1/Drivers/BSP/Components/iis2mdc/iis2mdc_reg.c:793:9:iis2mdc_reset_get	24	static
C:/Users/bence/Downloads/x-cube-mems1/Drivers/BSP/Components/iis2mdc/iis2mdc_reg.c:814:9:iis2mdc_boot_set	24	static
C:/Users/bence/Downloads/x-cube-mems1/Drivers/BSP/Components/iis2mdc/iis2mdc_reg.c:838:9:iis2mdc_boot_get	24	static
C:/Users/bence/Downloads/x-cube-mems1/Drivers/BSP/Components/iis2mdc/iis2mdc_reg.c:859:9:iis2mdc_self_test_set	24	static
C:/Users/bence/Downloads/x-cube-mems1/Drivers/BSP/Components/iis2mdc/iis2mdc_reg.c:883:9:iis2mdc_self_test_get	24	static
C:/Users/bence/Downloads/x-cube-mems1/Drivers/BSP/Components/iis2mdc/iis2mdc_reg.c:904:9:iis2mdc_data_format_set	24	static
C:/Users/bence/Downloads/x-cube-mems1/Drivers/BSP/Components/iis2mdc/iis2mdc_reg.c:928:9:iis2mdc_data_format_get	24	static
C:/Users/bence/Downloads/x-cube-mems1/Drivers/BSP/Components/iis2mdc/iis2mdc_reg.c:962:9:iis2mdc_status_get	24	static
C:/Users/bence/Downloads/x-cube-mems1/Drivers/BSP/Components/iis2mdc/iis2mdc_reg.c:995:9:iis2mdc_offset_int_conf_set	24	static
C:/Users/bence/Downloads/x-cube-mems1/Drivers/BSP/Components/iis2mdc/iis2mdc_reg.c:1022:9:iis2mdc_offset_int_conf_get	24	static
C:/Users/bence/Downloads/x-cube-mems1/Drivers/BSP/Components/iis2mdc/iis2mdc_reg.c:1057:9:iis2mdc_drdy_on_pin_set	24	static
C:/Users/bence/Downloads/x-cube-mems1/Drivers/BSP/Components/iis2mdc/iis2mdc_reg.c:1081:9:iis2mdc_drdy_on_pin_get	24	static
C:/Users/bence/Downloads/x-cube-mems1/Drivers/BSP/Components/iis2mdc/iis2mdc_reg.c:1102:9:iis2mdc_int_on_pin_set	24	static
C:/Users/bence/Downloads/x-cube-mems1/Drivers/BSP/Components/iis2mdc/iis2mdc_reg.c:1126:9:iis2mdc_int_on_pin_get	24	static
C:/Users/bence/Downloads/x-cube-mems1/Drivers/BSP/Components/iis2mdc/iis2mdc_reg.c:1147:9:iis2mdc_int_gen_conf_set	24	static
C:/Users/bence/Downloads/x-cube-mems1/Drivers/BSP/Components/iis2mdc/iis2mdc_reg.c:1165:9:iis2mdc_int_gen_conf_get	24	static
C:/Users/bence/Downloads/x-cube-mems1/Drivers/BSP/Components/iis2mdc/iis2mdc_reg.c:1183:9:iis2mdc_int_gen_source_get	24	static
C:/Users/bence/Downloads/x-cube-mems1/Drivers/BSP/Components/iis2mdc/iis2mdc_reg.c:1203:9:iis2mdc_int_gen_threshold_set	24	static
C:/Users/bence/Downloads/x-cube-mems1/Drivers/BSP/Components/iis2mdc/iis2mdc_reg.c:1225:9:iis2mdc_int_gen_threshold_get	24	static
C:/Users/bence/Downloads/x-cube-mems1/Drivers/BSP/Components/iis2mdc/iis2mdc_reg.c:1260:9:iis2mdc_i2c_interface_set	24	static
C:/Users/bence/Downloads/x-cube-mems1/Drivers/BSP/Components/iis2mdc/iis2mdc_reg.c:1285:9:iis2mdc_i2c_interface_get	24	static
