C:/Users/bence/Downloads/x-cube-mems1/Drivers/BSP/Components/ilps22qs/ilps22qs_reg.c:48:16:ilps22qs_read_reg	40	static
C:/Users/bence/Downloads/x-cube-mems1/Drivers/BSP/Components/ilps22qs/ilps22qs_reg.c:73:16:ilps22qs_write_reg	40	static
C:/Users/bence/Downloads/x-cube-mems1/Drivers/BSP/Components/ilps22qs/ilps22qs_reg.c:100:13:bytecpy	16	static
C:/Users/bence/Downloads/x-cube-mems1/Drivers/BSP/Components/ilps22qs/ilps22qs_reg.c:120:9:ilps22qs_from_fs1260_to_hPa	16	static
C:/Users/bence/Downloads/x-cube-mems1/Drivers/BSP/Components/ilps22qs/ilps22qs_reg.c:125:9:ilps22qs_from_fs4000_to_hPa	16	static
C:/Users/bence/Downloads/x-cube-mems1/Drivers/BSP/Components/ilps22qs/ilps22qs_reg.c:130:9:ilps22qs_from_lsb_to_celsius	16	static
C:/Users/bence/Downloads/x-cube-mems1/Drivers/BSP/Components/ilps22qs/ilps22qs_reg.c:135:9:ilps22qs_from_lsb_to_mv	16	static
C:/Users/bence/Downloads/x-cube-mems1/Drivers/BSP/Components/ilps22qs/ilps22qs_reg.c:161:9:ilps22qs_id_get	24	static
C:/Users/bence/Downloads/x-cube-mems1/Drivers/BSP/Components/ilps22qs/ilps22qs_reg.c:180:9:ilps22qs_bus_mode_set	32	static
C:/Users/bence/Downloads/x-cube-mems1/Drivers/BSP/Components/ilps22qs/ilps22qs_reg.c:215:9:ilps22qs_bus_mode_get	32	static
C:/Users/bence/Downloads/x-cube-mems1/Drivers/BSP/Components/ilps22qs/ilps22qs_reg.c:269:9:ilps22qs_init_set	48	static
C:/Users/bence/Downloads/x-cube-mems1/Drivers/BSP/Components/ilps22qs/ilps22qs_reg.c:382:9:ilps22qs_status_get	40	static
C:/Users/bence/Downloads/x-cube-mems1/Drivers/BSP/Components/ilps22qs/ilps22qs_reg.c:429:9:ilps22qs_pin_conf_set	24	static
C:/Users/bence/Downloads/x-cube-mems1/Drivers/BSP/Components/ilps22qs/ilps22qs_reg.c:454:9:ilps22qs_pin_conf_get	24	static
C:/Users/bence/Downloads/x-cube-mems1/Drivers/BSP/Components/ilps22qs/ilps22qs_reg.c:479:9:ilps22qs_all_sources_get	32	static
C:/Users/bence/Downloads/x-cube-mems1/Drivers/BSP/Components/ilps22qs/ilps22qs_reg.c:524:9:ilps22qs_mode_set	48	static
C:/Users/bence/Downloads/x-cube-mems1/Drivers/BSP/Components/ilps22qs/ilps22qs_reg.c:603:9:ilps22qs_mode_get	40	static
C:/Users/bence/Downloads/x-cube-mems1/Drivers/BSP/Components/ilps22qs/ilps22qs_reg.c:725:9:ilps22qs_trigger_sw	24	static
C:/Users/bence/Downloads/x-cube-mems1/Drivers/BSP/Components/ilps22qs/ilps22qs_reg.c:750:9:ilps22qs_ah_qvar_en_set	24	static
C:/Users/bence/Downloads/x-cube-mems1/Drivers/BSP/Components/ilps22qs/ilps22qs_reg.c:774:9:ilps22qs_ah_qvar_en_get	24	static
C:/Users/bence/Downloads/x-cube-mems1/Drivers/BSP/Components/ilps22qs/ilps22qs_reg.c:799:9:ilps22qs_data_get	40	static
C:/Users/bence/Downloads/x-cube-mems1/Drivers/BSP/Components/ilps22qs/ilps22qs_reg.c:877:9:ilps22qs_pressure_raw_get	24	static
C:/Users/bence/Downloads/x-cube-mems1/Drivers/BSP/Components/ilps22qs/ilps22qs_reg.c:904:9:ilps22qs_temperature_raw_get	24	static
C:/Users/bence/Downloads/x-cube-mems1/Drivers/BSP/Components/ilps22qs/ilps22qs_reg.c:930:9:ilps22qs_ah_qvar_data_get	32	static
C:/Users/bence/Downloads/x-cube-mems1/Drivers/BSP/Components/ilps22qs/ilps22qs_reg.c:975:9:ilps22qs_fifo_mode_set	24	static
C:/Users/bence/Downloads/x-cube-mems1/Drivers/BSP/Components/ilps22qs/ilps22qs_reg.c:999:9:ilps22qs_fifo_mode_get	24	static
C:/Users/bence/Downloads/x-cube-mems1/Drivers/BSP/Components/ilps22qs/ilps22qs_reg.c:1047:9:ilps22qs_fifo_watermark_set	24	static
C:/Users/bence/Downloads/x-cube-mems1/Drivers/BSP/Components/ilps22qs/ilps22qs_reg.c:1070:9:ilps22qs_fifo_watermark_get	24	static
C:/Users/bence/Downloads/x-cube-mems1/Drivers/BSP/Components/ilps22qs/ilps22qs_reg.c:1091:9:ilps22qs_fifo_stop_on_wtm_set	24	static
C:/Users/bence/Downloads/x-cube-mems1/Drivers/BSP/Components/ilps22qs/ilps22qs_reg.c:1114:9:ilps22qs_fifo_stop_on_wtm_get	24	static
C:/Users/bence/Downloads/x-cube-mems1/Drivers/BSP/Components/ilps22qs/ilps22qs_reg.c:1136:9:ilps22qs_fifo_level_get	24	static
C:/Users/bence/Downloads/x-cube-mems1/Drivers/BSP/Components/ilps22qs/ilps22qs_reg.c:1163:9:ilps22qs_fifo_data_get	48	static
C:/Users/bence/Downloads/x-cube-mems1/Drivers/BSP/Components/ilps22qs/ilps22qs_reg.c:1249:9:ilps22qs_interrupt_mode_set	24	static
C:/Users/bence/Downloads/x-cube-mems1/Drivers/BSP/Components/ilps22qs/ilps22qs_reg.c:1274:9:ilps22qs_interrupt_mode_get	24	static
C:/Users/bence/Downloads/x-cube-mems1/Drivers/BSP/Components/ilps22qs/ilps22qs_reg.c:1299:9:ilps22qs_ah_qvar_disable	24	static
C:/Users/bence/Downloads/x-cube-mems1/Drivers/BSP/Components/ilps22qs/ilps22qs_reg.c:1330:9:ilps22qs_int_on_threshold_mode_set	40	static
C:/Users/bence/Downloads/x-cube-mems1/Drivers/BSP/Components/ilps22qs/ilps22qs_reg.c:1369:9:ilps22qs_int_on_threshold_mode_get	40	static
C:/Users/bence/Downloads/x-cube-mems1/Drivers/BSP/Components/ilps22qs/ilps22qs_reg.c:1417:9:ilps22qs_reference_mode_set	24	static
C:/Users/bence/Downloads/x-cube-mems1/Drivers/BSP/Components/ilps22qs/ilps22qs_reg.c:1447:9:ilps22qs_reference_mode_get	24	static
C:/Users/bence/Downloads/x-cube-mems1/Drivers/BSP/Components/ilps22qs/ilps22qs_reg.c:1486:9:ilps22qs_opc_set	24	static
C:/Users/bence/Downloads/x-cube-mems1/Drivers/BSP/Components/ilps22qs/ilps22qs_reg.c:1507:9:ilps22qs_opc_get	24	static
