C:/Users/bence/Downloads/x-cube-mems1/Drivers/BSP/Components/ism330is/ism330is_reg.c:48:16:ism330is_read_reg	40	static
C:/Users/bence/Downloads/x-cube-mems1/Drivers/BSP/Components/ism330is/ism330is_reg.c:74:16:ism330is_write_reg	40	static
C:/Users/bence/Downloads/x-cube-mems1/Drivers/BSP/Components/ism330is/ism330is_reg.c:102:9:ism330is_from_fs2g_to_mg	16	static
C:/Users/bence/Downloads/x-cube-mems1/Drivers/BSP/Components/ism330is/ism330is_reg.c:107:9:ism330is_from_fs4g_to_mg	16	static
C:/Users/bence/Downloads/x-cube-mems1/Drivers/BSP/Components/ism330is/ism330is_reg.c:112:9:ism330is_from_fs8g_to_mg	16	static
C:/Users/bence/Downloads/x-cube-mems1/Drivers/BSP/Components/ism330is/ism330is_reg.c:117:9:ism330is_from_fs16g_to_mg	16	static
C:/Users/bence/Downloads/x-cube-mems1/Drivers/BSP/Components/ism330is/ism330is_reg.c:122:9:ism330is_from_fs125dps_to_mdps	16	static
C:/Users/bence/Downloads/x-cube-mems1/Drivers/BSP/Components/ism330is/ism330is_reg.c:127:9:ism330is_from_fs250dps_to_mdps	16	static
C:/Users/bence/Downloads/x-cube-mems1/Drivers/BSP/Components/ism330is/ism330is_reg.c:132:9:ism330is_from_fs500dps_to_mdps	16	static
C:/Users/bence/Downloads/x-cube-mems1/Drivers/BSP/Components/ism330is/ism330is_reg.c:137:9:ism330is_from_fs1000dps_to_mdps	16	static
C:/Users/bence/Downloads/x-cube-mems1/Drivers/BSP/Components/ism330is/ism330is_reg.c:142:9:ism330is_from_fs2000dps_to_mdps	16	static
C:/Users/bence/Downloads/x-cube-mems1/Drivers/BSP/Components/ism330is/ism330is_reg.c:147:9:ism330is_from_lsb_to_celsius	16	static
C:/Users/bence/Downloads/x-cube-mems1/Drivers/BSP/Components/ism330is/ism330is_reg.c:169:9:ism330is_odr_cal_reg_set	24	static
C:/Users/bence/Downloads/x-cube-mems1/Drivers/BSP/Components/ism330is/ism330is_reg.c:197:9:ism330is_odr_cal_reg_get	24	static
C:/Users/bence/Downloads/x-cube-mems1/Drivers/BSP/Components/ism330is/ism330is_reg.c:221:9:ism330is_mem_bank_set	24	static
C:/Users/bence/Downloads/x-cube-mems1/Drivers/BSP/Components/ism330is/ism330is_reg.c:242:9:ism330is_mem_bank_get	24	static
C:/Users/bence/Downloads/x-cube-mems1/Drivers/BSP/Components/ism330is/ism330is_reg.c:278:9:ism330is_data_ready_mode_set	24	static
C:/Users/bence/Downloads/x-cube-mems1/Drivers/BSP/Components/ism330is/ism330is_reg.c:303:9:ism330is_data_ready_mode_get	24	static
C:/Users/bence/Downloads/x-cube-mems1/Drivers/BSP/Components/ism330is/ism330is_reg.c:341:9:ism330is_device_id_get	24	static
C:/Users/bence/Downloads/x-cube-mems1/Drivers/BSP/Components/ism330is/ism330is_reg.c:357:9:ism330is_software_reset	24	static
C:/Users/bence/Downloads/x-cube-mems1/Drivers/BSP/Components/ism330is/ism330is_reg.c:389:9:ism330is_boot_set	24	static
C:/Users/bence/Downloads/x-cube-mems1/Drivers/BSP/Components/ism330is/ism330is_reg.c:413:9:ism330is_boot_get	24	static
C:/Users/bence/Downloads/x-cube-mems1/Drivers/BSP/Components/ism330is/ism330is_reg.c:438:9:ism330is_xl_hm_mode_set	24	static
C:/Users/bence/Downloads/x-cube-mems1/Drivers/BSP/Components/ism330is/ism330is_reg.c:462:9:ism330is_xl_hm_mode_get	24	static
C:/Users/bence/Downloads/x-cube-mems1/Drivers/BSP/Components/ism330is/ism330is_reg.c:499:9:ism330is_xl_full_scale_set	24	static
C:/Users/bence/Downloads/x-cube-mems1/Drivers/BSP/Components/ism330is/ism330is_reg.c:524:9:ism330is_xl_full_scale_get	24	static
C:/Users/bence/Downloads/x-cube-mems1/Drivers/BSP/Components/ism330is/ism330is_reg.c:570:9:ism330is_xl_data_rate_set	24	static
C:/Users/bence/Downloads/x-cube-mems1/Drivers/BSP/Components/ism330is/ism330is_reg.c:610:9:ism330is_xl_data_rate_get	32	static
C:/Users/bence/Downloads/x-cube-mems1/Drivers/BSP/Components/ism330is/ism330is_reg.c:718:9:ism330is_gy_hm_mode_set	24	static
C:/Users/bence/Downloads/x-cube-mems1/Drivers/BSP/Components/ism330is/ism330is_reg.c:742:9:ism330is_gy_hm_mode_get	24	static
C:/Users/bence/Downloads/x-cube-mems1/Drivers/BSP/Components/ism330is/ism330is_reg.c:779:9:ism330is_gy_full_scale_set	24	static
C:/Users/bence/Downloads/x-cube-mems1/Drivers/BSP/Components/ism330is/ism330is_reg.c:805:9:ism330is_gy_full_scale_get	24	static
C:/Users/bence/Downloads/x-cube-mems1/Drivers/BSP/Components/ism330is/ism330is_reg.c:859:9:ism330is_gy_data_rate_set	24	static
C:/Users/bence/Downloads/x-cube-mems1/Drivers/BSP/Components/ism330is/ism330is_reg.c:898:9:ism330is_gy_data_rate_get	32	static
C:/Users/bence/Downloads/x-cube-mems1/Drivers/BSP/Components/ism330is/ism330is_reg.c:1001:9:ism330is_auto_increment_set	24	static
C:/Users/bence/Downloads/x-cube-mems1/Drivers/BSP/Components/ism330is/ism330is_reg.c:1025:9:ism330is_auto_increment_get	24	static
C:/Users/bence/Downloads/x-cube-mems1/Drivers/BSP/Components/ism330is/ism330is_reg.c:1050:9:ism330is_block_data_update_set	24	static
C:/Users/bence/Downloads/x-cube-mems1/Drivers/BSP/Components/ism330is/ism330is_reg.c:1074:9:ism330is_block_data_update_get	24	static
C:/Users/bence/Downloads/x-cube-mems1/Drivers/BSP/Components/ism330is/ism330is_reg.c:1099:9:ism330is_sleep_set	24	static
C:/Users/bence/Downloads/x-cube-mems1/Drivers/BSP/Components/ism330is/ism330is_reg.c:1123:9:ism330is_sleep_get	24	static
C:/Users/bence/Downloads/x-cube-mems1/Drivers/BSP/Components/ism330is/ism330is_reg.c:1160:9:ism330is_xl_self_test_set	24	static
C:/Users/bence/Downloads/x-cube-mems1/Drivers/BSP/Components/ism330is/ism330is_reg.c:1185:9:ism330is_xl_self_test_get	24	static
C:/Users/bence/Downloads/x-cube-mems1/Drivers/BSP/Components/ism330is/ism330is_reg.c:1227:9:ism330is_gy_self_test_set	24	static
C:/Users/bence/Downloads/x-cube-mems1/Drivers/BSP/Components/ism330is/ism330is_reg.c:1252:9:ism330is_gy_self_test_get	24	static
C:/Users/bence/Downloads/x-cube-mems1/Drivers/BSP/Components/ism330is/ism330is_reg.c:1300:9:ism330is_ui_sdo_pull_up_set	24	static
C:/Users/bence/Downloads/x-cube-mems1/Drivers/BSP/Components/ism330is/ism330is_reg.c:1324:9:ism330is_ui_sdo_pull_up_get	24	static
C:/Users/bence/Downloads/x-cube-mems1/Drivers/BSP/Components/ism330is/ism330is_reg.c:1349:9:ism330is_spi_mode_set	24	static
C:/Users/bence/Downloads/x-cube-mems1/Drivers/BSP/Components/ism330is/ism330is_reg.c:1373:9:ism330is_spi_mode_get	24	static
C:/Users/bence/Downloads/x-cube-mems1/Drivers/BSP/Components/ism330is/ism330is_reg.c:1410:9:ism330is_ui_i2c_mode_set	24	static
C:/Users/bence/Downloads/x-cube-mems1/Drivers/BSP/Components/ism330is/ism330is_reg.c:1434:9:ism330is_ui_i2c_mode_get	24	static
C:/Users/bence/Downloads/x-cube-mems1/Drivers/BSP/Components/ism330is/ism330is_reg.c:1482:9:ism330is_timestamp_set	24	static
C:/Users/bence/Downloads/x-cube-mems1/Drivers/BSP/Components/ism330is/ism330is_reg.c:1506:9:ism330is_timestamp_get	24	static
C:/Users/bence/Downloads/x-cube-mems1/Drivers/BSP/Components/ism330is/ism330is_reg.c:1531:9:ism330is_timestamp_raw_get	24	static
C:/Users/bence/Downloads/x-cube-mems1/Drivers/BSP/Components/ism330is/ism330is_reg.c:1564:9:ism330is_all_sources_get	32	static
C:/Users/bence/Downloads/x-cube-mems1/Drivers/BSP/Components/ism330is/ism330is_reg.c:1613:9:ism330is_status_reg_get	24	static
C:/Users/bence/Downloads/x-cube-mems1/Drivers/BSP/Components/ism330is/ism330is_reg.c:1630:9:ism330is_xl_flag_data_ready_get	24	static
C:/Users/bence/Downloads/x-cube-mems1/Drivers/BSP/Components/ism330is/ism330is_reg.c:1656:9:ism330is_gy_flag_data_ready_get	24	static
C:/Users/bence/Downloads/x-cube-mems1/Drivers/BSP/Components/ism330is/ism330is_reg.c:1682:9:ism330is_temp_flag_data_ready_get	24	static
C:/Users/bence/Downloads/x-cube-mems1/Drivers/BSP/Components/ism330is/ism330is_reg.c:1708:9:ism330is_temperature_raw_get	24	static
C:/Users/bence/Downloads/x-cube-mems1/Drivers/BSP/Components/ism330is/ism330is_reg.c:1734:9:ism330is_angular_rate_raw_get	32	static
C:/Users/bence/Downloads/x-cube-mems1/Drivers/BSP/Components/ism330is/ism330is_reg.c:1764:9:ism330is_acceleration_raw_get	32	static
C:/Users/bence/Downloads/x-cube-mems1/Drivers/BSP/Components/ism330is/ism330is_reg.c:1805:9:ism330is_pin_int1_route_set	32	static
C:/Users/bence/Downloads/x-cube-mems1/Drivers/BSP/Components/ism330is/ism330is_reg.c:1840:9:ism330is_pin_int1_route_get	32	static
C:/Users/bence/Downloads/x-cube-mems1/Drivers/BSP/Components/ism330is/ism330is_reg.c:1871:9:ism330is_pin_int2_route_set	32	static
C:/Users/bence/Downloads/x-cube-mems1/Drivers/BSP/Components/ism330is/ism330is_reg.c:1906:9:ism330is_pin_int2_route_get	32	static
C:/Users/bence/Downloads/x-cube-mems1/Drivers/BSP/Components/ism330is/ism330is_reg.c:1938:9:ism330is_int_pin_mode_set	24	static
C:/Users/bence/Downloads/x-cube-mems1/Drivers/BSP/Components/ism330is/ism330is_reg.c:1963:9:ism330is_int_pin_mode_get	24	static
C:/Users/bence/Downloads/x-cube-mems1/Drivers/BSP/Components/ism330is/ism330is_reg.c:2001:9:ism330is_pin_polarity_set	24	static
C:/Users/bence/Downloads/x-cube-mems1/Drivers/BSP/Components/ism330is/ism330is_reg.c:2026:9:ism330is_pin_polarity_get	24	static
C:/Users/bence/Downloads/x-cube-mems1/Drivers/BSP/Components/ism330is/ism330is_reg.c:2077:9:ism330is_sh_read_data_raw_get	32	static
C:/Users/bence/Downloads/x-cube-mems1/Drivers/BSP/Components/ism330is/ism330is_reg.c:2100:9:ism330is_sh_slave_connected_set	24	static
C:/Users/bence/Downloads/x-cube-mems1/Drivers/BSP/Components/ism330is/ism330is_reg.c:2130:9:ism330is_sh_slave_connected_get	24	static
C:/Users/bence/Downloads/x-cube-mems1/Drivers/BSP/Components/ism330is/ism330is_reg.c:2178:9:ism330is_sh_master_set	24	static
C:/Users/bence/Downloads/x-cube-mems1/Drivers/BSP/Components/ism330is/ism330is_reg.c:2207:9:ism330is_sh_master_get	24	static
C:/Users/bence/Downloads/x-cube-mems1/Drivers/BSP/Components/ism330is/ism330is_reg.c:2233:9:ism330is_sh_master_interface_pull_up_set	24	static
C:/Users/bence/Downloads/x-cube-mems1/Drivers/BSP/Components/ism330is/ism330is_reg.c:2262:9:ism330is_sh_master_interface_pull_up_get	24	static
C:/Users/bence/Downloads/x-cube-mems1/Drivers/BSP/Components/ism330is/ism330is_reg.c:2289:9:ism330is_sh_pass_through_set	24	static
C:/Users/bence/Downloads/x-cube-mems1/Drivers/BSP/Components/ism330is/ism330is_reg.c:2318:9:ism330is_sh_pass_through_get	24	static
C:/Users/bence/Downloads/x-cube-mems1/Drivers/BSP/Components/ism330is/ism330is_reg.c:2342:9:ism330is_sh_syncro_mode_set	24	static
C:/Users/bence/Downloads/x-cube-mems1/Drivers/BSP/Components/ism330is/ism330is_reg.c:2372:9:ism330is_sh_syncro_mode_get	24	static
C:/Users/bence/Downloads/x-cube-mems1/Drivers/BSP/Components/ism330is/ism330is_reg.c:2412:9:ism330is_sh_write_mode_set	24	static
C:/Users/bence/Downloads/x-cube-mems1/Drivers/BSP/Components/ism330is/ism330is_reg.c:2442:9:ism330is_sh_write_mode_get	24	static
C:/Users/bence/Downloads/x-cube-mems1/Drivers/BSP/Components/ism330is/ism330is_reg.c:2482:9:ism330is_sh_reset_set	24	static
C:/Users/bence/Downloads/x-cube-mems1/Drivers/BSP/Components/ism330is/ism330is_reg.c:2511:9:ism330is_sh_reset_get	24	static
C:/Users/bence/Downloads/x-cube-mems1/Drivers/BSP/Components/ism330is/ism330is_reg.c:2540:9:ism330is_sh_cfg_write	24	static
C:/Users/bence/Downloads/x-cube-mems1/Drivers/BSP/Components/ism330is/ism330is_reg.c:2584:9:ism330is_sh_data_rate_set	24	static
C:/Users/bence/Downloads/x-cube-mems1/Drivers/BSP/Components/ism330is/ism330is_reg.c:2614:9:ism330is_sh_data_rate_get	24	static
C:/Users/bence/Downloads/x-cube-mems1/Drivers/BSP/Components/ism330is/ism330is_reg.c:2665:9:ism330is_sh_slv_cfg_read	40	static
C:/Users/bence/Downloads/x-cube-mems1/Drivers/BSP/Components/ism330is/ism330is_reg.c:2719:9:ism330is_sh_status_get	24	static
C:/Users/bence/Downloads/x-cube-mems1/Drivers/BSP/Components/ism330is/ism330is_reg.c:2748:9:ism330is_ispu_reset_set	24	static
C:/Users/bence/Downloads/x-cube-mems1/Drivers/BSP/Components/ism330is/ism330is_reg.c:2772:9:ism330is_ispu_reset_get	24	static
C:/Users/bence/Downloads/x-cube-mems1/Drivers/BSP/Components/ism330is/ism330is_reg.c:2790:9:ism330is_ispu_clock_set	24	static
C:/Users/bence/Downloads/x-cube-mems1/Drivers/BSP/Components/ism330is/ism330is_reg.c:2807:9:ism330is_ispu_clock_get	24	static
C:/Users/bence/Downloads/x-cube-mems1/Drivers/BSP/Components/ism330is/ism330is_reg.c:2844:9:ism330is_ispu_data_rate_set	24	static
C:/Users/bence/Downloads/x-cube-mems1/Drivers/BSP/Components/ism330is/ism330is_reg.c:2871:9:ism330is_ispu_data_rate_get	24	static
C:/Users/bence/Downloads/x-cube-mems1/Drivers/BSP/Components/ism330is/ism330is_reg.c:2945:9:ism330is_ispu_bdu_set	24	static
C:/Users/bence/Downloads/x-cube-mems1/Drivers/BSP/Components/ism330is/ism330is_reg.c:2969:9:ism330is_ispu_bdu_get	24	static
C:/Users/bence/Downloads/x-cube-mems1/Drivers/BSP/Components/ism330is/ism330is_reg.c:3014:9:ism330is_ia_ispu_get	24	static
C:/Users/bence/Downloads/x-cube-mems1/Drivers/BSP/Components/ism330is/ism330is_reg.c:3044:9:ism330is_ispu_write_dummy_cfg	32	static
C:/Users/bence/Downloads/x-cube-mems1/Drivers/BSP/Components/ism330is/ism330is_reg.c:3070:9:ism330is_ispu_read_dummy_cfg	32	static
C:/Users/bence/Downloads/x-cube-mems1/Drivers/BSP/Components/ism330is/ism330is_reg.c:3094:9:ism330is_ispu_boot_set	24	static
C:/Users/bence/Downloads/x-cube-mems1/Drivers/BSP/Components/ism330is/ism330is_reg.c:3130:9:ism330is_ispu_boot_get	24	static
C:/Users/bence/Downloads/x-cube-mems1/Drivers/BSP/Components/ism330is/ism330is_reg.c:3168:9:ism330is_ispu_int_latched_set	24	static
C:/Users/bence/Downloads/x-cube-mems1/Drivers/BSP/Components/ism330is/ism330is_reg.c:3203:9:ism330is_ispu_int_latched_get	24	static
C:/Users/bence/Downloads/x-cube-mems1/Drivers/BSP/Components/ism330is/ism330is_reg.c:3243:9:ism330is_ispu_get_boot_status	24	static
C:/Users/bence/Downloads/x-cube-mems1/Drivers/BSP/Components/ism330is/ism330is_reg.c:3260:16:ism330is_ispu_sel_memory_addr	24	static
C:/Users/bence/Downloads/x-cube-mems1/Drivers/BSP/Components/ism330is/ism330is_reg.c:3286:9:ism330is_ispu_write_memory	56	static
C:/Users/bence/Downloads/x-cube-mems1/Drivers/BSP/Components/ism330is/ism330is_reg.c:3389:9:ism330is_ispu_read_memory	40	static
C:/Users/bence/Downloads/x-cube-mems1/Drivers/BSP/Components/ism330is/ism330is_reg.c:3463:9:ism330is_ispu_write_flags	32	static
C:/Users/bence/Downloads/x-cube-mems1/Drivers/BSP/Components/ism330is/ism330is_reg.c:3494:9:ism330is_ispu_read_flags	24	static
C:/Users/bence/Downloads/x-cube-mems1/Drivers/BSP/Components/ism330is/ism330is_reg.c:3521:9:ism330is_ispu_clear_flags	24	static
C:/Users/bence/Downloads/x-cube-mems1/Drivers/BSP/Components/ism330is/ism330is_reg.c:3546:9:ism330is_ispu_read_data_raw_get	32	static
C:/Users/bence/Downloads/x-cube-mems1/Drivers/BSP/Components/ism330is/ism330is_reg.c:3572:9:ism330is_ispu_int1_ctrl_get	24	static
C:/Users/bence/Downloads/x-cube-mems1/Drivers/BSP/Components/ism330is/ism330is_reg.c:3605:9:ism330is_ispu_int1_ctrl_set	40	static
C:/Users/bence/Downloads/x-cube-mems1/Drivers/BSP/Components/ism330is/ism330is_reg.c:3647:9:ism330is_ispu_int2_ctrl_get	24	static
C:/Users/bence/Downloads/x-cube-mems1/Drivers/BSP/Components/ism330is/ism330is_reg.c:3680:9:ism330is_ispu_int2_ctrl_set	40	static
C:/Users/bence/Downloads/x-cube-mems1/Drivers/BSP/Components/ism330is/ism330is_reg.c:3722:9:ism330is_ispu_int_status_get	24	static
C:/Users/bence/Downloads/x-cube-mems1/Drivers/BSP/Components/ism330is/ism330is_reg.c:3755:9:ism330is_ispu_algo_get	24	static
C:/Users/bence/Downloads/x-cube-mems1/Drivers/BSP/Components/ism330is/ism330is_reg.c:3788:9:ism330is_ispu_algo_set	40	static
