C:/Users/bence/Downloads/x-cube-mems1/Drivers/BSP/Components/ism330is/ism330is.c:100:9:ISM330IS_RegisterBusIO	24	static
C:/Users/bence/Downloads/x-cube-mems1/Drivers/BSP/Components/ism330is/ism330is.c:157:9:ISM330IS_Init	24	static
C:/Users/bence/Downloads/x-cube-mems1/Drivers/BSP/Components/ism330is/ism330is.c:223:9:ISM330IS_DeInit	24	static
C:/Users/bence/Downloads/x-cube-mems1/Drivers/BSP/Components/ism330is/ism330is.c:256:9:ISM330IS_ReadID	24	static
C:/Users/bence/Downloads/x-cube-mems1/Drivers/BSP/Components/ism330is/ism330is.c:274:9:ISM330IS_GetCapabilities	16	static
C:/Users/bence/Downloads/x-cube-mems1/Drivers/BSP/Components/ism330is/ism330is.c:298:9:ISM330IS_ACC_Enable	24	static
C:/Users/bence/Downloads/x-cube-mems1/Drivers/BSP/Components/ism330is/ism330is.c:326:9:ISM330IS_ACC_Disable	24	static
C:/Users/bence/Downloads/x-cube-mems1/Drivers/BSP/Components/ism330is/ism330is.c:361:9:ISM330IS_ACC_GetSensitivity	24	static
C:/Users/bence/Downloads/x-cube-mems1/Drivers/BSP/Components/ism330is/ism330is.c:405:9:ISM330IS_ACC_GetOutputDataRate	24	static
C:/Users/bence/Downloads/x-cube-mems1/Drivers/BSP/Components/ism330is/ism330is.c:485:9:ISM330IS_ACC_SetOutputDataRate	24	static
C:/Users/bence/Downloads/x-cube-mems1/Drivers/BSP/Components/ism330is/ism330is.c:508:9:ISM330IS_ACC_GetFullScale	24	static
C:/Users/bence/Downloads/x-cube-mems1/Drivers/BSP/Components/ism330is/ism330is.c:551:9:ISM330IS_ACC_SetFullScale	24	static
C:/Users/bence/Downloads/x-cube-mems1/Drivers/BSP/Components/ism330is/ism330is.c:575:9:ISM330IS_ACC_GetAxesRaw	32	static
C:/Users/bence/Downloads/x-cube-mems1/Drivers/BSP/Components/ism330is/ism330is.c:600:9:ISM330IS_ACC_GetAxes	32	static
C:/Users/bence/Downloads/x-cube-mems1/Drivers/BSP/Components/ism330is/ism330is.c:631:9:ISM330IS_GYRO_Enable	24	static
C:/Users/bence/Downloads/x-cube-mems1/Drivers/BSP/Components/ism330is/ism330is.c:659:9:ISM330IS_GYRO_Disable	24	static
C:/Users/bence/Downloads/x-cube-mems1/Drivers/BSP/Components/ism330is/ism330is.c:694:9:ISM330IS_GYRO_GetSensitivity	24	static
C:/Users/bence/Downloads/x-cube-mems1/Drivers/BSP/Components/ism330is/ism330is.c:742:9:ISM330IS_GYRO_GetOutputDataRate	24	static
C:/Users/bence/Downloads/x-cube-mems1/Drivers/BSP/Components/ism330is/ism330is.c:818:9:ISM330IS_GYRO_SetOutputDataRate	24	static
C:/Users/bence/Downloads/x-cube-mems1/Drivers/BSP/Components/ism330is/ism330is.c:841:9:ISM330IS_GYRO_GetFullScale	24	static
C:/Users/bence/Downloads/x-cube-mems1/Drivers/BSP/Components/ism330is/ism330is.c:888:9:ISM330IS_GYRO_SetFullScale	24	static
C:/Users/bence/Downloads/x-cube-mems1/Drivers/BSP/Components/ism330is/ism330is.c:913:9:ISM330IS_GYRO_GetAxesRaw	32	static
C:/Users/bence/Downloads/x-cube-mems1/Drivers/BSP/Components/ism330is/ism330is.c:938:9:ISM330IS_GYRO_GetAxes	32	static
C:/Users/bence/Downloads/x-cube-mems1/Drivers/BSP/Components/ism330is/ism330is.c:971:9:ISM330IS_Read_Reg	32	static
C:/Users/bence/Downloads/x-cube-mems1/Drivers/BSP/Components/ism330is/ism330is.c:990:9:ISM330IS_Write_Reg	24	static
C:/Users/bence/Downloads/x-cube-mems1/Drivers/BSP/Components/ism330is/ism330is.c:1008:9:ISM330IS_ACC_Set_SelfTest	24	static
C:/Users/bence/Downloads/x-cube-mems1/Drivers/BSP/Components/ism330is/ism330is.c:1031:9:ISM330IS_ACC_Get_DRDY_Status	24	static
C:/Users/bence/Downloads/x-cube-mems1/Drivers/BSP/Components/ism330is/ism330is.c:1049:9:ISM330IS_ACC_Get_Init_Status	24	static
C:/Users/bence/Downloads/x-cube-mems1/Drivers/BSP/Components/ism330is/ism330is.c:1069:9:ISM330IS_ACC_Set_INT1_DRDY	24	static
C:/Users/bence/Downloads/x-cube-mems1/Drivers/BSP/Components/ism330is/ism330is.c:1102:9:ISM330IS_GYRO_Set_SelfTest	24	static
C:/Users/bence/Downloads/x-cube-mems1/Drivers/BSP/Components/ism330is/ism330is.c:1126:9:ISM330IS_GYRO_Get_DRDY_Status	24	static
C:/Users/bence/Downloads/x-cube-mems1/Drivers/BSP/Components/ism330is/ism330is.c:1144:9:ISM330IS_GYRO_Get_Init_Status	24	static
C:/Users/bence/Downloads/x-cube-mems1/Drivers/BSP/Components/ism330is/ism330is.c:1164:9:ISM330IS_GYRO_Set_INT1_DRDY	24	static
C:/Users/bence/Downloads/x-cube-mems1/Drivers/BSP/Components/ism330is/ism330is.c:1197:9:ISM330IS_Set_DRDY_Mode	24	static
C:/Users/bence/Downloads/x-cube-mems1/Drivers/BSP/Components/ism330is/ism330is.c:1220:9:ISM330IS_Set_Mem_Bank	24	static
C:/Users/bence/Downloads/x-cube-mems1/Drivers/BSP/Components/ism330is/ism330is.c:1251:16:ISM330IS_ACC_SetOutputDataRate_When_Enabled	24	static
C:/Users/bence/Downloads/x-cube-mems1/Drivers/BSP/Components/ism330is/ism330is.c:1282:16:ISM330IS_ACC_SetOutputDataRate_When_Disabled	16	static
C:/Users/bence/Downloads/x-cube-mems1/Drivers/BSP/Components/ism330is/ism330is.c:1304:16:ISM330IS_GYRO_SetOutputDataRate_When_Enabled	24	static
C:/Users/bence/Downloads/x-cube-mems1/Drivers/BSP/Components/ism330is/ism330is.c:1335:16:ISM330IS_GYRO_SetOutputDataRate_When_Disabled	16	static
C:/Users/bence/Downloads/x-cube-mems1/Drivers/BSP/Components/ism330is/ism330is.c:1359:16:ReadRegWrap	40	static
C:/Users/bence/Downloads/x-cube-mems1/Drivers/BSP/Components/ism330is/ism330is.c:1374:16:WriteRegWrap	40	static
