C:/Users/bence/Downloads/x-cube-mems1/Drivers/BSP/Components/ism6hg256x/ism6hg256x_reg.c:48:16:ism6hg256x_read_reg	40	static
C:/Users/bence/Downloads/x-cube-mems1/Drivers/BSP/Components/ism6hg256x/ism6hg256x_reg.c:74:16:ism6hg256x_write_reg	40	static
C:/Users/bence/Downloads/x-cube-mems1/Drivers/BSP/Components/ism6hg256x/ism6hg256x_reg.c:102:13:bytecpy	16	static
C:/Users/bence/Downloads/x-cube-mems1/Drivers/BSP/Components/ism6hg256x/ism6hg256x_reg.c:121:9:ism6hg256x_from_sflp_to_mg	16	static
C:/Users/bence/Downloads/x-cube-mems1/Drivers/BSP/Components/ism6hg256x/ism6hg256x_reg.c:126:9:ism6hg256x_from_fs2_to_mg	16	static
C:/Users/bence/Downloads/x-cube-mems1/Drivers/BSP/Components/ism6hg256x/ism6hg256x_reg.c:131:9:ism6hg256x_from_fs4_to_mg	16	static
C:/Users/bence/Downloads/x-cube-mems1/Drivers/BSP/Components/ism6hg256x/ism6hg256x_reg.c:136:9:ism6hg256x_from_fs8_to_mg	16	static
C:/Users/bence/Downloads/x-cube-mems1/Drivers/BSP/Components/ism6hg256x/ism6hg256x_reg.c:141:9:ism6hg256x_from_fs16_to_mg	16	static
C:/Users/bence/Downloads/x-cube-mems1/Drivers/BSP/Components/ism6hg256x/ism6hg256x_reg.c:146:9:ism6hg256x_from_fs32_to_mg	16	static
C:/Users/bence/Downloads/x-cube-mems1/Drivers/BSP/Components/ism6hg256x/ism6hg256x_reg.c:151:9:ism6hg256x_from_fs64_to_mg	16	static
C:/Users/bence/Downloads/x-cube-mems1/Drivers/BSP/Components/ism6hg256x/ism6hg256x_reg.c:156:9:ism6hg256x_from_fs128_to_mg	16	static
C:/Users/bence/Downloads/x-cube-mems1/Drivers/BSP/Components/ism6hg256x/ism6hg256x_reg.c:161:9:ism6hg256x_from_fs256_to_mg	16	static
C:/Users/bence/Downloads/x-cube-mems1/Drivers/BSP/Components/ism6hg256x/ism6hg256x_reg.c:166:9:ism6hg256x_from_fs125_to_mdps	16	static
C:/Users/bence/Downloads/x-cube-mems1/Drivers/BSP/Components/ism6hg256x/ism6hg256x_reg.c:170:9:ism6hg256x_from_fs250_to_mdps	16	static
C:/Users/bence/Downloads/x-cube-mems1/Drivers/BSP/Components/ism6hg256x/ism6hg256x_reg.c:175:9:ism6hg256x_from_fs500_to_mdps	16	static
C:/Users/bence/Downloads/x-cube-mems1/Drivers/BSP/Components/ism6hg256x/ism6hg256x_reg.c:180:9:ism6hg256x_from_fs1000_to_mdps	16	static
C:/Users/bence/Downloads/x-cube-mems1/Drivers/BSP/Components/ism6hg256x/ism6hg256x_reg.c:185:9:ism6hg256x_from_fs2000_to_mdps	16	static
C:/Users/bence/Downloads/x-cube-mems1/Drivers/BSP/Components/ism6hg256x/ism6hg256x_reg.c:190:9:ism6hg256x_from_fs4000_to_mdps	16	static
C:/Users/bence/Downloads/x-cube-mems1/Drivers/BSP/Components/ism6hg256x/ism6hg256x_reg.c:195:9:ism6hg256x_from_lsb_to_celsius	16	static
C:/Users/bence/Downloads/x-cube-mems1/Drivers/BSP/Components/ism6hg256x/ism6hg256x_reg.c:200:10:ism6hg256x_from_lsb_to_nsec	24	static
C:/Users/bence/Downloads/x-cube-mems1/Drivers/BSP/Components/ism6hg256x/ism6hg256x_reg.c:205:9:ism6hg256x_from_lsb_to_mv	16	static
C:/Users/bence/Downloads/x-cube-mems1/Drivers/BSP/Components/ism6hg256x/ism6hg256x_reg.c:210:9:ism6hg256x_from_gbias_lsb_to_mdps	16	static
C:/Users/bence/Downloads/x-cube-mems1/Drivers/BSP/Components/ism6hg256x/ism6hg256x_reg.c:215:9:ism6hg256x_from_gravity_lsb_to_mg	16	static
C:/Users/bence/Downloads/x-cube-mems1/Drivers/BSP/Components/ism6hg256x/ism6hg256x_reg.c:221:9:ism6hg256x_from_quaternion_lsb_to_float	16	static
C:/Users/bence/Downloads/x-cube-mems1/Drivers/BSP/Components/ism6hg256x/ism6hg256x_reg.c:234:10:ism6hg256x_from_f16_to_f32	16	static
C:/Users/bence/Downloads/x-cube-mems1/Drivers/BSP/Components/ism6hg256x/ism6hg256x_reg.c:260:9:ism6hg256x_xl_offset_on_out_set	24	static
C:/Users/bence/Downloads/x-cube-mems1/Drivers/BSP/Components/ism6hg256x/ism6hg256x_reg.c:283:9:ism6hg256x_xl_offset_on_out_get	24	static
C:/Users/bence/Downloads/x-cube-mems1/Drivers/BSP/Components/ism6hg256x/ism6hg256x_reg.c:312:9:ism6hg256x_xl_offset_mg_set	56	static
C:/Users/bence/Downloads/x-cube-mems1/Drivers/BSP/Components/ism6hg256x/ism6hg256x_reg.c:386:9:ism6hg256x_xl_offset_mg_get	40	static
C:/Users/bence/Downloads/x-cube-mems1/Drivers/BSP/Components/ism6hg256x/ism6hg256x_reg.c:428:9:ism6hg256x_hg_xl_offset_mg_set	56	static
C:/Users/bence/Downloads/x-cube-mems1/Drivers/BSP/Components/ism6hg256x/ism6hg256x_reg.c:483:9:ism6hg256x_hg_xl_offset_mg_get	40	static
C:/Users/bence/Downloads/x-cube-mems1/Drivers/BSP/Components/ism6hg256x/ism6hg256x_reg.c:529:9:ism6hg256x_reboot	32	static
C:/Users/bence/Downloads/x-cube-mems1/Drivers/BSP/Components/ism6hg256x/ism6hg256x_reg.c:596:9:ism6hg256x_sw_por	24	static
C:/Users/bence/Downloads/x-cube-mems1/Drivers/BSP/Components/ism6hg256x/ism6hg256x_reg.c:629:9:ism6hg256x_sw_reset	32	static
C:/Users/bence/Downloads/x-cube-mems1/Drivers/BSP/Components/ism6hg256x/ism6hg256x_reg.c:680:9:ism6hg256x_mem_bank_set	24	static
C:/Users/bence/Downloads/x-cube-mems1/Drivers/BSP/Components/ism6hg256x/ism6hg256x_reg.c:706:9:ism6hg256x_mem_bank_get	24	static
C:/Users/bence/Downloads/x-cube-mems1/Drivers/BSP/Components/ism6hg256x/ism6hg256x_reg.c:747:9:ism6hg256x_device_id_get	24	static
C:/Users/bence/Downloads/x-cube-mems1/Drivers/BSP/Components/ism6hg256x/ism6hg256x_reg.c:766:9:ism6hg256x_xl_setup	48	static
C:/Users/bence/Downloads/x-cube-mems1/Drivers/BSP/Components/ism6hg256x/ism6hg256x_reg.c:887:9:ism6hg256x_gy_setup	48	static
C:/Users/bence/Downloads/x-cube-mems1/Drivers/BSP/Components/ism6hg256x/ism6hg256x_reg.c:982:9:ism6hg256x_haodr_set	56	static
C:/Users/bence/Downloads/x-cube-mems1/Drivers/BSP/Components/ism6hg256x/ism6hg256x_reg.c:1087:9:ism6hg256x_xl_data_rate_set	32	static
C:/Users/bence/Downloads/x-cube-mems1/Drivers/BSP/Components/ism6hg256x/ism6hg256x_reg.c:1131:9:ism6hg256x_xl_data_rate_get	32	static
C:/Users/bence/Downloads/x-cube-mems1/Drivers/BSP/Components/ism6hg256x/ism6hg256x_reg.c:1369:9:ism6hg256x_hg_xl_data_rate_set	32	static
C:/Users/bence/Downloads/x-cube-mems1/Drivers/BSP/Components/ism6hg256x/ism6hg256x_reg.c:1420:9:ism6hg256x_hg_xl_data_rate_get	32	static
C:/Users/bence/Downloads/x-cube-mems1/Drivers/BSP/Components/ism6hg256x/ism6hg256x_reg.c:1477:9:ism6hg256x_xl_mode_set	24	static
C:/Users/bence/Downloads/x-cube-mems1/Drivers/BSP/Components/ism6hg256x/ism6hg256x_reg.c:1501:9:ism6hg256x_xl_mode_get	24	static
C:/Users/bence/Downloads/x-cube-mems1/Drivers/BSP/Components/ism6hg256x/ism6hg256x_reg.c:1558:9:ism6hg256x_gy_data_rate_set	32	static
C:/Users/bence/Downloads/x-cube-mems1/Drivers/BSP/Components/ism6hg256x/ism6hg256x_reg.c:1601:9:ism6hg256x_gy_data_rate_get	32	static
C:/Users/bence/Downloads/x-cube-mems1/Drivers/BSP/Components/ism6hg256x/ism6hg256x_reg.c:1839:9:ism6hg256x_gy_mode_set	24	static
C:/Users/bence/Downloads/x-cube-mems1/Drivers/BSP/Components/ism6hg256x/ism6hg256x_reg.c:1862:9:ism6hg256x_gy_mode_get	24	static
C:/Users/bence/Downloads/x-cube-mems1/Drivers/BSP/Components/ism6hg256x/ism6hg256x_reg.c:1911:9:ism6hg256x_auto_increment_set	24	static
C:/Users/bence/Downloads/x-cube-mems1/Drivers/BSP/Components/ism6hg256x/ism6hg256x_reg.c:1934:9:ism6hg256x_auto_increment_get	24	static
C:/Users/bence/Downloads/x-cube-mems1/Drivers/BSP/Components/ism6hg256x/ism6hg256x_reg.c:1958:9:ism6hg256x_block_data_update_set	24	static
C:/Users/bence/Downloads/x-cube-mems1/Drivers/BSP/Components/ism6hg256x/ism6hg256x_reg.c:1982:9:ism6hg256x_block_data_update_get	24	static
C:/Users/bence/Downloads/x-cube-mems1/Drivers/BSP/Components/ism6hg256x/ism6hg256x_reg.c:2006:9:ism6hg256x_odr_trig_cfg_set	24	static
C:/Users/bence/Downloads/x-cube-mems1/Drivers/BSP/Components/ism6hg256x/ism6hg256x_reg.c:2035:9:ism6hg256x_odr_trig_cfg_get	24	static
C:/Users/bence/Downloads/x-cube-mems1/Drivers/BSP/Components/ism6hg256x/ism6hg256x_reg.c:2058:9:ism6hg256x_data_ready_mode_set	24	static
C:/Users/bence/Downloads/x-cube-mems1/Drivers/BSP/Components/ism6hg256x/ism6hg256x_reg.c:2083:9:ism6hg256x_data_ready_mode_get	24	static
C:/Users/bence/Downloads/x-cube-mems1/Drivers/BSP/Components/ism6hg256x/ism6hg256x_reg.c:2121:9:ism6hg256x_interrupt_enable_set	32	static
C:/Users/bence/Downloads/x-cube-mems1/Drivers/BSP/Components/ism6hg256x/ism6hg256x_reg.c:2157:9:ism6hg256x_interrupt_enable_get	32	static
C:/Users/bence/Downloads/x-cube-mems1/Drivers/BSP/Components/ism6hg256x/ism6hg256x_reg.c:2185:9:ism6hg256x_gy_full_scale_set	32	static
C:/Users/bence/Downloads/x-cube-mems1/Drivers/BSP/Components/ism6hg256x/ism6hg256x_reg.c:2231:9:ism6hg256x_gy_full_scale_get	24	static
C:/Users/bence/Downloads/x-cube-mems1/Drivers/BSP/Components/ism6hg256x/ism6hg256x_reg.c:2281:9:ism6hg256x_xl_full_scale_set	24	static
C:/Users/bence/Downloads/x-cube-mems1/Drivers/BSP/Components/ism6hg256x/ism6hg256x_reg.c:2306:9:ism6hg256x_xl_full_scale_get	24	static
C:/Users/bence/Downloads/x-cube-mems1/Drivers/BSP/Components/ism6hg256x/ism6hg256x_reg.c:2352:9:ism6hg256x_hg_xl_full_scale_set	24	static
C:/Users/bence/Downloads/x-cube-mems1/Drivers/BSP/Components/ism6hg256x/ism6hg256x_reg.c:2377:9:ism6hg256x_hg_xl_full_scale_get	24	static
C:/Users/bence/Downloads/x-cube-mems1/Drivers/BSP/Components/ism6hg256x/ism6hg256x_reg.c:2423:9:ism6hg256x_xl_self_test_set	24	static
C:/Users/bence/Downloads/x-cube-mems1/Drivers/BSP/Components/ism6hg256x/ism6hg256x_reg.c:2447:9:ism6hg256x_xl_self_test_get	24	static
C:/Users/bence/Downloads/x-cube-mems1/Drivers/BSP/Components/ism6hg256x/ism6hg256x_reg.c:2488:9:ism6hg256x_gy_self_test_set	24	static
C:/Users/bence/Downloads/x-cube-mems1/Drivers/BSP/Components/ism6hg256x/ism6hg256x_reg.c:2512:9:ism6hg256x_gy_self_test_get	24	static
C:/Users/bence/Downloads/x-cube-mems1/Drivers/BSP/Components/ism6hg256x/ism6hg256x_reg.c:2553:9:ism6hg256x_hg_xl_self_test_set	24	static
C:/Users/bence/Downloads/x-cube-mems1/Drivers/BSP/Components/ism6hg256x/ism6hg256x_reg.c:2577:9:ism6hg256x_hg_xl_self_test_get	24	static
C:/Users/bence/Downloads/x-cube-mems1/Drivers/BSP/Components/ism6hg256x/ism6hg256x_reg.c:2618:9:ism6hg256x_ois_xl_self_test_set	24	static
C:/Users/bence/Downloads/x-cube-mems1/Drivers/BSP/Components/ism6hg256x/ism6hg256x_reg.c:2642:9:ism6hg256x_ois_xl_self_test_get	24	static
C:/Users/bence/Downloads/x-cube-mems1/Drivers/BSP/Components/ism6hg256x/ism6hg256x_reg.c:2683:9:ism6hg256x_ois_gy_self_test_set	24	static
C:/Users/bence/Downloads/x-cube-mems1/Drivers/BSP/Components/ism6hg256x/ism6hg256x_reg.c:2709:9:ism6hg256x_ois_gy_self_test_get	24	static
C:/Users/bence/Downloads/x-cube-mems1/Drivers/BSP/Components/ism6hg256x/ism6hg256x_reg.c:2766:9:ism6hg256x_hg_wake_up_cfg_set	32	static
C:/Users/bence/Downloads/x-cube-mems1/Drivers/BSP/Components/ism6hg256x/ism6hg256x_reg.c:2797:9:ism6hg256x_hg_wake_up_cfg_get	32	static
C:/Users/bence/Downloads/x-cube-mems1/Drivers/BSP/Components/ism6hg256x/ism6hg256x_reg.c:2828:9:ism6hg256x_hg_wu_interrupt_cfg_set	24	static
C:/Users/bence/Downloads/x-cube-mems1/Drivers/BSP/Components/ism6hg256x/ism6hg256x_reg.c:2855:9:ism6hg256x_hg_wu_interrupt_cfg_get	24	static
C:/Users/bence/Downloads/x-cube-mems1/Drivers/BSP/Components/ism6hg256x/ism6hg256x_reg.c:2881:9:ism6hg256x_hg_emb_usr_off_correction_set	24	static
C:/Users/bence/Downloads/x-cube-mems1/Drivers/BSP/Components/ism6hg256x/ism6hg256x_reg.c:2905:9:ism6hg256x_hg_emb_usr_off_correction_get	24	static
C:/Users/bence/Downloads/x-cube-mems1/Drivers/BSP/Components/ism6hg256x/ism6hg256x_reg.c:2929:9:ism6hg256x_hg_wu_usr_off_correction_set	24	static
C:/Users/bence/Downloads/x-cube-mems1/Drivers/BSP/Components/ism6hg256x/ism6hg256x_reg.c:2953:9:ism6hg256x_hg_wu_usr_off_correction_get	24	static
C:/Users/bence/Downloads/x-cube-mems1/Drivers/BSP/Components/ism6hg256x/ism6hg256x_reg.c:2977:9:ism6hg256x_hg_event_get	32	static
C:/Users/bence/Downloads/x-cube-mems1/Drivers/BSP/Components/ism6hg256x/ism6hg256x_reg.c:3034:9:ism6hg256x_pin_int1_route_set	32	static
C:/Users/bence/Downloads/x-cube-mems1/Drivers/BSP/Components/ism6hg256x/ism6hg256x_reg.c:3088:9:ism6hg256x_pin_int1_route_get	32	static
C:/Users/bence/Downloads/x-cube-mems1/Drivers/BSP/Components/ism6hg256x/ism6hg256x_reg.c:3134:9:ism6hg256x_pin_int2_route_set	32	static
C:/Users/bence/Downloads/x-cube-mems1/Drivers/BSP/Components/ism6hg256x/ism6hg256x_reg.c:3203:9:ism6hg256x_pin_int2_route_get	32	static
C:/Users/bence/Downloads/x-cube-mems1/Drivers/BSP/Components/ism6hg256x/ism6hg256x_reg.c:3260:9:ism6hg256x_pin_int1_route_hg_set	32	static
C:/Users/bence/Downloads/x-cube-mems1/Drivers/BSP/Components/ism6hg256x/ism6hg256x_reg.c:3311:9:ism6hg256x_pin_int1_route_hg_get	32	static
C:/Users/bence/Downloads/x-cube-mems1/Drivers/BSP/Components/ism6hg256x/ism6hg256x_reg.c:3355:9:ism6hg256x_pin_int2_route_hg_set	32	static
C:/Users/bence/Downloads/x-cube-mems1/Drivers/BSP/Components/ism6hg256x/ism6hg256x_reg.c:3402:9:ism6hg256x_pin_int2_route_hg_get	32	static
C:/Users/bence/Downloads/x-cube-mems1/Drivers/BSP/Components/ism6hg256x/ism6hg256x_reg.c:3446:9:ism6hg256x_pin_int1_route_embedded_set	40	static
C:/Users/bence/Downloads/x-cube-mems1/Drivers/BSP/Components/ism6hg256x/ism6hg256x_reg.c:3551:9:ism6hg256x_pin_int1_route_embedded_get	32	static
C:/Users/bence/Downloads/x-cube-mems1/Drivers/BSP/Components/ism6hg256x/ism6hg256x_reg.c:3623:9:ism6hg256x_pin_int2_route_embedded_set	40	static
C:/Users/bence/Downloads/x-cube-mems1/Drivers/BSP/Components/ism6hg256x/ism6hg256x_reg.c:3728:9:ism6hg256x_pin_int2_route_embedded_get	32	static
C:/Users/bence/Downloads/x-cube-mems1/Drivers/BSP/Components/ism6hg256x/ism6hg256x_reg.c:3804:9:ism6hg256x_all_sources_get	88	static
C:/Users/bence/Downloads/x-cube-mems1/Drivers/BSP/Components/ism6hg256x/ism6hg256x_reg.c:3973:9:ism6hg256x_flag_data_ready_get	24	static
C:/Users/bence/Downloads/x-cube-mems1/Drivers/BSP/Components/ism6hg256x/ism6hg256x_reg.c:4001:9:ism6hg256x_int_ack_mask_set	24	static
C:/Users/bence/Downloads/x-cube-mems1/Drivers/BSP/Components/ism6hg256x/ism6hg256x_reg.c:4027:9:ism6hg256x_int_ack_mask_get	24	static
C:/Users/bence/Downloads/x-cube-mems1/Drivers/BSP/Components/ism6hg256x/ism6hg256x_reg.c:4053:9:ism6hg256x_temperature_raw_get	24	static
C:/Users/bence/Downloads/x-cube-mems1/Drivers/BSP/Components/ism6hg256x/ism6hg256x_reg.c:4078:9:ism6hg256x_angular_rate_raw_get	32	static
C:/Users/bence/Downloads/x-cube-mems1/Drivers/BSP/Components/ism6hg256x/ism6hg256x_reg.c:4107:9:ism6hg256x_ois_angular_rate_raw_get	32	static
C:/Users/bence/Downloads/x-cube-mems1/Drivers/BSP/Components/ism6hg256x/ism6hg256x_reg.c:4136:9:ism6hg256x_ois_eis_angular_rate_raw_get	32	static
C:/Users/bence/Downloads/x-cube-mems1/Drivers/BSP/Components/ism6hg256x/ism6hg256x_reg.c:4165:9:ism6hg256x_acceleration_raw_get	32	static
C:/Users/bence/Downloads/x-cube-mems1/Drivers/BSP/Components/ism6hg256x/ism6hg256x_reg.c:4194:9:ism6hg256x_hg_acceleration_raw_get	32	static
C:/Users/bence/Downloads/x-cube-mems1/Drivers/BSP/Components/ism6hg256x/ism6hg256x_reg.c:4223:9:ism6hg256x_ois_acceleration_raw_get	32	static
C:/Users/bence/Downloads/x-cube-mems1/Drivers/BSP/Components/ism6hg256x/ism6hg256x_reg.c:4252:9:ism6hg256x_sflp_gbias_raw_get	32	static
C:/Users/bence/Downloads/x-cube-mems1/Drivers/BSP/Components/ism6hg256x/ism6hg256x_reg.c:4283:9:ism6hg256x_sflp_gravity_raw_get	32	static
C:/Users/bence/Downloads/x-cube-mems1/Drivers/BSP/Components/ism6hg256x/ism6hg256x_reg.c:4314:9:ism6hg256x_sflp_quaternion_raw_get	32	static
C:/Users/bence/Downloads/x-cube-mems1/Drivers/BSP/Components/ism6hg256x/ism6hg256x_reg.c:4347:9:ism6hg256x_sflp_quaternion_get	32	static
C:/Users/bence/Downloads/x-cube-mems1/Drivers/BSP/Components/ism6hg256x/ism6hg256x_reg.c:4374:9:ism6hg256x_odr_cal_reg_get	24	static
C:/Users/bence/Downloads/x-cube-mems1/Drivers/BSP/Components/ism6hg256x/ism6hg256x_reg.c:4405:9:ism6hg256x_disable_embedded_function_set	24	static
C:/Users/bence/Downloads/x-cube-mems1/Drivers/BSP/Components/ism6hg256x/ism6hg256x_reg.c:4430:9:ism6hg256x_disable_embedded_function_get	24	static
C:/Users/bence/Downloads/x-cube-mems1/Drivers/BSP/Components/ism6hg256x/ism6hg256x_reg.c:4454:9:ism6hg256x_emb_func_conv_set	24	static
C:/Users/bence/Downloads/x-cube-mems1/Drivers/BSP/Components/ism6hg256x/ism6hg256x_reg.c:4490:9:ism6hg256x_emb_func_conv_get	24	static
C:/Users/bence/Downloads/x-cube-mems1/Drivers/BSP/Components/ism6hg256x/ism6hg256x_reg.c:4525:9:ism6hg256x_ln_pg_write	48	static
C:/Users/bence/Downloads/x-cube-mems1/Drivers/BSP/Components/ism6hg256x/ism6hg256x_reg.c:4640:9:ism6hg256x_ln_pg_read	48	static
C:/Users/bence/Downloads/x-cube-mems1/Drivers/BSP/Components/ism6hg256x/ism6hg256x_reg.c:4759:9:ism6hg256x_emb_function_dbg_set	24	static
C:/Users/bence/Downloads/x-cube-mems1/Drivers/BSP/Components/ism6hg256x/ism6hg256x_reg.c:4783:9:ism6hg256x_emb_function_dbg_get	24	static
C:/Users/bence/Downloads/x-cube-mems1/Drivers/BSP/Components/ism6hg256x/ism6hg256x_reg.c:4820:9:ism6hg256x_den_polarity_set	24	static
C:/Users/bence/Downloads/x-cube-mems1/Drivers/BSP/Components/ism6hg256x/ism6hg256x_reg.c:4845:9:ism6hg256x_den_polarity_get	24	static
C:/Users/bence/Downloads/x-cube-mems1/Drivers/BSP/Components/ism6hg256x/ism6hg256x_reg.c:4895:9:ism6hg256x_eis_gy_full_scale_set	32	static
C:/Users/bence/Downloads/x-cube-mems1/Drivers/BSP/Components/ism6hg256x/ism6hg256x_reg.c:4941:9:ism6hg256x_eis_gy_full_scale_get	24	static
C:/Users/bence/Downloads/x-cube-mems1/Drivers/BSP/Components/ism6hg256x/ism6hg256x_reg.c:4990:9:ism6hg256x_eis_gy_on_if2_set	24	static
C:/Users/bence/Downloads/x-cube-mems1/Drivers/BSP/Components/ism6hg256x/ism6hg256x_reg.c:5014:9:ism6hg256x_eis_gy_on_if2_get	24	static
C:/Users/bence/Downloads/x-cube-mems1/Drivers/BSP/Components/ism6hg256x/ism6hg256x_reg.c:5038:9:ism6hg256x_gy_eis_data_rate_set	40	static
C:/Users/bence/Downloads/x-cube-mems1/Drivers/BSP/Components/ism6hg256x/ism6hg256x_reg.c:5088:9:ism6hg256x_gy_eis_data_rate_get	24	static
C:/Users/bence/Downloads/x-cube-mems1/Drivers/BSP/Components/ism6hg256x/ism6hg256x_reg.c:5142:9:ism6hg256x_fifo_watermark_set	24	static
C:/Users/bence/Downloads/x-cube-mems1/Drivers/BSP/Components/ism6hg256x/ism6hg256x_reg.c:5166:9:ism6hg256x_fifo_watermark_get	24	static
C:/Users/bence/Downloads/x-cube-mems1/Drivers/BSP/Components/ism6hg256x/ism6hg256x_reg.c:5190:9:ism6hg256x_fifo_compress_algo_set	24	static
C:/Users/bence/Downloads/x-cube-mems1/Drivers/BSP/Components/ism6hg256x/ism6hg256x_reg.c:5214:9:ism6hg256x_fifo_compress_algo_get	24	static
C:/Users/bence/Downloads/x-cube-mems1/Drivers/BSP/Components/ism6hg256x/ism6hg256x_reg.c:5259:9:ism6hg256x_fifo_virtual_sens_odr_chg_set	24	static
C:/Users/bence/Downloads/x-cube-mems1/Drivers/BSP/Components/ism6hg256x/ism6hg256x_reg.c:5282:9:ism6hg256x_fifo_virtual_sens_odr_chg_get	24	static
C:/Users/bence/Downloads/x-cube-mems1/Drivers/BSP/Components/ism6hg256x/ism6hg256x_reg.c:5307:9:ism6hg256x_fifo_compress_algo_real_time_set	32	static
C:/Users/bence/Downloads/x-cube-mems1/Drivers/BSP/Components/ism6hg256x/ism6hg256x_reg.c:5353:9:ism6hg256x_fifo_compress_algo_real_time_get	24	static
C:/Users/bence/Downloads/x-cube-mems1/Drivers/BSP/Components/ism6hg256x/ism6hg256x_reg.c:5378:9:ism6hg256x_fifo_stop_on_wtm_set	24	static
C:/Users/bence/Downloads/x-cube-mems1/Drivers/BSP/Components/ism6hg256x/ism6hg256x_reg.c:5401:9:ism6hg256x_fifo_stop_on_wtm_get	24	static
C:/Users/bence/Downloads/x-cube-mems1/Drivers/BSP/Components/ism6hg256x/ism6hg256x_reg.c:5425:9:ism6hg256x_fifo_xl_batch_set	24	static
C:/Users/bence/Downloads/x-cube-mems1/Drivers/BSP/Components/ism6hg256x/ism6hg256x_reg.c:5449:9:ism6hg256x_fifo_xl_batch_get	24	static
C:/Users/bence/Downloads/x-cube-mems1/Drivers/BSP/Components/ism6hg256x/ism6hg256x_reg.c:5531:9:ism6hg256x_fifo_gy_batch_set	24	static
C:/Users/bence/Downloads/x-cube-mems1/Drivers/BSP/Components/ism6hg256x/ism6hg256x_reg.c:5555:9:ism6hg256x_fifo_gy_batch_get	24	static
C:/Users/bence/Downloads/x-cube-mems1/Drivers/BSP/Components/ism6hg256x/ism6hg256x_reg.c:5636:9:ism6hg256x_fifo_hg_xl_batch_set	24	static
C:/Users/bence/Downloads/x-cube-mems1/Drivers/BSP/Components/ism6hg256x/ism6hg256x_reg.c:5659:9:ism6hg256x_fifo_hg_xl_batch_get	24	static
C:/Users/bence/Downloads/x-cube-mems1/Drivers/BSP/Components/ism6hg256x/ism6hg256x_reg.c:5683:9:ism6hg256x_fifo_mode_set	24	static
C:/Users/bence/Downloads/x-cube-mems1/Drivers/BSP/Components/ism6hg256x/ism6hg256x_reg.c:5706:9:ism6hg256x_fifo_mode_get	24	static
C:/Users/bence/Downloads/x-cube-mems1/Drivers/BSP/Components/ism6hg256x/ism6hg256x_reg.c:5762:9:ism6hg256x_fifo_gy_eis_batch_set	24	static
C:/Users/bence/Downloads/x-cube-mems1/Drivers/BSP/Components/ism6hg256x/ism6hg256x_reg.c:5785:9:ism6hg256x_fifo_gy_eis_batch_get	24	static
C:/Users/bence/Downloads/x-cube-mems1/Drivers/BSP/Components/ism6hg256x/ism6hg256x_reg.c:5809:9:ism6hg256x_fifo_temp_batch_set	24	static
C:/Users/bence/Downloads/x-cube-mems1/Drivers/BSP/Components/ism6hg256x/ism6hg256x_reg.c:5833:9:ism6hg256x_fifo_temp_batch_get	24	static
C:/Users/bence/Downloads/x-cube-mems1/Drivers/BSP/Components/ism6hg256x/ism6hg256x_reg.c:5878:9:ism6hg256x_fifo_timestamp_batch_set	24	static
C:/Users/bence/Downloads/x-cube-mems1/Drivers/BSP/Components/ism6hg256x/ism6hg256x_reg.c:5902:9:ism6hg256x_fifo_timestamp_batch_get	24	static
C:/Users/bence/Downloads/x-cube-mems1/Drivers/BSP/Components/ism6hg256x/ism6hg256x_reg.c:5948:9:ism6hg256x_fifo_batch_counter_threshold_set	32	static
C:/Users/bence/Downloads/x-cube-mems1/Drivers/BSP/Components/ism6hg256x/ism6hg256x_reg.c:5977:9:ism6hg256x_fifo_batch_counter_threshold_get	24	static
C:/Users/bence/Downloads/x-cube-mems1/Drivers/BSP/Components/ism6hg256x/ism6hg256x_reg.c:6003:9:ism6hg256x_fifo_batch_cnt_event_set	24	static
C:/Users/bence/Downloads/x-cube-mems1/Drivers/BSP/Components/ism6hg256x/ism6hg256x_reg.c:6027:9:ism6hg256x_fifo_batch_cnt_event_get	24	static
C:/Users/bence/Downloads/x-cube-mems1/Drivers/BSP/Components/ism6hg256x/ism6hg256x_reg.c:6065:9:ism6hg256x_fifo_status_get	32	static
C:/Users/bence/Downloads/x-cube-mems1/Drivers/BSP/Components/ism6hg256x/ism6hg256x_reg.c:6100:9:ism6hg256x_fifo_out_raw_get	32	static
C:/Users/bence/Downloads/x-cube-mems1/Drivers/BSP/Components/ism6hg256x/ism6hg256x_reg.c:6262:9:ism6hg256x_fifo_stpcnt_batch_set	24	static
C:/Users/bence/Downloads/x-cube-mems1/Drivers/BSP/Components/ism6hg256x/ism6hg256x_reg.c:6295:9:ism6hg256x_fifo_stpcnt_batch_get	24	static
C:/Users/bence/Downloads/x-cube-mems1/Drivers/BSP/Components/ism6hg256x/ism6hg256x_reg.c:6327:9:ism6hg256x_fifo_fsm_batch_set	24	static
C:/Users/bence/Downloads/x-cube-mems1/Drivers/BSP/Components/ism6hg256x/ism6hg256x_reg.c:6360:9:ism6hg256x_fifo_fsm_batch_get	24	static
C:/Users/bence/Downloads/x-cube-mems1/Drivers/BSP/Components/ism6hg256x/ism6hg256x_reg.c:6392:9:ism6hg256x_fifo_mlc_batch_set	24	static
C:/Users/bence/Downloads/x-cube-mems1/Drivers/BSP/Components/ism6hg256x/ism6hg256x_reg.c:6425:9:ism6hg256x_fifo_mlc_batch_get	24	static
C:/Users/bence/Downloads/x-cube-mems1/Drivers/BSP/Components/ism6hg256x/ism6hg256x_reg.c:6457:9:ism6hg256x_fifo_mlc_filt_batch_set	24	static
C:/Users/bence/Downloads/x-cube-mems1/Drivers/BSP/Components/ism6hg256x/ism6hg256x_reg.c:6490:9:ism6hg256x_fifo_mlc_filt_batch_get	24	static
C:/Users/bence/Downloads/x-cube-mems1/Drivers/BSP/Components/ism6hg256x/ism6hg256x_reg.c:6522:9:ism6hg256x_fifo_sh_batch_target_set	24	static
C:/Users/bence/Downloads/x-cube-mems1/Drivers/BSP/Components/ism6hg256x/ism6hg256x_reg.c:6560:9:ism6hg256x_fifo_sh_batch_target_get	32	static
C:/Users/bence/Downloads/x-cube-mems1/Drivers/BSP/Components/ism6hg256x/ism6hg256x_reg.c:6597:9:ism6hg256x_fifo_sflp_batch_set	24	static
C:/Users/bence/Downloads/x-cube-mems1/Drivers/BSP/Components/ism6hg256x/ism6hg256x_reg.c:6634:9:ism6hg256x_fifo_sflp_batch_get	24	static
C:/Users/bence/Downloads/x-cube-mems1/Drivers/BSP/Components/ism6hg256x/ism6hg256x_reg.c:6682:9:ism6hg256x_filt_anti_spike_set	24	static
C:/Users/bence/Downloads/x-cube-mems1/Drivers/BSP/Components/ism6hg256x/ism6hg256x_reg.c:6707:9:ism6hg256x_filt_anti_spike_get	24	static
C:/Users/bence/Downloads/x-cube-mems1/Drivers/BSP/Components/ism6hg256x/ism6hg256x_reg.c:6745:9:ism6hg256x_filt_settling_mask_set	32	static
C:/Users/bence/Downloads/x-cube-mems1/Drivers/BSP/Components/ism6hg256x/ism6hg256x_reg.c:6798:9:ism6hg256x_filt_settling_mask_get	32	static
C:/Users/bence/Downloads/x-cube-mems1/Drivers/BSP/Components/ism6hg256x/ism6hg256x_reg.c:6830:9:ism6hg256x_filt_ois_settling_mask_set	24	static
C:/Users/bence/Downloads/x-cube-mems1/Drivers/BSP/Components/ism6hg256x/ism6hg256x_reg.c:6855:9:ism6hg256x_filt_ois_settling_mask_get	24	static
C:/Users/bence/Downloads/x-cube-mems1/Drivers/BSP/Components/ism6hg256x/ism6hg256x_reg.c:6881:9:ism6hg256x_filt_gy_lp1_bandwidth_set	24	static
C:/Users/bence/Downloads/x-cube-mems1/Drivers/BSP/Components/ism6hg256x/ism6hg256x_reg.c:6905:9:ism6hg256x_filt_gy_lp1_bandwidth_get	24	static
C:/Users/bence/Downloads/x-cube-mems1/Drivers/BSP/Components/ism6hg256x/ism6hg256x_reg.c:6967:9:ism6hg256x_filt_gy_lp1_set	24	static
C:/Users/bence/Downloads/x-cube-mems1/Drivers/BSP/Components/ism6hg256x/ism6hg256x_reg.c:6991:9:ism6hg256x_filt_gy_lp1_get	24	static
C:/Users/bence/Downloads/x-cube-mems1/Drivers/BSP/Components/ism6hg256x/ism6hg256x_reg.c:7020:9:ism6hg256x_filt_xl_setup	32	static
C:/Users/bence/Downloads/x-cube-mems1/Drivers/BSP/Components/ism6hg256x/ism6hg256x_reg.c:7089:9:ism6hg256x_filt_xl_lp2_bandwidth_set	24	static
C:/Users/bence/Downloads/x-cube-mems1/Drivers/BSP/Components/ism6hg256x/ism6hg256x_reg.c:7113:9:ism6hg256x_filt_xl_lp2_bandwidth_get	24	static
C:/Users/bence/Downloads/x-cube-mems1/Drivers/BSP/Components/ism6hg256x/ism6hg256x_reg.c:7175:9:ism6hg256x_filt_xl_lp2_set	24	static
C:/Users/bence/Downloads/x-cube-mems1/Drivers/BSP/Components/ism6hg256x/ism6hg256x_reg.c:7198:9:ism6hg256x_filt_xl_lp2_get	24	static
C:/Users/bence/Downloads/x-cube-mems1/Drivers/BSP/Components/ism6hg256x/ism6hg256x_reg.c:7222:9:ism6hg256x_filt_xl_hp_set	24	static
C:/Users/bence/Downloads/x-cube-mems1/Drivers/BSP/Components/ism6hg256x/ism6hg256x_reg.c:7245:9:ism6hg256x_filt_xl_hp_get	24	static
C:/Users/bence/Downloads/x-cube-mems1/Drivers/BSP/Components/ism6hg256x/ism6hg256x_reg.c:7269:9:ism6hg256x_filt_xl_fast_settling_set	24	static
C:/Users/bence/Downloads/x-cube-mems1/Drivers/BSP/Components/ism6hg256x/ism6hg256x_reg.c:7292:9:ism6hg256x_filt_xl_fast_settling_get	24	static
C:/Users/bence/Downloads/x-cube-mems1/Drivers/BSP/Components/ism6hg256x/ism6hg256x_reg.c:7316:9:ism6hg256x_filt_xl_hp_mode_set	24	static
C:/Users/bence/Downloads/x-cube-mems1/Drivers/BSP/Components/ism6hg256x/ism6hg256x_reg.c:7341:9:ism6hg256x_filt_xl_hp_mode_get	24	static
C:/Users/bence/Downloads/x-cube-mems1/Drivers/BSP/Components/ism6hg256x/ism6hg256x_reg.c:7384:9:ism6hg256x_filt_wkup_act_feed_set	32	static
C:/Users/bence/Downloads/x-cube-mems1/Drivers/BSP/Components/ism6hg256x/ism6hg256x_reg.c:7419:9:ism6hg256x_filt_wkup_act_feed_get	32	static
C:/Users/bence/Downloads/x-cube-mems1/Drivers/BSP/Components/ism6hg256x/ism6hg256x_reg.c:7463:9:ism6hg256x_mask_trigger_xl_settl_set	24	static
C:/Users/bence/Downloads/x-cube-mems1/Drivers/BSP/Components/ism6hg256x/ism6hg256x_reg.c:7487:9:ism6hg256x_mask_trigger_xl_settl_get	24	static
C:/Users/bence/Downloads/x-cube-mems1/Drivers/BSP/Components/ism6hg256x/ism6hg256x_reg.c:7511:9:ism6hg256x_filt_sixd_feed_set	24	static
C:/Users/bence/Downloads/x-cube-mems1/Drivers/BSP/Components/ism6hg256x/ism6hg256x_reg.c:7536:9:ism6hg256x_filt_sixd_feed_get	24	static
C:/Users/bence/Downloads/x-cube-mems1/Drivers/BSP/Components/ism6hg256x/ism6hg256x_reg.c:7574:9:ism6hg256x_filt_gy_eis_lp_bandwidth_set	24	static
C:/Users/bence/Downloads/x-cube-mems1/Drivers/BSP/Components/ism6hg256x/ism6hg256x_reg.c:7599:9:ism6hg256x_filt_gy_eis_lp_bandwidth_get	24	static
C:/Users/bence/Downloads/x-cube-mems1/Drivers/BSP/Components/ism6hg256x/ism6hg256x_reg.c:7637:9:ism6hg256x_filt_gy_ois_lp_bandwidth_set	24	static
C:/Users/bence/Downloads/x-cube-mems1/Drivers/BSP/Components/ism6hg256x/ism6hg256x_reg.c:7662:9:ism6hg256x_filt_gy_ois_lp_bandwidth_get	24	static
C:/Users/bence/Downloads/x-cube-mems1/Drivers/BSP/Components/ism6hg256x/ism6hg256x_reg.c:7709:9:ism6hg256x_filt_xl_ois_lp_bandwidth_set	24	static
C:/Users/bence/Downloads/x-cube-mems1/Drivers/BSP/Components/ism6hg256x/ism6hg256x_reg.c:7734:9:ism6hg256x_filt_xl_ois_lp_bandwidth_get	24	static
C:/Users/bence/Downloads/x-cube-mems1/Drivers/BSP/Components/ism6hg256x/ism6hg256x_reg.c:7809:9:ism6hg256x_fsm_permission_set	24	static
C:/Users/bence/Downloads/x-cube-mems1/Drivers/BSP/Components/ism6hg256x/ism6hg256x_reg.c:7834:9:ism6hg256x_fsm_permission_get	24	static
C:/Users/bence/Downloads/x-cube-mems1/Drivers/BSP/Components/ism6hg256x/ism6hg256x_reg.c:7872:9:ism6hg256x_fsm_permission_status	24	static
C:/Users/bence/Downloads/x-cube-mems1/Drivers/BSP/Components/ism6hg256x/ism6hg256x_reg.c:7896:9:ism6hg256x_fsm_mode_set	32	static
C:/Users/bence/Downloads/x-cube-mems1/Drivers/BSP/Components/ism6hg256x/ism6hg256x_reg.c:7951:9:ism6hg256x_fsm_mode_get	24	static
C:/Users/bence/Downloads/x-cube-mems1/Drivers/BSP/Components/ism6hg256x/ism6hg256x_reg.c:7991:9:ism6hg256x_fsm_long_cnt_set	24	static
C:/Users/bence/Downloads/x-cube-mems1/Drivers/BSP/Components/ism6hg256x/ism6hg256x_reg.c:8021:9:ism6hg256x_fsm_long_cnt_get	24	static
C:/Users/bence/Downloads/x-cube-mems1/Drivers/BSP/Components/ism6hg256x/ism6hg256x_reg.c:8055:9:ism6hg256x_fsm_out_get	24	static
C:/Users/bence/Downloads/x-cube-mems1/Drivers/BSP/Components/ism6hg256x/ism6hg256x_reg.c:8081:9:ism6hg256x_fsm_data_rate_set	24	static
C:/Users/bence/Downloads/x-cube-mems1/Drivers/BSP/Components/ism6hg256x/ism6hg256x_reg.c:8115:9:ism6hg256x_fsm_data_rate_get	24	static
C:/Users/bence/Downloads/x-cube-mems1/Drivers/BSP/Components/ism6hg256x/ism6hg256x_reg.c:8190:17:npy_floatbits_to_halfbits	40	static
C:/Users/bence/Downloads/x-cube-mems1/Drivers/BSP/Components/ism6hg256x/ism6hg256x_reg.c:8328:17:npy_float_to_half	24	static
C:/Users/bence/Downloads/x-cube-mems1/Drivers/BSP/Components/ism6hg256x/ism6hg256x_reg.c:8336:17:npy_halfbits_to_floatbits	32	static
C:/Users/bence/Downloads/x-cube-mems1/Drivers/BSP/Components/ism6hg256x/ism6hg256x_reg.c:8370:16:npy_half_to_float	24	static
C:/Users/bence/Downloads/x-cube-mems1/Drivers/BSP/Components/ism6hg256x/ism6hg256x_reg.c:8389:9:ism6hg256x_sflp_game_gbias_set	32	static
C:/Users/bence/Downloads/x-cube-mems1/Drivers/BSP/Components/ism6hg256x/ism6hg256x_reg.c:8454:9:ism6hg256x_fsm_ext_sens_sensitivity_set	24	static
C:/Users/bence/Downloads/x-cube-mems1/Drivers/BSP/Components/ism6hg256x/ism6hg256x_reg.c:8474:9:ism6hg256x_fsm_ext_sens_sensitivity_get	24	static
C:/Users/bence/Downloads/x-cube-mems1/Drivers/BSP/Components/ism6hg256x/ism6hg256x_reg.c:8500:9:ism6hg256x_fsm_ext_sens_offset_set	40	static
C:/Users/bence/Downloads/x-cube-mems1/Drivers/BSP/Components/ism6hg256x/ism6hg256x_reg.c:8525:9:ism6hg256x_fsm_ext_sens_offset_get	32	static
C:/Users/bence/Downloads/x-cube-mems1/Drivers/BSP/Components/ism6hg256x/ism6hg256x_reg.c:8555:9:ism6hg256x_fsm_ext_sens_matrix_set	40	static
C:/Users/bence/Downloads/x-cube-mems1/Drivers/BSP/Components/ism6hg256x/ism6hg256x_reg.c:8586:9:ism6hg256x_fsm_ext_sens_matrix_get	32	static
C:/Users/bence/Downloads/x-cube-mems1/Drivers/BSP/Components/ism6hg256x/ism6hg256x_reg.c:8622:9:ism6hg256x_fsm_ext_sens_z_orient_set	24	static
C:/Users/bence/Downloads/x-cube-mems1/Drivers/BSP/Components/ism6hg256x/ism6hg256x_reg.c:8647:9:ism6hg256x_fsm_ext_sens_z_orient_get	24	static
C:/Users/bence/Downloads/x-cube-mems1/Drivers/BSP/Components/ism6hg256x/ism6hg256x_reg.c:8701:9:ism6hg256x_fsm_ext_sens_y_orient_set	24	static
C:/Users/bence/Downloads/x-cube-mems1/Drivers/BSP/Components/ism6hg256x/ism6hg256x_reg.c:8725:9:ism6hg256x_fsm_ext_sens_y_orient_get	24	static
C:/Users/bence/Downloads/x-cube-mems1/Drivers/BSP/Components/ism6hg256x/ism6hg256x_reg.c:8779:9:ism6hg256x_fsm_ext_sens_x_orient_set	24	static
C:/Users/bence/Downloads/x-cube-mems1/Drivers/BSP/Components/ism6hg256x/ism6hg256x_reg.c:8803:9:ism6hg256x_fsm_ext_sens_x_orient_get	24	static
C:/Users/bence/Downloads/x-cube-mems1/Drivers/BSP/Components/ism6hg256x/ism6hg256x_reg.c:8857:9:ism6hg256x_xl_hg_peak_tracking_set	24	static
C:/Users/bence/Downloads/x-cube-mems1/Drivers/BSP/Components/ism6hg256x/ism6hg256x_reg.c:8890:9:ism6hg256x_xl_hg_peak_tracking_get	24	static
C:/Users/bence/Downloads/x-cube-mems1/Drivers/BSP/Components/ism6hg256x/ism6hg256x_reg.c:8922:9:ism6hg256x_xl_hg_sensitivity_set	24	static
C:/Users/bence/Downloads/x-cube-mems1/Drivers/BSP/Components/ism6hg256x/ism6hg256x_reg.c:8943:9:ism6hg256x_xl_hg_sensitivity_get	24	static
C:/Users/bence/Downloads/x-cube-mems1/Drivers/BSP/Components/ism6hg256x/ism6hg256x_reg.c:8969:9:ism6hg256x_fsm_long_cnt_timeout_set	24	static
C:/Users/bence/Downloads/x-cube-mems1/Drivers/BSP/Components/ism6hg256x/ism6hg256x_reg.c:8990:9:ism6hg256x_fsm_long_cnt_timeout_get	24	static
C:/Users/bence/Downloads/x-cube-mems1/Drivers/BSP/Components/ism6hg256x/ism6hg256x_reg.c:9016:9:ism6hg256x_fsm_number_of_programs_set	24	static
C:/Users/bence/Downloads/x-cube-mems1/Drivers/BSP/Components/ism6hg256x/ism6hg256x_reg.c:9041:9:ism6hg256x_fsm_number_of_programs_get	24	static
C:/Users/bence/Downloads/x-cube-mems1/Drivers/BSP/Components/ism6hg256x/ism6hg256x_reg.c:9064:9:ism6hg256x_fsm_start_address_set	24	static
C:/Users/bence/Downloads/x-cube-mems1/Drivers/BSP/Components/ism6hg256x/ism6hg256x_reg.c:9085:9:ism6hg256x_fsm_start_address_get	24	static
C:/Users/bence/Downloads/x-cube-mems1/Drivers/BSP/Components/ism6hg256x/ism6hg256x_reg.c:9123:9:ism6hg256x_ff_time_windows_set	32	static
C:/Users/bence/Downloads/x-cube-mems1/Drivers/BSP/Components/ism6hg256x/ism6hg256x_reg.c:9160:9:ism6hg256x_ff_time_windows_get	32	static
C:/Users/bence/Downloads/x-cube-mems1/Drivers/BSP/Components/ism6hg256x/ism6hg256x_reg.c:9186:9:ism6hg256x_ff_thresholds_set	24	static
C:/Users/bence/Downloads/x-cube-mems1/Drivers/BSP/Components/ism6hg256x/ism6hg256x_reg.c:9210:9:ism6hg256x_ff_thresholds_get	24	static
C:/Users/bence/Downloads/x-cube-mems1/Drivers/BSP/Components/ism6hg256x/ism6hg256x_reg.c:9285:9:ism6hg256x_mlc_set	32	static
C:/Users/bence/Downloads/x-cube-mems1/Drivers/BSP/Components/ism6hg256x/ism6hg256x_reg.c:9338:9:ism6hg256x_mlc_get	32	static
C:/Users/bence/Downloads/x-cube-mems1/Drivers/BSP/Components/ism6hg256x/ism6hg256x_reg.c:9387:9:ism6hg256x_mlc_data_rate_set	24	static
C:/Users/bence/Downloads/x-cube-mems1/Drivers/BSP/Components/ism6hg256x/ism6hg256x_reg.c:9421:9:ism6hg256x_mlc_data_rate_get	24	static
C:/Users/bence/Downloads/x-cube-mems1/Drivers/BSP/Components/ism6hg256x/ism6hg256x_reg.c:9481:9:ism6hg256x_mlc_out_get	24	static
C:/Users/bence/Downloads/x-cube-mems1/Drivers/BSP/Components/ism6hg256x/ism6hg256x_reg.c:9503:9:ism6hg256x_mlc_ext_sens_sensitivity_set	24	static
C:/Users/bence/Downloads/x-cube-mems1/Drivers/BSP/Components/ism6hg256x/ism6hg256x_reg.c:9525:9:ism6hg256x_mlc_ext_sens_sensitivity_get	24	static
C:/Users/bence/Downloads/x-cube-mems1/Drivers/BSP/Components/ism6hg256x/ism6hg256x_reg.c:9565:9:ism6hg256x_ois_ctrl_mode_set	24	static
C:/Users/bence/Downloads/x-cube-mems1/Drivers/BSP/Components/ism6hg256x/ism6hg256x_reg.c:9589:9:ism6hg256x_ois_ctrl_mode_get	24	static
C:/Users/bence/Downloads/x-cube-mems1/Drivers/BSP/Components/ism6hg256x/ism6hg256x_reg.c:9627:9:ism6hg256x_ois_reset_set	24	static
C:/Users/bence/Downloads/x-cube-mems1/Drivers/BSP/Components/ism6hg256x/ism6hg256x_reg.c:9650:9:ism6hg256x_ois_reset_get	24	static
C:/Users/bence/Downloads/x-cube-mems1/Drivers/BSP/Components/ism6hg256x/ism6hg256x_reg.c:9673:9:ism6hg256x_ois_interface_pull_up_set	24	static
C:/Users/bence/Downloads/x-cube-mems1/Drivers/BSP/Components/ism6hg256x/ism6hg256x_reg.c:9696:9:ism6hg256x_ois_interface_pull_up_get	24	static
C:/Users/bence/Downloads/x-cube-mems1/Drivers/BSP/Components/ism6hg256x/ism6hg256x_reg.c:9719:9:ism6hg256x_ois_handshake_from_ui_set	24	static
C:/Users/bence/Downloads/x-cube-mems1/Drivers/BSP/Components/ism6hg256x/ism6hg256x_reg.c:9744:9:ism6hg256x_ois_handshake_from_ui_get	24	static
C:/Users/bence/Downloads/x-cube-mems1/Drivers/BSP/Components/ism6hg256x/ism6hg256x_reg.c:9770:9:ism6hg256x_ois_handshake_from_ois_set	24	static
C:/Users/bence/Downloads/x-cube-mems1/Drivers/BSP/Components/ism6hg256x/ism6hg256x_reg.c:9795:9:ism6hg256x_ois_handshake_from_ois_get	24	static
C:/Users/bence/Downloads/x-cube-mems1/Drivers/BSP/Components/ism6hg256x/ism6hg256x_reg.c:9821:9:ism6hg256x_ois_shared_set	24	static
C:/Users/bence/Downloads/x-cube-mems1/Drivers/BSP/Components/ism6hg256x/ism6hg256x_reg.c:9838:9:ism6hg256x_ois_shared_get	24	static
C:/Users/bence/Downloads/x-cube-mems1/Drivers/BSP/Components/ism6hg256x/ism6hg256x_reg.c:9855:9:ism6hg256x_ois_on_if2_set	24	static
C:/Users/bence/Downloads/x-cube-mems1/Drivers/BSP/Components/ism6hg256x/ism6hg256x_reg.c:9878:9:ism6hg256x_ois_on_if2_get	24	static
C:/Users/bence/Downloads/x-cube-mems1/Drivers/BSP/Components/ism6hg256x/ism6hg256x_reg.c:9901:9:ism6hg256x_ois_chain_set	24	static
C:/Users/bence/Downloads/x-cube-mems1/Drivers/BSP/Components/ism6hg256x/ism6hg256x_reg.c:9925:9:ism6hg256x_ois_chain_get	24	static
C:/Users/bence/Downloads/x-cube-mems1/Drivers/BSP/Components/ism6hg256x/ism6hg256x_reg.c:9950:9:ism6hg256x_ois_gy_full_scale_set	24	static
C:/Users/bence/Downloads/x-cube-mems1/Drivers/BSP/Components/ism6hg256x/ism6hg256x_reg.c:9974:9:ism6hg256x_ois_gy_full_scale_get	24	static
C:/Users/bence/Downloads/x-cube-mems1/Drivers/BSP/Components/ism6hg256x/ism6hg256x_reg.c:10020:9:ism6hg256x_ois_xl_full_scale_set	24	static
C:/Users/bence/Downloads/x-cube-mems1/Drivers/BSP/Components/ism6hg256x/ism6hg256x_reg.c:10044:9:ism6hg256x_ois_xl_full_scale_get	24	static
C:/Users/bence/Downloads/x-cube-mems1/Drivers/BSP/Components/ism6hg256x/ism6hg256x_reg.c:10103:9:ism6hg256x_6d_threshold_set	24	static
C:/Users/bence/Downloads/x-cube-mems1/Drivers/BSP/Components/ism6hg256x/ism6hg256x_reg.c:10127:9:ism6hg256x_6d_threshold_get	24	static
C:/Users/bence/Downloads/x-cube-mems1/Drivers/BSP/Components/ism6hg256x/ism6hg256x_reg.c:10173:9:ism6hg256x_4d_mode_set	24	static
C:/Users/bence/Downloads/x-cube-mems1/Drivers/BSP/Components/ism6hg256x/ism6hg256x_reg.c:10196:9:ism6hg256x_4d_mode_get	24	static
C:/Users/bence/Downloads/x-cube-mems1/Drivers/BSP/Components/ism6hg256x/ism6hg256x_reg.c:10233:9:ism6hg256x_i3c_config_set	32	static
C:/Users/bence/Downloads/x-cube-mems1/Drivers/BSP/Components/ism6hg256x/ism6hg256x_reg.c:10263:9:ism6hg256x_i3c_config_get	32	static
C:/Users/bence/Downloads/x-cube-mems1/Drivers/BSP/Components/ism6hg256x/ism6hg256x_reg.c:10346:9:ism6hg256x_sh_controller_interface_pull_up_set	24	static
C:/Users/bence/Downloads/x-cube-mems1/Drivers/BSP/Components/ism6hg256x/ism6hg256x_reg.c:10370:9:ism6hg256x_sh_controller_interface_pull_up_get	24	static
C:/Users/bence/Downloads/x-cube-mems1/Drivers/BSP/Components/ism6hg256x/ism6hg256x_reg.c:10395:9:ism6hg256x_sh_read_data_raw_get	32	static
C:/Users/bence/Downloads/x-cube-mems1/Drivers/BSP/Components/ism6hg256x/ism6hg256x_reg.c:10420:9:ism6hg256x_sh_target_connected_set	24	static
C:/Users/bence/Downloads/x-cube-mems1/Drivers/BSP/Components/ism6hg256x/ism6hg256x_reg.c:10454:9:ism6hg256x_sh_target_connected_get	24	static
C:/Users/bence/Downloads/x-cube-mems1/Drivers/BSP/Components/ism6hg256x/ism6hg256x_reg.c:10502:9:ism6hg256x_sh_controller_set	24	static
C:/Users/bence/Downloads/x-cube-mems1/Drivers/BSP/Components/ism6hg256x/ism6hg256x_reg.c:10531:9:ism6hg256x_sh_controller_get	24	static
C:/Users/bence/Downloads/x-cube-mems1/Drivers/BSP/Components/ism6hg256x/ism6hg256x_reg.c:10563:9:ism6hg256x_sh_pass_through_set	24	static
C:/Users/bence/Downloads/x-cube-mems1/Drivers/BSP/Components/ism6hg256x/ism6hg256x_reg.c:10592:9:ism6hg256x_sh_pass_through_get	24	static
C:/Users/bence/Downloads/x-cube-mems1/Drivers/BSP/Components/ism6hg256x/ism6hg256x_reg.c:10621:9:ism6hg256x_sh_syncro_mode_set	24	static
C:/Users/bence/Downloads/x-cube-mems1/Drivers/BSP/Components/ism6hg256x/ism6hg256x_reg.c:10652:9:ism6hg256x_sh_syncro_mode_get	24	static
C:/Users/bence/Downloads/x-cube-mems1/Drivers/BSP/Components/ism6hg256x/ism6hg256x_reg.c:10692:9:ism6hg256x_sh_write_mode_set	24	static
C:/Users/bence/Downloads/x-cube-mems1/Drivers/BSP/Components/ism6hg256x/ism6hg256x_reg.c:10722:9:ism6hg256x_sh_write_mode_get	24	static
C:/Users/bence/Downloads/x-cube-mems1/Drivers/BSP/Components/ism6hg256x/ism6hg256x_reg.c:10762:9:ism6hg256x_sh_reset_set	24	static
C:/Users/bence/Downloads/x-cube-mems1/Drivers/BSP/Components/ism6hg256x/ism6hg256x_reg.c:10791:9:ism6hg256x_sh_reset_get	24	static
C:/Users/bence/Downloads/x-cube-mems1/Drivers/BSP/Components/ism6hg256x/ism6hg256x_reg.c:10822:9:ism6hg256x_sh_cfg_write	24	static
C:/Users/bence/Downloads/x-cube-mems1/Drivers/BSP/Components/ism6hg256x/ism6hg256x_reg.c:10866:9:ism6hg256x_sh_data_rate_set	24	static
C:/Users/bence/Downloads/x-cube-mems1/Drivers/BSP/Components/ism6hg256x/ism6hg256x_reg.c:10896:9:ism6hg256x_sh_data_rate_get	24	static
C:/Users/bence/Downloads/x-cube-mems1/Drivers/BSP/Components/ism6hg256x/ism6hg256x_reg.c:10958:9:ism6hg256x_sh_tgt_cfg_read	40	static
C:/Users/bence/Downloads/x-cube-mems1/Drivers/BSP/Components/ism6hg256x/ism6hg256x_reg.c:11017:9:ism6hg256x_sh_status_get	24	static
C:/Users/bence/Downloads/x-cube-mems1/Drivers/BSP/Components/ism6hg256x/ism6hg256x_reg.c:11048:9:ism6hg256x_ui_sdo_pull_up_set	24	static
C:/Users/bence/Downloads/x-cube-mems1/Drivers/BSP/Components/ism6hg256x/ism6hg256x_reg.c:11071:9:ism6hg256x_ui_sdo_pull_up_get	24	static
C:/Users/bence/Downloads/x-cube-mems1/Drivers/BSP/Components/ism6hg256x/ism6hg256x_reg.c:11095:9:ism6hg256x_pad_strength_set	24	static
C:/Users/bence/Downloads/x-cube-mems1/Drivers/BSP/Components/ism6hg256x/ism6hg256x_reg.c:11118:9:ism6hg256x_pad_strength_get	24	static
C:/Users/bence/Downloads/x-cube-mems1/Drivers/BSP/Components/ism6hg256x/ism6hg256x_reg.c:11156:9:ism6hg256x_ui_i2c_i3c_mode_set	24	static
C:/Users/bence/Downloads/x-cube-mems1/Drivers/BSP/Components/ism6hg256x/ism6hg256x_reg.c:11180:9:ism6hg256x_ui_i2c_i3c_mode_get	24	static
C:/Users/bence/Downloads/x-cube-mems1/Drivers/BSP/Components/ism6hg256x/ism6hg256x_reg.c:11218:9:ism6hg256x_spi_mode_set	24	static
C:/Users/bence/Downloads/x-cube-mems1/Drivers/BSP/Components/ism6hg256x/ism6hg256x_reg.c:11241:9:ism6hg256x_spi_mode_get	24	static
C:/Users/bence/Downloads/x-cube-mems1/Drivers/BSP/Components/ism6hg256x/ism6hg256x_reg.c:11278:9:ism6hg256x_ui_sda_pull_up_set	24	static
C:/Users/bence/Downloads/x-cube-mems1/Drivers/BSP/Components/ism6hg256x/ism6hg256x_reg.c:11301:9:ism6hg256x_ui_sda_pull_up_get	24	static
C:/Users/bence/Downloads/x-cube-mems1/Drivers/BSP/Components/ism6hg256x/ism6hg256x_reg.c:11325:9:ism6hg256x_if2_spi_mode_set	24	static
C:/Users/bence/Downloads/x-cube-mems1/Drivers/BSP/Components/ism6hg256x/ism6hg256x_reg.c:11348:9:ism6hg256x_if2_spi_mode_get	24	static
C:/Users/bence/Downloads/x-cube-mems1/Drivers/BSP/Components/ism6hg256x/ism6hg256x_reg.c:11399:9:ism6hg256x_sigmot_mode_set	24	static
C:/Users/bence/Downloads/x-cube-mems1/Drivers/BSP/Components/ism6hg256x/ism6hg256x_reg.c:11432:9:ism6hg256x_sigmot_mode_get	24	static
C:/Users/bence/Downloads/x-cube-mems1/Drivers/BSP/Components/ism6hg256x/ism6hg256x_reg.c:11476:9:ism6hg256x_stpcnt_mode_set	32	static
C:/Users/bence/Downloads/x-cube-mems1/Drivers/BSP/Components/ism6hg256x/ism6hg256x_reg.c:11534:9:ism6hg256x_stpcnt_mode_get	32	static
C:/Users/bence/Downloads/x-cube-mems1/Drivers/BSP/Components/ism6hg256x/ism6hg256x_reg.c:11570:9:ism6hg256x_stpcnt_steps_get	24	static
C:/Users/bence/Downloads/x-cube-mems1/Drivers/BSP/Components/ism6hg256x/ism6hg256x_reg.c:11597:9:ism6hg256x_stpcnt_rst_step_set	24	static
C:/Users/bence/Downloads/x-cube-mems1/Drivers/BSP/Components/ism6hg256x/ism6hg256x_reg.c:11631:9:ism6hg256x_stpcnt_rst_step_get	24	static
C:/Users/bence/Downloads/x-cube-mems1/Drivers/BSP/Components/ism6hg256x/ism6hg256x_reg.c:11663:9:ism6hg256x_stpcnt_debounce_set	24	static
C:/Users/bence/Downloads/x-cube-mems1/Drivers/BSP/Components/ism6hg256x/ism6hg256x_reg.c:11688:9:ism6hg256x_stpcnt_debounce_get	24	static
C:/Users/bence/Downloads/x-cube-mems1/Drivers/BSP/Components/ism6hg256x/ism6hg256x_reg.c:11712:9:ism6hg256x_stpcnt_period_set	24	static
C:/Users/bence/Downloads/x-cube-mems1/Drivers/BSP/Components/ism6hg256x/ism6hg256x_reg.c:11733:9:ism6hg256x_stpcnt_period_get	24	static
C:/Users/bence/Downloads/x-cube-mems1/Drivers/BSP/Components/ism6hg256x/ism6hg256x_reg.c:11771:9:ism6hg256x_sflp_game_rotation_set	24	static
C:/Users/bence/Downloads/x-cube-mems1/Drivers/BSP/Components/ism6hg256x/ism6hg256x_reg.c:11806:9:ism6hg256x_sflp_game_rotation_get	24	static
C:/Users/bence/Downloads/x-cube-mems1/Drivers/BSP/Components/ism6hg256x/ism6hg256x_reg.c:11838:9:ism6hg256x_sflp_game_rotation_reset	24	static
C:/Users/bence/Downloads/x-cube-mems1/Drivers/BSP/Components/ism6hg256x/ism6hg256x_reg.c:11871:9:ism6hg256x_sflp_data_rate_set	24	static
C:/Users/bence/Downloads/x-cube-mems1/Drivers/BSP/Components/ism6hg256x/ism6hg256x_reg.c:11906:9:ism6hg256x_sflp_data_rate_get	24	static
C:/Users/bence/Downloads/x-cube-mems1/Drivers/BSP/Components/ism6hg256x/ism6hg256x_reg.c:11975:9:ism6hg256x_tap_detection_set	24	static
C:/Users/bence/Downloads/x-cube-mems1/Drivers/BSP/Components/ism6hg256x/ism6hg256x_reg.c:12001:9:ism6hg256x_tap_detection_get	24	static
C:/Users/bence/Downloads/x-cube-mems1/Drivers/BSP/Components/ism6hg256x/ism6hg256x_reg.c:12028:9:ism6hg256x_tap_thresholds_set	32	static
C:/Users/bence/Downloads/x-cube-mems1/Drivers/BSP/Components/ism6hg256x/ism6hg256x_reg.c:12063:9:ism6hg256x_tap_thresholds_get	32	static
C:/Users/bence/Downloads/x-cube-mems1/Drivers/BSP/Components/ism6hg256x/ism6hg256x_reg.c:12094:9:ism6hg256x_tap_axis_priority_set	24	static
C:/Users/bence/Downloads/x-cube-mems1/Drivers/BSP/Components/ism6hg256x/ism6hg256x_reg.c:12118:9:ism6hg256x_tap_axis_priority_get	24	static
C:/Users/bence/Downloads/x-cube-mems1/Drivers/BSP/Components/ism6hg256x/ism6hg256x_reg.c:12172:9:ism6hg256x_tap_time_windows_set	24	static
C:/Users/bence/Downloads/x-cube-mems1/Drivers/BSP/Components/ism6hg256x/ism6hg256x_reg.c:12198:9:ism6hg256x_tap_time_windows_get	24	static
C:/Users/bence/Downloads/x-cube-mems1/Drivers/BSP/Components/ism6hg256x/ism6hg256x_reg.c:12225:9:ism6hg256x_tap_mode_set	24	static
C:/Users/bence/Downloads/x-cube-mems1/Drivers/BSP/Components/ism6hg256x/ism6hg256x_reg.c:12248:9:ism6hg256x_tap_mode_get	24	static
C:/Users/bence/Downloads/x-cube-mems1/Drivers/BSP/Components/ism6hg256x/ism6hg256x_reg.c:12298:9:ism6hg256x_tilt_mode_set	24	static
C:/Users/bence/Downloads/x-cube-mems1/Drivers/BSP/Components/ism6hg256x/ism6hg256x_reg.c:12326:9:ism6hg256x_tilt_mode_get	24	static
C:/Users/bence/Downloads/x-cube-mems1/Drivers/BSP/Components/ism6hg256x/ism6hg256x_reg.c:12366:9:ism6hg256x_timestamp_raw_get	24	static
C:/Users/bence/Downloads/x-cube-mems1/Drivers/BSP/Components/ism6hg256x/ism6hg256x_reg.c:12393:9:ism6hg256x_timestamp_set	24	static
C:/Users/bence/Downloads/x-cube-mems1/Drivers/BSP/Components/ism6hg256x/ism6hg256x_reg.c:12416:9:ism6hg256x_timestamp_get	24	static
C:/Users/bence/Downloads/x-cube-mems1/Drivers/BSP/Components/ism6hg256x/ism6hg256x_reg.c:12453:9:ism6hg256x_act_mode_set	24	static
C:/Users/bence/Downloads/x-cube-mems1/Drivers/BSP/Components/ism6hg256x/ism6hg256x_reg.c:12476:9:ism6hg256x_act_mode_get	24	static
C:/Users/bence/Downloads/x-cube-mems1/Drivers/BSP/Components/ism6hg256x/ism6hg256x_reg.c:12521:9:ism6hg256x_act_from_sleep_to_act_dur_set	24	static
C:/Users/bence/Downloads/x-cube-mems1/Drivers/BSP/Components/ism6hg256x/ism6hg256x_reg.c:12545:9:ism6hg256x_act_from_sleep_to_act_dur_get	24	static
C:/Users/bence/Downloads/x-cube-mems1/Drivers/BSP/Components/ism6hg256x/ism6hg256x_reg.c:12591:9:ism6hg256x_act_sleep_xl_odr_set	24	static
C:/Users/bence/Downloads/x-cube-mems1/Drivers/BSP/Components/ism6hg256x/ism6hg256x_reg.c:12615:9:ism6hg256x_act_sleep_xl_odr_get	24	static
C:/Users/bence/Downloads/x-cube-mems1/Drivers/BSP/Components/ism6hg256x/ism6hg256x_reg.c:12661:9:ism6hg256x_act_thresholds_set	40	static
C:/Users/bence/Downloads/x-cube-mems1/Drivers/BSP/Components/ism6hg256x/ism6hg256x_reg.c:12703:9:ism6hg256x_act_thresholds_get	40	static
C:/Users/bence/Downloads/x-cube-mems1/Drivers/BSP/Components/ism6hg256x/ism6hg256x_reg.c:12740:9:ism6hg256x_act_wkup_time_windows_set	24	static
C:/Users/bence/Downloads/x-cube-mems1/Drivers/BSP/Components/ism6hg256x/ism6hg256x_reg.c:12765:9:ism6hg256x_act_wkup_time_windows_get	24	static
