C:/Users/bence/Downloads/x-cube-mems1/Drivers/BSP/Components/ism6hg256x/ism6hg256x.c:102:9:ISM6HG256X_RegisterBusIO	24	static
C:/Users/bence/Downloads/x-cube-mems1/Drivers/BSP/Components/ism6hg256x/ism6hg256x.c:165:9:ISM6HG256X_Init	16	static
C:/Users/bence/Downloads/x-cube-mems1/Drivers/BSP/Components/ism6hg256x/ism6hg256x.c:247:9:ISM6HG256X_DeInit	16	static
C:/Users/bence/Downloads/x-cube-mems1/Drivers/BSP/Components/ism6hg256x/ism6hg256x.c:281:9:ISM6HG256X_ReadID	16	static
C:/Users/bence/Downloads/x-cube-mems1/Drivers/BSP/Components/ism6hg256x/ism6hg256x.c:297:9:ISM6HG256X_GetCapabilities	16	static
C:/Users/bence/Downloads/x-cube-mems1/Drivers/BSP/Components/ism6hg256x/ism6hg256x.c:320:9:ISM6HG256X_ACC_Enable	16	static
C:/Users/bence/Downloads/x-cube-mems1/Drivers/BSP/Components/ism6hg256x/ism6hg256x.c:344:9:ISM6HG256X_ACC_Disable	16	static
C:/Users/bence/Downloads/x-cube-mems1/Drivers/BSP/Components/ism6hg256x/ism6hg256x.c:375:9:ISM6HG256X_ACC_GetSensitivity	24	static
C:/Users/bence/Downloads/x-cube-mems1/Drivers/BSP/Components/ism6hg256x/ism6hg256x.c:419:9:ISM6HG256X_ACC_GetOutputDataRate	24	static
C:/Users/bence/Downloads/x-cube-mems1/Drivers/BSP/Components/ism6hg256x/ism6hg256x.c:498:9:ISM6HG256X_ACC_SetOutputDataRate	16	static
C:/Users/bence/Downloads/x-cube-mems1/Drivers/BSP/Components/ism6hg256x/ism6hg256x.c:518:9:ISM6HG256X_ACC_SetOutputDataRate_With_Mode	32	static
C:/Users/bence/Downloads/x-cube-mems1/Drivers/BSP/Components/ism6hg256x/ism6hg256x.c:625:9:ISM6HG256X_ACC_GetFullScale	24	static
C:/Users/bence/Downloads/x-cube-mems1/Drivers/BSP/Components/ism6hg256x/ism6hg256x.c:668:9:ISM6HG256X_ACC_SetFullScale	24	static
C:/Users/bence/Downloads/x-cube-mems1/Drivers/BSP/Components/ism6hg256x/ism6hg256x.c:693:9:ISM6HG256X_ACC_GetAxesRaw	24	static
C:/Users/bence/Downloads/x-cube-mems1/Drivers/BSP/Components/ism6hg256x/ism6hg256x.c:717:9:ISM6HG256X_ACC_GetAxes	32	static
C:/Users/bence/Downloads/x-cube-mems1/Drivers/BSP/Components/ism6hg256x/ism6hg256x.c:748:9:ISM6HG256X_ACC_Get_Event_Status	56	static
C:/Users/bence/Downloads/x-cube-mems1/Drivers/BSP/Components/ism6hg256x/ism6hg256x.c:888:9:ISM6HG256X_ACC_Enable_Free_Fall_Detection	32	static
C:/Users/bence/Downloads/x-cube-mems1/Drivers/BSP/Components/ism6hg256x/ism6hg256x.c:987:9:ISM6HG256X_ACC_Disable_Free_Fall_Detection	24	static
C:/Users/bence/Downloads/x-cube-mems1/Drivers/BSP/Components/ism6hg256x/ism6hg256x.c:1038:9:ISM6HG256X_ACC_Set_Free_Fall_Threshold	24	static
C:/Users/bence/Downloads/x-cube-mems1/Drivers/BSP/Components/ism6hg256x/ism6hg256x.c:1095:9:ISM6HG256X_ACC_Set_Free_Fall_Duration	16	static
C:/Users/bence/Downloads/x-cube-mems1/Drivers/BSP/Components/ism6hg256x/ism6hg256x.c:1111:9:ISM6HG256X_ACC_Enable_Tilt_Detection	40	static
C:/Users/bence/Downloads/x-cube-mems1/Drivers/BSP/Components/ism6hg256x/ism6hg256x.c:1255:9:ISM6HG256X_ACC_Disable_Tilt_Detection	40	static
C:/Users/bence/Downloads/x-cube-mems1/Drivers/BSP/Components/ism6hg256x/ism6hg256x.c:1349:9:ISM6HG256X_ACC_Enable_Pedometer	40	static
C:/Users/bence/Downloads/x-cube-mems1/Drivers/BSP/Components/ism6hg256x/ism6hg256x.c:1479:9:ISM6HG256X_ACC_Disable_Pedometer	40	static
C:/Users/bence/Downloads/x-cube-mems1/Drivers/BSP/Components/ism6hg256x/ism6hg256x.c:1578:9:ISM6HG256X_ACC_Get_Step_Count	16	static
C:/Users/bence/Downloads/x-cube-mems1/Drivers/BSP/Components/ism6hg256x/ism6hg256x.c:1593:9:ISM6HG256X_ACC_Step_Counter_Reset	16	static
C:/Users/bence/Downloads/x-cube-mems1/Drivers/BSP/Components/ism6hg256x/ism6hg256x.c:1610:9:ISM6HG256X_ACC_Enable_Wake_Up_Detection	32	static
C:/Users/bence/Downloads/x-cube-mems1/Drivers/BSP/Components/ism6hg256x/ism6hg256x.c:1709:9:ISM6HG256X_ACC_Disable_Wake_Up_Detection	24	static
C:/Users/bence/Downloads/x-cube-mems1/Drivers/BSP/Components/ism6hg256x/ism6hg256x.c:1760:9:ISM6HG256X_ACC_Set_Wake_Up_Threshold	24	static
C:/Users/bence/Downloads/x-cube-mems1/Drivers/BSP/Components/ism6hg256x/ism6hg256x.c:1785:9:ISM6HG256X_ACC_Set_Wake_Up_Duration	24	static
C:/Users/bence/Downloads/x-cube-mems1/Drivers/BSP/Components/ism6hg256x/ism6hg256x.c:1810:9:ISM6HG256X_ACC_Enable_Single_Tap_Detection	48	static
C:/Users/bence/Downloads/x-cube-mems1/Drivers/BSP/Components/ism6hg256x/ism6hg256x.c:1947:9:ISM6HG256X_ACC_Disable_Single_Tap_Detection	40	static
C:/Users/bence/Downloads/x-cube-mems1/Drivers/BSP/Components/ism6hg256x/ism6hg256x.c:2031:9:ISM6HG256X_ACC_Enable_Double_Tap_Detection	48	static
C:/Users/bence/Downloads/x-cube-mems1/Drivers/BSP/Components/ism6hg256x/ism6hg256x.c:2170:9:ISM6HG256X_ACC_Disable_Double_Tap_Detection	40	static
C:/Users/bence/Downloads/x-cube-mems1/Drivers/BSP/Components/ism6hg256x/ism6hg256x.c:2261:9:ISM6HG256X_ACC_Set_Tap_Threshold	24	static
C:/Users/bence/Downloads/x-cube-mems1/Drivers/BSP/Components/ism6hg256x/ism6hg256x.c:2287:9:ISM6HG256X_ACC_Set_Tap_Shock_Time	24	static
C:/Users/bence/Downloads/x-cube-mems1/Drivers/BSP/Components/ism6hg256x/ism6hg256x.c:2312:9:ISM6HG256X_ACC_Set_Tap_Quiet_Time	24	static
C:/Users/bence/Downloads/x-cube-mems1/Drivers/BSP/Components/ism6hg256x/ism6hg256x.c:2339:9:ISM6HG256X_ACC_Set_Tap_Duration_Time	24	static
C:/Users/bence/Downloads/x-cube-mems1/Drivers/BSP/Components/ism6hg256x/ism6hg256x.c:2365:9:ISM6HG256X_ACC_Enable_6D_Orientation	32	static
C:/Users/bence/Downloads/x-cube-mems1/Drivers/BSP/Components/ism6hg256x/ism6hg256x.c:2460:9:ISM6HG256X_ACC_Disable_6D_Orientation	24	static
C:/Users/bence/Downloads/x-cube-mems1/Drivers/BSP/Components/ism6hg256x/ism6hg256x.c:2505:9:ISM6HG256X_ACC_Set_6D_Orientation_Threshold	24	static
C:/Users/bence/Downloads/x-cube-mems1/Drivers/BSP/Components/ism6hg256x/ism6hg256x.c:2549:9:ISM6HG256X_ACC_Get_6D_Orientation_XL	24	static
C:/Users/bence/Downloads/x-cube-mems1/Drivers/BSP/Components/ism6hg256x/ism6hg256x.c:2569:9:ISM6HG256X_ACC_Get_6D_Orientation_XH	24	static
C:/Users/bence/Downloads/x-cube-mems1/Drivers/BSP/Components/ism6hg256x/ism6hg256x.c:2589:9:ISM6HG256X_ACC_Get_6D_Orientation_YL	24	static
C:/Users/bence/Downloads/x-cube-mems1/Drivers/BSP/Components/ism6hg256x/ism6hg256x.c:2609:9:ISM6HG256X_ACC_Get_6D_Orientation_YH	24	static
C:/Users/bence/Downloads/x-cube-mems1/Drivers/BSP/Components/ism6hg256x/ism6hg256x.c:2629:9:ISM6HG256X_ACC_Get_6D_Orientation_ZL	24	static
C:/Users/bence/Downloads/x-cube-mems1/Drivers/BSP/Components/ism6hg256x/ism6hg256x.c:2649:9:ISM6HG256X_ACC_Get_6D_Orientation_ZH	24	static
C:/Users/bence/Downloads/x-cube-mems1/Drivers/BSP/Components/ism6hg256x/ism6hg256x.c:2668:9:ISM6HG256X_ACC_HG_Enable	16	static
C:/Users/bence/Downloads/x-cube-mems1/Drivers/BSP/Components/ism6hg256x/ism6hg256x.c:2692:9:ISM6HG256X_ACC_HG_Disable	24	static
C:/Users/bence/Downloads/x-cube-mems1/Drivers/BSP/Components/ism6hg256x/ism6hg256x.c:2725:9:ISM6HG256X_ACC_HG_GetSensitivity	24	static
C:/Users/bence/Downloads/x-cube-mems1/Drivers/BSP/Components/ism6hg256x/ism6hg256x.c:2769:9:ISM6HG256X_ACC_HG_GetOutputDataRate	24	static
C:/Users/bence/Downloads/x-cube-mems1/Drivers/BSP/Components/ism6hg256x/ism6hg256x.c:2821:9:ISM6HG256X_ACC_HG_SetOutputDataRate	16	static
C:/Users/bence/Downloads/x-cube-mems1/Drivers/BSP/Components/ism6hg256x/ism6hg256x.c:2839:9:ISM6HG256X_ACC_HG_GetFullScale	24	static
C:/Users/bence/Downloads/x-cube-mems1/Drivers/BSP/Components/ism6hg256x/ism6hg256x.c:2882:9:ISM6HG256X_ACC_HG_SetFullScale	24	static
C:/Users/bence/Downloads/x-cube-mems1/Drivers/BSP/Components/ism6hg256x/ism6hg256x.c:2907:9:ISM6HG256X_ACC_HG_GetAxesRaw	24	static
C:/Users/bence/Downloads/x-cube-mems1/Drivers/BSP/Components/ism6hg256x/ism6hg256x.c:2931:9:ISM6HG256X_ACC_HG_GetAxes	32	static
C:/Users/bence/Downloads/x-cube-mems1/Drivers/BSP/Components/ism6hg256x/ism6hg256x.c:2962:9:ISM6HG256X_FIFO_Get_Num_Samples	24	static
C:/Users/bence/Downloads/x-cube-mems1/Drivers/BSP/Components/ism6hg256x/ism6hg256x.c:2983:9:ISM6HG256X_FIFO_Get_Full_Status	24	static
C:/Users/bence/Downloads/x-cube-mems1/Drivers/BSP/Components/ism6hg256x/ism6hg256x.c:3003:9:ISM6HG256X_FIFO_Set_INT1_FIFO_Full	24	static
C:/Users/bence/Downloads/x-cube-mems1/Drivers/BSP/Components/ism6hg256x/ism6hg256x.c:3028:9:ISM6HG256X_FIFO_Set_INT2_FIFO_Full	24	static
C:/Users/bence/Downloads/x-cube-mems1/Drivers/BSP/Components/ism6hg256x/ism6hg256x.c:3053:9:ISM6HG256X_FIFO_Set_Watermark_Level	16	static
C:/Users/bence/Downloads/x-cube-mems1/Drivers/BSP/Components/ism6hg256x/ism6hg256x.c:3069:9:ISM6HG256X_FIFO_Set_Stop_On_Fth	16	static
C:/Users/bence/Downloads/x-cube-mems1/Drivers/BSP/Components/ism6hg256x/ism6hg256x.c:3085:9:ISM6HG256X_FIFO_Set_Mode	24	static
C:/Users/bence/Downloads/x-cube-mems1/Drivers/BSP/Components/ism6hg256x/ism6hg256x.c:3134:9:ISM6HG256X_FIFO_Get_Tag	24	static
C:/Users/bence/Downloads/x-cube-mems1/Drivers/BSP/Components/ism6hg256x/ism6hg256x.c:3154:9:ISM6HG256X_FIFO_Get_Data	16	static
C:/Users/bence/Downloads/x-cube-mems1/Drivers/BSP/Components/ism6hg256x/ism6hg256x.c:3170:9:ISM6HG256X_FIFO_ACC_Get_Axes	40	static
C:/Users/bence/Downloads/x-cube-mems1/Drivers/BSP/Components/ism6hg256x/ism6hg256x.c:3203:9:ISM6HG256X_FIFO_ACC_Set_BDR	24	static
C:/Users/bence/Downloads/x-cube-mems1/Drivers/BSP/Components/ism6hg256x/ism6hg256x.c:3235:9:ISM6HG256X_FIFO_GYRO_Get_Axes	40	static
C:/Users/bence/Downloads/x-cube-mems1/Drivers/BSP/Components/ism6hg256x/ism6hg256x.c:3268:9:ISM6HG256X_FIFO_GYRO_Set_BDR	24	static
C:/Users/bence/Downloads/x-cube-mems1/Drivers/BSP/Components/ism6hg256x/ism6hg256x.c:3299:9:ISM6HG256X_GYRO_Enable	16	static
C:/Users/bence/Downloads/x-cube-mems1/Drivers/BSP/Components/ism6hg256x/ism6hg256x.c:3323:9:ISM6HG256X_GYRO_Disable	16	static
C:/Users/bence/Downloads/x-cube-mems1/Drivers/BSP/Components/ism6hg256x/ism6hg256x.c:3354:9:ISM6HG256X_GYRO_GetSensitivity	24	static
C:/Users/bence/Downloads/x-cube-mems1/Drivers/BSP/Components/ism6hg256x/ism6hg256x.c:3402:9:ISM6HG256X_GYRO_GetOutputDataRate	24	static
C:/Users/bence/Downloads/x-cube-mems1/Drivers/BSP/Components/ism6hg256x/ism6hg256x.c:3477:9:ISM6HG256X_GYRO_SetOutputDataRate	16	static
C:/Users/bence/Downloads/x-cube-mems1/Drivers/BSP/Components/ism6hg256x/ism6hg256x.c:3496:9:ISM6HG256X_GYRO_SetOutputDataRate_With_Mode	32	static
C:/Users/bence/Downloads/x-cube-mems1/Drivers/BSP/Components/ism6hg256x/ism6hg256x.c:3568:9:ISM6HG256X_GYRO_GetFullScale	24	static
C:/Users/bence/Downloads/x-cube-mems1/Drivers/BSP/Components/ism6hg256x/ism6hg256x.c:3615:9:ISM6HG256X_GYRO_SetFullScale	24	static
C:/Users/bence/Downloads/x-cube-mems1/Drivers/BSP/Components/ism6hg256x/ism6hg256x.c:3639:9:ISM6HG256X_GYRO_GetAxesRaw	24	static
C:/Users/bence/Downloads/x-cube-mems1/Drivers/BSP/Components/ism6hg256x/ism6hg256x.c:3663:9:ISM6HG256X_GYRO_GetAxes	32	static
C:/Users/bence/Downloads/x-cube-mems1/Drivers/BSP/Components/ism6hg256x/ism6hg256x.c:3695:9:ISM6HG256X_Read_Reg	24	static
C:/Users/bence/Downloads/x-cube-mems1/Drivers/BSP/Components/ism6hg256x/ism6hg256x.c:3712:9:ISM6HG256X_Write_Reg	16	static
C:/Users/bence/Downloads/x-cube-mems1/Drivers/BSP/Components/ism6hg256x/ism6hg256x.c:3728:9:ISM6HG256X_ACC_Get_DRDY_Status	24	static
C:/Users/bence/Downloads/x-cube-mems1/Drivers/BSP/Components/ism6hg256x/ism6hg256x.c:3747:9:ISM6HG256X_ACC_HG_Get_DRDY_Status	24	static
C:/Users/bence/Downloads/x-cube-mems1/Drivers/BSP/Components/ism6hg256x/ism6hg256x.c:3766:9:ISM6HG256X_GYRO_Get_DRDY_Status	24	static
C:/Users/bence/Downloads/x-cube-mems1/Drivers/BSP/Components/ism6hg256x/ism6hg256x.c:3786:9:ISM6HG256X_Set_Mem_Bank	24	static
C:/Users/bence/Downloads/x-cube-mems1/Drivers/BSP/Components/ism6hg256x/ism6hg256x.c:3817:16:ISM6HG256X_ACC_SetOutputDataRate_When_Enabled	24	static
C:/Users/bence/Downloads/x-cube-mems1/Drivers/BSP/Components/ism6hg256x/ism6hg256x.c:3849:16:ISM6HG256X_ACC_SetOutputDataRate_When_Disabled	16	static
C:/Users/bence/Downloads/x-cube-mems1/Drivers/BSP/Components/ism6hg256x/ism6hg256x.c:3873:16:ISM6HG256X_ACC_HG_SetOutputDataRate_When_Enabled	24	static
C:/Users/bence/Downloads/x-cube-mems1/Drivers/BSP/Components/ism6hg256x/ism6hg256x.c:3898:16:ISM6HG256X_ACC_HG_SetOutputDataRate_When_Disabled	16	static
C:/Users/bence/Downloads/x-cube-mems1/Drivers/BSP/Components/ism6hg256x/ism6hg256x.c:3915:16:ISM6HG256X_GYRO_SetOutputDataRate_When_Enabled	24	static
C:/Users/bence/Downloads/x-cube-mems1/Drivers/BSP/Components/ism6hg256x/ism6hg256x.c:3946:16:ISM6HG256X_GYRO_SetOutputDataRate_When_Disabled	16	static
C:/Users/bence/Downloads/x-cube-mems1/Drivers/BSP/Components/ism6hg256x/ism6hg256x.c:3971:16:ReadRegWrap	40	static
C:/Users/bence/Downloads/x-cube-mems1/Drivers/BSP/Components/ism6hg256x/ism6hg256x.c:3986:16:WriteRegWrap	40	static
C:/Users/bence/Downloads/x-cube-mems1/Drivers/BSP/Components/ism6hg256x/ism6hg256x.c:3999:9:ISM6HG256X_ACC_Set_Power_Mode	24	static
C:/Users/bence/Downloads/x-cube-mems1/Drivers/BSP/Components/ism6hg256x/ism6hg256x.c:4025:9:ISM6HG256X_GYRO_Set_Power_Mode	24	static
C:/Users/bence/Downloads/x-cube-mems1/Drivers/BSP/Components/ism6hg256x/ism6hg256x.c:4050:9:ISM6HG256X_ACC_Set_Filter_Mode	24	static
C:/Users/bence/Downloads/x-cube-mems1/Drivers/BSP/Components/ism6hg256x/ism6hg256x.c:4099:9:ISM6HG256X_GYRO_Set_Filter_Mode	24	static
