C:/Users/bence/Downloads/x-cube-mems1/Projects/NUCLEO-F401RE/Applications/IKS5A1/DataLogFusion/Src/app_mems.c:101:6:MX_MEMS_Init	8	static
C:/Users/bence/Downloads/x-cube-mems1/Projects/NUCLEO-F401RE/Applications/IKS5A1/DataLogFusion/Src/app_mems.c:123:6:MX_MEMS_Process	8	static
C:/Users/bence/Downloads/x-cube-mems1/Projects/NUCLEO-F401RE/Applications/IKS5A1/DataLogFusion/Src/app_mems.c:143:6:HAL_TIM_PeriodElapsedCallback	16	static
C:/Users/bence/Downloads/x-cube-mems1/Projects/NUCLEO-F401RE/Applications/IKS5A1/DataLogFusion/Src/app_mems.c:156:13:MX_DataLogFusion_Init	32	static
C:/Users/bence/Downloads/x-cube-mems1/Projects/NUCLEO-F401RE/Applications/IKS5A1/DataLogFusion/Src/app_mems.c:240:13:MX_DataLogFusion_Process	112	static
C:/Users/bence/Downloads/x-cube-mems1/Projects/NUCLEO-F401RE/Applications/IKS5A1/DataLogFusion/Src/app_mems.c:353:13:Init_Sensors	8	static
C:/Users/bence/Downloads/x-cube-mems1/Projects/NUCLEO-F401RE/Applications/IKS5A1/DataLogFusion/Src/app_mems.c:371:13:RTC_Handler	56	static
C:/Users/bence/Downloads/x-cube-mems1/Projects/NUCLEO-F401RE/Applications/IKS5A1/DataLogFusion/Src/app_mems.c:412:13:FX_Data_Handler	128	static
C:/Users/bence/Downloads/x-cube-mems1/Projects/NUCLEO-F401RE/Applications/IKS5A1/DataLogFusion/Src/app_mems.c:467:6:BSP_PB_Callback	16	static
C:/Users/bence/Downloads/x-cube-mems1/Projects/NUCLEO-F401RE/Applications/IKS5A1/DataLogFusion/Src/app_mems.c:477:13:Accelero_Sensor_Handler	16	static
C:/Users/bence/Downloads/x-cube-mems1/Projects/NUCLEO-F401RE/Applications/IKS5A1/DataLogFusion/Src/app_mems.c:503:13:Gyro_Sensor_Handler	16	static
C:/Users/bence/Downloads/x-cube-mems1/Projects/NUCLEO-F401RE/Applications/IKS5A1/DataLogFusion/Src/app_mems.c:529:13:Magneto_Sensor_Handler	56	static
C:/Users/bence/Downloads/x-cube-mems1/Projects/NUCLEO-F401RE/Applications/IKS5A1/DataLogFusion/Src/app_mems.c:590:13:Pressure_Sensor_Handler	16	static
C:/Users/bence/Downloads/x-cube-mems1/Projects/NUCLEO-F401RE/Applications/IKS5A1/DataLogFusion/Src/app_mems.c:612:13:Temperature_Sensor_Handler	16	static
C:/Users/bence/Downloads/x-cube-mems1/Projects/NUCLEO-F401RE/Applications/IKS5A1/DataLogFusion/Src/app_mems.c:634:13:Humidity_Sensor_Handler	16	static
C:/Users/bence/Downloads/x-cube-mems1/Projects/NUCLEO-F401RE/Applications/IKS5A1/DataLogFusion/Src/app_mems.c:656:13:TIM_Config	32	static
C:/Users/bence/Downloads/x-cube-mems1/Projects/NUCLEO-F401RE/Applications/IKS5A1/DataLogFusion/Src/app_mems.c:687:13:DWT_Init	4	static
C:/Users/bence/Downloads/x-cube-mems1/Projects/NUCLEO-F401RE/Applications/IKS5A1/DataLogFusion/Src/app_mems.c:698:13:DWT_Start	4	static
C:/Users/bence/Downloads/x-cube-mems1/Projects/NUCLEO-F401RE/Applications/IKS5A1/DataLogFusion/Src/app_mems.c:709:17:DWT_Stop	16	static
C:/Users/bence/Downloads/x-cube-mems1/Projects/NUCLEO-F401RE/Applications/IKS5A1/DataLogFusion/Src/app_mems.c:728:13:print_float	32	static
