C:/Users/bence/Downloads/x-cube-mems1/Projects/NUCLEO-F401RE/Applications/IKS5A1/DataLogFusion/Src/demo_serial.c:64:6:BUILD_REPLY_HEADER	16	static
C:/Users/bence/Downloads/x-cube-mems1/Projects/NUCLEO-F401RE/Applications/IKS5A1/DataLogFusion/Src/demo_serial.c:76:6:INIT_STREAMING_HEADER	16	static
C:/Users/bence/Downloads/x-cube-mems1/Projects/NUCLEO-F401RE/Applications/IKS5A1/DataLogFusion/Src/demo_serial.c:89:6:INIT_STREAMING_MSG	24	static
C:/Users/bence/Downloads/x-cube-mems1/Projects/NUCLEO-F401RE/Applications/IKS5A1/DataLogFusion/Src/demo_serial.c:109:9:HandleMSG	104	static
C:/Users/bence/Downloads/x-cube-mems1/Projects/NUCLEO-F401RE/Applications/IKS5A1/DataLogFusion/Src/demo_serial.c:439:6:RTC_DateRegulate	32	static
C:/Users/bence/Downloads/x-cube-mems1/Projects/NUCLEO-F401RE/Applications/IKS5A1/DataLogFusion/Src/demo_serial.c:462:6:RTC_TimeRegulate	40	static
C:/Users/bence/Downloads/x-cube-mems1/Projects/NUCLEO-F401RE/Applications/IKS5A1/DataLogFusion/Src/demo_serial.c:487:6:Get_PresentationString	136	static
