C:/Users/bence/Downloads/x-cube-mems1/Projects/NUCLEO-F401RE/Applications/IKS5A1/DataLogFusion/Src/iks5a1_mems_control.c:26:6:BSP_SENSOR_ACC_Init	8	static
C:/Users/bence/Downloads/x-cube-mems1/Projects/NUCLEO-F401RE/Applications/IKS5A1/DataLogFusion/Src/iks5a1_mems_control.c:36:6:BSP_SENSOR_GYR_Init	8	static
C:/Users/bence/Downloads/x-cube-mems1/Projects/NUCLEO-F401RE/Applications/IKS5A1/DataLogFusion/Src/iks5a1_mems_control.c:46:6:BSP_SENSOR_MAG_Init	8	static
C:/Users/bence/Downloads/x-cube-mems1/Projects/NUCLEO-F401RE/Applications/IKS5A1/DataLogFusion/Src/iks5a1_mems_control.c:56:6:BSP_SENSOR_PRESS_Init	8	static
C:/Users/bence/Downloads/x-cube-mems1/Projects/NUCLEO-F401RE/Applications/IKS5A1/DataLogFusion/Src/iks5a1_mems_control.c:66:6:BSP_SENSOR_TEMP_Init	4	static
C:/Users/bence/Downloads/x-cube-mems1/Projects/NUCLEO-F401RE/Applications/IKS5A1/DataLogFusion/Src/iks5a1_mems_control.c:75:6:BSP_SENSOR_HUM_Init	4	static
C:/Users/bence/Downloads/x-cube-mems1/Projects/NUCLEO-F401RE/Applications/IKS5A1/DataLogFusion/Src/iks5a1_mems_control.c:84:6:BSP_SENSOR_ACC_Enable	8	static
C:/Users/bence/Downloads/x-cube-mems1/Projects/NUCLEO-F401RE/Applications/IKS5A1/DataLogFusion/Src/iks5a1_mems_control.c:94:6:BSP_SENSOR_GYR_Enable	8	static
C:/Users/bence/Downloads/x-cube-mems1/Projects/NUCLEO-F401RE/Applications/IKS5A1/DataLogFusion/Src/iks5a1_mems_control.c:104:6:BSP_SENSOR_MAG_Enable	8	static
C:/Users/bence/Downloads/x-cube-mems1/Projects/NUCLEO-F401RE/Applications/IKS5A1/DataLogFusion/Src/iks5a1_mems_control.c:114:6:BSP_SENSOR_PRESS_Enable	8	static
C:/Users/bence/Downloads/x-cube-mems1/Projects/NUCLEO-F401RE/Applications/IKS5A1/DataLogFusion/Src/iks5a1_mems_control.c:124:6:BSP_SENSOR_TEMP_Enable	4	static
C:/Users/bence/Downloads/x-cube-mems1/Projects/NUCLEO-F401RE/Applications/IKS5A1/DataLogFusion/Src/iks5a1_mems_control.c:133:6:BSP_SENSOR_HUM_Enable	4	static
C:/Users/bence/Downloads/x-cube-mems1/Projects/NUCLEO-F401RE/Applications/IKS5A1/DataLogFusion/Src/iks5a1_mems_control.c:142:6:BSP_SENSOR_ACC_Disable	8	static
C:/Users/bence/Downloads/x-cube-mems1/Projects/NUCLEO-F401RE/Applications/IKS5A1/DataLogFusion/Src/iks5a1_mems_control.c:152:6:BSP_SENSOR_GYR_Disable	8	static
C:/Users/bence/Downloads/x-cube-mems1/Projects/NUCLEO-F401RE/Applications/IKS5A1/DataLogFusion/Src/iks5a1_mems_control.c:162:6:BSP_SENSOR_MAG_Disable	8	static
C:/Users/bence/Downloads/x-cube-mems1/Projects/NUCLEO-F401RE/Applications/IKS5A1/DataLogFusion/Src/iks5a1_mems_control.c:172:6:BSP_SENSOR_PRESS_Disable	8	static
C:/Users/bence/Downloads/x-cube-mems1/Projects/NUCLEO-F401RE/Applications/IKS5A1/DataLogFusion/Src/iks5a1_mems_control.c:182:6:BSP_SENSOR_TEMP_Disable	4	static
C:/Users/bence/Downloads/x-cube-mems1/Projects/NUCLEO-F401RE/Applications/IKS5A1/DataLogFusion/Src/iks5a1_mems_control.c:191:6:BSP_SENSOR_HUM_Disable	4	static
C:/Users/bence/Downloads/x-cube-mems1/Projects/NUCLEO-F401RE/Applications/IKS5A1/DataLogFusion/Src/iks5a1_mems_control.c:200:6:BSP_SENSOR_ACC_GetAxes	16	static
C:/Users/bence/Downloads/x-cube-mems1/Projects/NUCLEO-F401RE/Applications/IKS5A1/DataLogFusion/Src/iks5a1_mems_control.c:210:6:BSP_SENSOR_GYR_GetAxes	16	static
C:/Users/bence/Downloads/x-cube-mems1/Projects/NUCLEO-F401RE/Applications/IKS5A1/DataLogFusion/Src/iks5a1_mems_control.c:220:6:BSP_SENSOR_MAG_GetAxes	16	static
C:/Users/bence/Downloads/x-cube-mems1/Projects/NUCLEO-F401RE/Applications/IKS5A1/DataLogFusion/Src/iks5a1_mems_control.c:230:6:BSP_SENSOR_PRESS_GetValue	16	static
C:/Users/bence/Downloads/x-cube-mems1/Projects/NUCLEO-F401RE/Applications/IKS5A1/DataLogFusion/Src/iks5a1_mems_control.c:240:6:BSP_SENSOR_TEMP_GetValue	16	static
C:/Users/bence/Downloads/x-cube-mems1/Projects/NUCLEO-F401RE/Applications/IKS5A1/DataLogFusion/Src/iks5a1_mems_control.c:249:6:BSP_SENSOR_HUM_GetValue	16	static
C:/Users/bence/Downloads/x-cube-mems1/Projects/NUCLEO-F401RE/Applications/IKS5A1/DataLogFusion/Src/iks5a1_mems_control.c:258:6:BSP_SENSOR_ACC_SetOutputDataRate	16	static
C:/Users/bence/Downloads/x-cube-mems1/Projects/NUCLEO-F401RE/Applications/IKS5A1/DataLogFusion/Src/iks5a1_mems_control.c:268:6:BSP_SENSOR_GYR_SetOutputDataRate	16	static
C:/Users/bence/Downloads/x-cube-mems1/Projects/NUCLEO-F401RE/Applications/IKS5A1/DataLogFusion/Src/iks5a1_mems_control.c:278:6:BSP_SENSOR_MAG_SetOutputDataRate	16	static
C:/Users/bence/Downloads/x-cube-mems1/Projects/NUCLEO-F401RE/Applications/IKS5A1/DataLogFusion/Src/iks5a1_mems_control.c:288:6:BSP_SENSOR_PRESS_SetOutputDataRate	16	static
C:/Users/bence/Downloads/x-cube-mems1/Projects/NUCLEO-F401RE/Applications/IKS5A1/DataLogFusion/Src/iks5a1_mems_control.c:298:6:BSP_SENSOR_TEMP_SetOutputDataRate	16	static
C:/Users/bence/Downloads/x-cube-mems1/Projects/NUCLEO-F401RE/Applications/IKS5A1/DataLogFusion/Src/iks5a1_mems_control.c:307:6:BSP_SENSOR_HUM_SetOutputDataRate	16	static
C:/Users/bence/Downloads/x-cube-mems1/Projects/NUCLEO-F401RE/Applications/IKS5A1/DataLogFusion/Src/iks5a1_mems_control.c:316:6:BSP_SENSOR_ACC_GetOutputDataRate	16	static
C:/Users/bence/Downloads/x-cube-mems1/Projects/NUCLEO-F401RE/Applications/IKS5A1/DataLogFusion/Src/iks5a1_mems_control.c:326:6:BSP_SENSOR_GYR_GetOutputDataRate	16	static
C:/Users/bence/Downloads/x-cube-mems1/Projects/NUCLEO-F401RE/Applications/IKS5A1/DataLogFusion/Src/iks5a1_mems_control.c:336:6:BSP_SENSOR_MAG_GetOutputDataRate	16	static
C:/Users/bence/Downloads/x-cube-mems1/Projects/NUCLEO-F401RE/Applications/IKS5A1/DataLogFusion/Src/iks5a1_mems_control.c:346:6:BSP_SENSOR_PRESS_GetOutputDataRate	16	static
C:/Users/bence/Downloads/x-cube-mems1/Projects/NUCLEO-F401RE/Applications/IKS5A1/DataLogFusion/Src/iks5a1_mems_control.c:356:6:BSP_SENSOR_TEMP_GetOutputDataRate	16	static
C:/Users/bence/Downloads/x-cube-mems1/Projects/NUCLEO-F401RE/Applications/IKS5A1/DataLogFusion/Src/iks5a1_mems_control.c:365:6:BSP_SENSOR_HUM_GetOutputDataRate	16	static
C:/Users/bence/Downloads/x-cube-mems1/Projects/NUCLEO-F401RE/Applications/IKS5A1/DataLogFusion/Src/iks5a1_mems_control.c:374:6:BSP_SENSOR_ACC_SetFullScale	16	static
C:/Users/bence/Downloads/x-cube-mems1/Projects/NUCLEO-F401RE/Applications/IKS5A1/DataLogFusion/Src/iks5a1_mems_control.c:384:6:BSP_SENSOR_GYR_SetFullScale	16	static
C:/Users/bence/Downloads/x-cube-mems1/Projects/NUCLEO-F401RE/Applications/IKS5A1/DataLogFusion/Src/iks5a1_mems_control.c:394:6:BSP_SENSOR_MAG_SetFullScale	16	static
C:/Users/bence/Downloads/x-cube-mems1/Projects/NUCLEO-F401RE/Applications/IKS5A1/DataLogFusion/Src/iks5a1_mems_control.c:404:6:BSP_SENSOR_ACC_GetFullScale	16	static
C:/Users/bence/Downloads/x-cube-mems1/Projects/NUCLEO-F401RE/Applications/IKS5A1/DataLogFusion/Src/iks5a1_mems_control.c:414:6:BSP_SENSOR_GYR_GetFullScale	16	static
C:/Users/bence/Downloads/x-cube-mems1/Projects/NUCLEO-F401RE/Applications/IKS5A1/DataLogFusion/Src/iks5a1_mems_control.c:424:6:BSP_SENSOR_MAG_GetFullScale	16	static
