C:/Users/bence/Downloads/x-cube-mems1/Projects/NUCLEO-F401RE/Applications/IKS5A1/DataLogFusion/Src/iks5a1_mems_control.c:26:6:BSP_SENSOR_ACC_Init	8	static
C:/Users/bence/Downloads/x-cube-mems1/Projects/NUCLEO-F401RE/Applications/IKS5A1/DataLogFusion/Src/iks5a1_mems_control.c:36:6:BSP_SENSOR_GYR_Init	8	static
C:/Users/bence/Downloads/x-cube-mems1/Projects/NUCLEO-F401RE/Applications/IKS5A1/DataLogFusion/Src/iks5a1_mems_control.c:46:6:BSP_SENSOR_MAG_Init	8	static
C:/Users/bence/Downloads/x-cube-mems1/Projects/NUCLEO-F401RE/Applications/IKS5A1/DataLogFusion/Src/iks5a1_mems_control.c:56:6:BSP_SENSOR_PRESS_Init	8	static
C:/Users/bence/Downloads/x-cube-mems1/Projects/NUCLEO-F401RE/Applications/IKS5A1/DataLogFusion/Src/iks5a1_mems_control.c:66:6:BSP_SENSOR_TEMP_Init	8	static
C:/Users/bence/Downloads/x-cube-mems1/Projects/NUCLEO-F401RE/Applications/IKS5A1/DataLogFusion/Src/iks5a1_mems_control.c:76:6:BSP_SENSOR_HUM_Init	4	static
C:/Users/bence/Downloads/x-cube-mems1/Projects/NUCLEO-F401RE/Applications/IKS5A1/DataLogFusion/Src/iks5a1_mems_control.c:85:6:BSP_SENSOR_ACC_Enable	8	static
C:/Users/bence/Downloads/x-cube-mems1/Projects/NUCLEO-F401RE/Applications/IKS5A1/DataLogFusion/Src/iks5a1_mems_control.c:95:6:BSP_SENSOR_GYR_Enable	8	static
C:/Users/bence/Downloads/x-cube-mems1/Projects/NUCLEO-F401RE/Applications/IKS5A1/DataLogFusion/Src/iks5a1_mems_control.c:105:6:BSP_SENSOR_MAG_Enable	8	static
C:/Users/bence/Downloads/x-cube-mems1/Projects/NUCLEO-F401RE/Applications/IKS5A1/DataLogFusion/Src/iks5a1_mems_control.c:115:6:BSP_SENSOR_PRESS_Enable	8	static
C:/Users/bence/Downloads/x-cube-mems1/Projects/NUCLEO-F401RE/Applications/IKS5A1/DataLogFusion/Src/iks5a1_mems_control.c:125:6:BSP_SENSOR_TEMP_Enable	8	static
C:/Users/bence/Downloads/x-cube-mems1/Projects/NUCLEO-F401RE/Applications/IKS5A1/DataLogFusion/Src/iks5a1_mems_control.c:135:6:BSP_SENSOR_HUM_Enable	4	static
C:/Users/bence/Downloads/x-cube-mems1/Projects/NUCLEO-F401RE/Applications/IKS5A1/DataLogFusion/Src/iks5a1_mems_control.c:144:6:BSP_SENSOR_ACC_Disable	8	static
C:/Users/bence/Downloads/x-cube-mems1/Projects/NUCLEO-F401RE/Applications/IKS5A1/DataLogFusion/Src/iks5a1_mems_control.c:154:6:BSP_SENSOR_GYR_Disable	8	static
C:/Users/bence/Downloads/x-cube-mems1/Projects/NUCLEO-F401RE/Applications/IKS5A1/DataLogFusion/Src/iks5a1_mems_control.c:164:6:BSP_SENSOR_MAG_Disable	8	static
C:/Users/bence/Downloads/x-cube-mems1/Projects/NUCLEO-F401RE/Applications/IKS5A1/DataLogFusion/Src/iks5a1_mems_control.c:174:6:BSP_SENSOR_PRESS_Disable	8	static
C:/Users/bence/Downloads/x-cube-mems1/Projects/NUCLEO-F401RE/Applications/IKS5A1/DataLogFusion/Src/iks5a1_mems_control.c:184:6:BSP_SENSOR_TEMP_Disable	8	static
C:/Users/bence/Downloads/x-cube-mems1/Projects/NUCLEO-F401RE/Applications/IKS5A1/DataLogFusion/Src/iks5a1_mems_control.c:194:6:BSP_SENSOR_HUM_Disable	4	static
C:/Users/bence/Downloads/x-cube-mems1/Projects/NUCLEO-F401RE/Applications/IKS5A1/DataLogFusion/Src/iks5a1_mems_control.c:203:6:BSP_SENSOR_ACC_GetAxes	16	static
C:/Users/bence/Downloads/x-cube-mems1/Projects/NUCLEO-F401RE/Applications/IKS5A1/DataLogFusion/Src/iks5a1_mems_control.c:213:6:BSP_SENSOR_GYR_GetAxes	16	static
C:/Users/bence/Downloads/x-cube-mems1/Projects/NUCLEO-F401RE/Applications/IKS5A1/DataLogFusion/Src/iks5a1_mems_control.c:223:6:BSP_SENSOR_MAG_GetAxes	16	static
C:/Users/bence/Downloads/x-cube-mems1/Projects/NUCLEO-F401RE/Applications/IKS5A1/DataLogFusion/Src/iks5a1_mems_control.c:233:6:BSP_SENSOR_PRESS_GetValue	16	static
C:/Users/bence/Downloads/x-cube-mems1/Projects/NUCLEO-F401RE/Applications/IKS5A1/DataLogFusion/Src/iks5a1_mems_control.c:243:6:BSP_SENSOR_TEMP_GetValue	16	static
C:/Users/bence/Downloads/x-cube-mems1/Projects/NUCLEO-F401RE/Applications/IKS5A1/DataLogFusion/Src/iks5a1_mems_control.c:253:6:BSP_SENSOR_HUM_GetValue	16	static
C:/Users/bence/Downloads/x-cube-mems1/Projects/NUCLEO-F401RE/Applications/IKS5A1/DataLogFusion/Src/iks5a1_mems_control.c:262:6:BSP_SENSOR_ACC_SetOutputDataRate	16	static
C:/Users/bence/Downloads/x-cube-mems1/Projects/NUCLEO-F401RE/Applications/IKS5A1/DataLogFusion/Src/iks5a1_mems_control.c:272:6:BSP_SENSOR_GYR_SetOutputDataRate	16	static
C:/Users/bence/Downloads/x-cube-mems1/Projects/NUCLEO-F401RE/Applications/IKS5A1/DataLogFusion/Src/iks5a1_mems_control.c:282:6:BSP_SENSOR_MAG_SetOutputDataRate	16	static
C:/Users/bence/Downloads/x-cube-mems1/Projects/NUCLEO-F401RE/Applications/IKS5A1/DataLogFusion/Src/iks5a1_mems_control.c:292:6:BSP_SENSOR_PRESS_SetOutputDataRate	16	static
C:/Users/bence/Downloads/x-cube-mems1/Projects/NUCLEO-F401RE/Applications/IKS5A1/DataLogFusion/Src/iks5a1_mems_control.c:302:6:BSP_SENSOR_TEMP_SetOutputDataRate	16	static
C:/Users/bence/Downloads/x-cube-mems1/Projects/NUCLEO-F401RE/Applications/IKS5A1/DataLogFusion/Src/iks5a1_mems_control.c:312:6:BSP_SENSOR_HUM_SetOutputDataRate	16	static
C:/Users/bence/Downloads/x-cube-mems1/Projects/NUCLEO-F401RE/Applications/IKS5A1/DataLogFusion/Src/iks5a1_mems_control.c:321:6:BSP_SENSOR_ACC_GetOutputDataRate	16	static
C:/Users/bence/Downloads/x-cube-mems1/Projects/NUCLEO-F401RE/Applications/IKS5A1/DataLogFusion/Src/iks5a1_mems_control.c:331:6:BSP_SENSOR_GYR_GetOutputDataRate	16	static
C:/Users/bence/Downloads/x-cube-mems1/Projects/NUCLEO-F401RE/Applications/IKS5A1/DataLogFusion/Src/iks5a1_mems_control.c:341:6:BSP_SENSOR_MAG_GetOutputDataRate	16	static
C:/Users/bence/Downloads/x-cube-mems1/Projects/NUCLEO-F401RE/Applications/IKS5A1/DataLogFusion/Src/iks5a1_mems_control.c:351:6:BSP_SENSOR_PRESS_GetOutputDataRate	16	static
C:/Users/bence/Downloads/x-cube-mems1/Projects/NUCLEO-F401RE/Applications/IKS5A1/DataLogFusion/Src/iks5a1_mems_control.c:361:6:BSP_SENSOR_TEMP_GetOutputDataRate	16	static
C:/Users/bence/Downloads/x-cube-mems1/Projects/NUCLEO-F401RE/Applications/IKS5A1/DataLogFusion/Src/iks5a1_mems_control.c:371:6:BSP_SENSOR_HUM_GetOutputDataRate	16	static
C:/Users/bence/Downloads/x-cube-mems1/Projects/NUCLEO-F401RE/Applications/IKS5A1/DataLogFusion/Src/iks5a1_mems_control.c:380:6:BSP_SENSOR_ACC_SetFullScale	16	static
C:/Users/bence/Downloads/x-cube-mems1/Projects/NUCLEO-F401RE/Applications/IKS5A1/DataLogFusion/Src/iks5a1_mems_control.c:390:6:BSP_SENSOR_GYR_SetFullScale	16	static
C:/Users/bence/Downloads/x-cube-mems1/Projects/NUCLEO-F401RE/Applications/IKS5A1/DataLogFusion/Src/iks5a1_mems_control.c:400:6:BSP_SENSOR_MAG_SetFullScale	16	static
C:/Users/bence/Downloads/x-cube-mems1/Projects/NUCLEO-F401RE/Applications/IKS5A1/DataLogFusion/Src/iks5a1_mems_control.c:410:6:BSP_SENSOR_ACC_GetFullScale	16	static
C:/Users/bence/Downloads/x-cube-mems1/Projects/NUCLEO-F401RE/Applications/IKS5A1/DataLogFusion/Src/iks5a1_mems_control.c:420:6:BSP_SENSOR_GYR_GetFullScale	16	static
C:/Users/bence/Downloads/x-cube-mems1/Projects/NUCLEO-F401RE/Applications/IKS5A1/DataLogFusion/Src/iks5a1_mems_control.c:430:6:BSP_SENSOR_MAG_GetFullScale	16	static
