C:/Users/bence/Downloads/x-cube-mems1/Projects/NUCLEO-F401RE/Applications/IKS5A1/DataLogFusion/Src/main.c:73:5:main	1
C:/Users/bence/Downloads/x-cube-mems1/Projects/NUCLEO-F401RE/Applications/IKS5A1/DataLogFusion/Src/main.c:122:6:SystemClock_Config	3
C:/Users/bence/Downloads/x-cube-mems1/Projects/NUCLEO-F401RE/Applications/IKS5A1/DataLogFusion/Src/main.c:170:13:MX_CRC_Init	2
C:/Users/bence/Downloads/x-cube-mems1/Projects/NUCLEO-F401RE/Applications/IKS5A1/DataLogFusion/Src/main.c:196:13:MX_RTC_Init	4
C:/Users/bence/Downloads/x-cube-mems1/Projects/NUCLEO-F401RE/Applications/IKS5A1/DataLogFusion/Src/main.c:259:6:MX_TIM3_Init	4
C:/Users/bence/Downloads/x-cube-mems1/Projects/NUCLEO-F401RE/Applications/IKS5A1/DataLogFusion/Src/main.c:302:13:MX_DMA_Init	1
C:/Users/bence/Downloads/x-cube-mems1/Projects/NUCLEO-F401RE/Applications/IKS5A1/DataLogFusion/Src/main.c:320:13:MX_GPIO_Init	1
C:/Users/bence/Downloads/x-cube-mems1/Projects/NUCLEO-F401RE/Applications/IKS5A1/DataLogFusion/Src/main.c:349:6:Error_Handler	1
