C:/Users/bence/Downloads/x-cube-mems1/Projects/NUCLEO-F401RE/Applications/IKS5A1/DataLogFusion/Src/motion_fx_manager.c:55:6:MotionFX_manager_init	8	static
C:/Users/bence/Downloads/x-cube-mems1/Projects/NUCLEO-F401RE/Applications/IKS5A1/DataLogFusion/Src/motion_fx_manager.c:91:6:MotionFX_manager_run	32	static
C:/Users/bence/Downloads/x-cube-mems1/Projects/NUCLEO-F401RE/Applications/IKS5A1/DataLogFusion/Src/motion_fx_manager.c:102:6:MotionFX_manager_start_6X	8	static
C:/Users/bence/Downloads/x-cube-mems1/Projects/NUCLEO-F401RE/Applications/IKS5A1/DataLogFusion/Src/motion_fx_manager.c:112:6:MotionFX_manager_stop_6X	8	static
C:/Users/bence/Downloads/x-cube-mems1/Projects/NUCLEO-F401RE/Applications/IKS5A1/DataLogFusion/Src/motion_fx_manager.c:122:6:MotionFX_manager_start_9X	8	static
C:/Users/bence/Downloads/x-cube-mems1/Projects/NUCLEO-F401RE/Applications/IKS5A1/DataLogFusion/Src/motion_fx_manager.c:132:6:MotionFX_manager_stop_9X	8	static
C:/Users/bence/Downloads/x-cube-mems1/Projects/NUCLEO-F401RE/Applications/IKS5A1/DataLogFusion/Src/motion_fx_manager.c:143:6:MotionFX_manager_get_version	16	static
C:/Users/bence/Downloads/x-cube-mems1/Projects/NUCLEO-F401RE/Applications/IKS5A1/DataLogFusion/Src/motion_fx_manager.c:153:6:MotionFX_manager_MagCal_run	16	static
C:/Users/bence/Downloads/x-cube-mems1/Projects/NUCLEO-F401RE/Applications/IKS5A1/DataLogFusion/Src/motion_fx_manager.c:164:6:MotionFX_manager_MagCal_start	16	static
C:/Users/bence/Downloads/x-cube-mems1/Projects/NUCLEO-F401RE/Applications/IKS5A1/DataLogFusion/Src/motion_fx_manager.c:174:6:MotionFX_manager_MagCal_stop	16	static
C:/Users/bence/Downloads/x-cube-mems1/Projects/NUCLEO-F401RE/Applications/IKS5A1/DataLogFusion/Src/motion_fx_manager.c:185:6:MotionFX_LoadMagCalFromNVM	16	static
C:/Users/bence/Downloads/x-cube-mems1/Projects/NUCLEO-F401RE/Applications/IKS5A1/DataLogFusion/Src/motion_fx_manager.c:196:6:MotionFX_SaveMagCalInNVM	16	static
